05-17 23:17:36.175 W/ActivityManager( 1681): Background start not allowed: service Intent { cmp=com.bilibili.app.in/com.bilibili.lib.infoeyes.InfoEyesLocalService (has extras) } to com.bilibili.app.in/com.bilibili.lib.infoeyes.InfoEyesLocalService from pid=4243 uid=10241 pkg=com.bilibili.app.in startFg?=false
05-17 23:17:38.545 D/ConnectivityService( 1681): NetReassign [no changes]
05-17 23:17:41.568 D/ConnectivityService( 1681): NetReassign [no changes]
05-17 23:17:41.588 D/ConnectivityService( 1681): releasing NetworkRequest [ REQUEST id=297, [ Transports: CELLULAR Capabilities: INTERNET&NOT_RESTRICTED&TRUSTED&NOT_VPN Uid: 10157 AdministratorUids: [] RequestorUid: 10157 RequestorPackageName: com.google.android.googlequicksearchbox] ] (release request)
05-17 23:17:43.926 I/vendor.google.wifi_ext@1.0-service-vendor(  995): Wifi: Reseting SAR Scenario to default
05-17 23:17:44.590 D/ConnectivityService( 1681): NetReassign [no changes]
05-17 23:18:05.791 I/chatty  ( 1681): uid=1000(system) ConnectivitySer identical 7 lines
05-17 23:18:08.819 D/ConnectivityService( 1681): NetReassign [no changes]
05-17 23:18:10.743 D/PowerUI ( 2202): can't show warning due to - plugged: true status unknown: false
05-17 23:18:11.857 D/ConnectivityService( 1681): NetReassign [no changes]
05-17 23:18:13.835 W/AppOps  ( 1681): Noting op not finished: uid 10143 pkg com.google.android.gms code 79 startTime of in progress event=1621260329888
05-17 23:18:13.843 W/AppOps  ( 1681): Noting op not finished: uid 10143 pkg com.google.android.gms code 79 startTime of in progress event=1621262830685
05-17 23:18:14.866 D/ConnectivityService( 1681): NetReassign [no changes]
05-17 23:18:17.904 D/ConnectivityService( 1681): NetReassign [no changes]
05-17 23:18:19.575 V/SoundTriggerService( 1681): 9f6ad62a-1f0b-11e7-87c5-40a8f03d3f15: Generic sound trigger event: GenericRecognitionEvent ::RecognitionEvent [status=0, soundModelHandle=12, captureAvailable=true, captureSession=753, captureDelayMs=0, capturePreambleMs=0, triggerInData=false, sampleRate=16000, encoding=2, channelMask=16, data=19]
05-17 23:18:19.580 V/SoundTriggerService( 1681): 9f6ad62a-1f0b-11e7-87c5-40a8f03d3f15: onServiceConnected(android.os.BinderProxy@275ec04)
05-17 23:18:19.581 V/SoundTriggerService( 1681): 9f6ad62a-1f0b-11e7-87c5-40a8f03d3f15: runOp 0
05-17 23:18:20.919 D/ConnectivityService( 1681): NetReassign [no changes]
05-17 23:18:21.009 I/ActivityTaskManager( 1681): START u0 {act=android.intent.action.MAIN cat=[android.intent.category.LAUNCHER] flg=0x10008000 cmp=com.android.settings/.Settings$UsbDetailsActivity} from uid 1000
05-17 23:18:21.039 V/SoundTriggerService( 1681): 9f6ad62a-1f0b-11e7-87c5-40a8f03d3f15: destroy
05-17 23:18:21.055 I/SoundTriggerService( 1681): loadGenericSoundModel(): id = 9f6ad62a-1f0b-11e7-87c5-40a8f03d3f15
05-17 23:18:21.061 I/SoundTriggerService( 1681): loadGenericSoundModel(): id = 9f6ad62a-1f0b-11e7-87c5-40a8f03d3f15
05-17 23:18:21.061 W/SoundTriggerHelper( 1681): Unload error: Attempting unload invalid generic model with id:9f6ad62a-1f0b-11e7-87c5-40a8f03d3f15
05-17 23:18:21.062 I/SoundTriggerService( 1681): startRecognition(): id = 9f6ad62a-1f0b-11e7-87c5-40a8f03d3f15
05-17 23:18:21.261 D/CompatibilityChangeReporter( 1681): Compat change id reported: 135634846; UID 1000; state: DISABLED
05-17 23:18:21.261 D/CompatibilityChangeReporter( 1681): Compat change id reported: 135754954; UID 1000; state: ENABLED
05-17 23:18:21.292 I/ActivityManager( 1681): Start proc 30895:com.android.settings/1000 for pre-top-activity {com.android.settings/com.android.settings.Settings$UsbDetailsActivity}
05-17 23:18:21.367 I/SoundTriggerHelper( 1681): startRecognition successful.
05-17 23:18:21.367 E/SoundTriggerService( 1681): error onStart(): Model 9f6ad62a-1f0b-11e7-87c5-40a8f03d3f15 already started
05-17 23:18:23.947 D/ConnectivityService( 1681): NetReassign [no changes]
05-17 23:18:26.630 I/UsbDeviceManager( 1681): Setting USB config to ptp
05-17 23:18:26.630 D/UsbDeviceManager( 1681): setUsbConfig(17) request:8
05-17 23:18:26.961 D/ConnectivityService( 1681): NetReassign [no changes]
05-17 23:18:27.255 E/UsbDeviceManager( 1681): notifyCurrentFunction request:8 status:0
05-17 23:18:27.678 D/UsbDeviceManager( 1681): Clear notification
05-17 23:18:27.681 D/UsbDeviceManager( 1681): push notification:PTP via USB turned on
05-17 23:18:27.688 W/UserManagerService( 1681): Cannot retrieve activities for disabled profile -1 from 0
05-17 23:18:27.796 D/ConnectivityService( 1681): NetReassign [no changes]
05-17 23:18:27.888 W/NotificationHistory( 1681): Attempted to add notif for locked/gone/disabled user 0
05-17 23:18:27.892 W/UserManagerService( 1681): Cannot retrieve activities for disabled profile -1 from 0
05-17 23:18:27.946 W/ActivityManager( 1681): Stopping service due to app idle: u0a257 -1h40m51s414ms com.huawei.welink/com.huawei.push.ImService
05-17 23:18:29.982 D/ConnectivityService( 1681): NetReassign [no changes]
05-17 23:18:33.010 D/ConnectivityService( 1681): NetReassign [no changes]
05-17 23:18:33.917 D/CompatibilityChangeReporter( 1681): Compat change id reported: 135634846; UID 10139; state: DISABLED
05-17 23:18:33.917 D/CompatibilityChangeReporter( 1681): Compat change id reported: 135754954; UID 10139; state: DISABLED
05-17 23:18:33.918 D/CompatibilityChangeReporter( 1681): Compat change id reported: 143937733; UID 10139; state: DISABLED
05-17 23:18:33.939 I/ActivityManager( 1681): Start proc 31154:com.google.android.apps.safetyhub/u0a139 for service {com.google.android.apps.safetyhub/androidx.work.impl.background.systemjob.SystemJobService}
05-17 23:18:36.032 D/ConnectivityService( 1681): NetReassign [no changes]
05-17 23:18:42.059 I/chatty  ( 1681): uid=1000(system) ConnectivitySer identical 2 lines
05-17 23:18:45.088 D/ConnectivityService( 1681): NetReassign [no changes]
05-17 23:18:45.184 E/SyncManager( 1681): SYNC_OP_STATE_INVALID: NOT_SYNCABLE
05-17 23:18:45.207 D/CompatibilityChangeReporter( 1681): Compat change id reported: 135634846; UID 10174; state: DISABLED
05-17 23:18:45.208 D/CompatibilityChangeReporter( 1681): Compat change id reported: 135754954; UID 10174; state: ENABLED
05-17 23:18:45.208 D/CompatibilityChangeReporter( 1681): Compat change id reported: 143937733; UID 10174; state: ENABLED
05-17 23:18:45.223 I/ActivityManager( 1681): Start proc 31234:com.google.android.gm/u0a174 for service {com.google.android.gm/com.google.android.gm.provider.MailSyncAdapterService}
05-17 23:18:45.862 E/ActivityThread(15554): Failed to find provider info for com.android.badge
05-17 23:18:46.269 D/ConnectivityService( 1681): requestNetwork for uid/pid:10174/31234 NetworkRequest [ TRACK_DEFAULT id=299, [ Capabilities: INTERNET&NOT_RESTRICTED&TRUSTED Uid: 10174 AdministratorUids: [] RequestorUid: 10174 RequestorPackageName: com.google.android.gm] ]
05-17 23:18:46.269 D/ConnectivityService( 1681): NetReassign [299 : null  101]
05-17 23:18:46.284 D/ConnectivityService( 1681): NetReassign [no changes]
05-17 23:18:48.100 I/chatty  ( 1681): uid=1000(system) ConnectivitySer identical 1 line
05-17 23:18:51.121 D/ConnectivityService( 1681): NetReassign [no changes]
05-17 23:18:53.578 W/ActivityManager( 1681): Background start not allowed: service Intent { cmp=com.bilibili.app.in/com.bilibili.lib.neuron.internal.NeuronLocalService (has extras) } to com.bilibili.app.in/com.bilibili.lib.neuron.internal.NeuronLocalService from pid=4243 uid=10241 pkg=com.bilibili.app.in startFg?=false
05-17 23:18:54.138 D/ConnectivityService( 1681): NetReassign [no changes]
05-17 23:18:57.160 I/chatty  ( 1681): uid=1000(system) ConnectivitySer identical 1 line
05-17 23:19:00.184 D/ConnectivityService( 1681): NetReassign [no changes]
05-17 23:19:01.292 W/ActivityManager( 1681): Background start not allowed: service Intent { cmp=com.bilibili.app.in/com.bilibili.lib.neuron.internal.NeuronLocalService (has extras) } to com.bilibili.app.in/com.bilibili.lib.neuron.internal.NeuronLocalService from pid=4243 uid=10241 pkg=com.bilibili.app.in startFg?=false
05-17 23:19:03.210 D/ConnectivityService( 1681): NetReassign [no changes]
05-17 23:19:06.222 D/ConnectivityService( 1681): NetReassign [no changes]
05-17 23:19:07.199 W/ActivityManager( 1681): Background start not allowed: service Intent { cmp=com.bilibili.app.in/com.bilibili.lib.neuron.internal.NeuronLocalService (has extras) } to com.bilibili.app.in/com.bilibili.lib.neuron.internal.NeuronLocalService from pid=4243 uid=10241 pkg=com.bilibili.app.in startFg?=false
05-17 23:19:07.669 D/ScreenshotSmartActions(30460): Screenshot from user profile: 0
05-17 23:19:08.152 D/ScreenshotSmartActions(30460): Got 0 smart actions. Wait time: 111 ms
05-17 23:19:09.241 D/ConnectivityService( 1681): NetReassign [no changes]
05-17 23:19:10.744 D/PowerUI ( 2202): can't show warning due to - plugged: true status unknown: false
05-17 23:19:12.261 D/ConnectivityService( 1681): NetReassign [no changes]
05-17 23:19:15.268 D/ConnectivityService( 1681): NetReassign [no changes]
05-17 23:19:17.720 D/CompatibilityChangeReporter( 1681): Compat change id reported: 149924527; UID 10252; state: ENABLED
05-17 23:19:17.722 D/CompatibilityChangeReporter( 1681): Compat change id reported: 132649864; UID 10252; state: DISABLED
05-17 23:19:18.297 D/ConnectivityService( 1681): NetReassign [no changes]
05-17 23:19:21.322 I/chatty  ( 1681): uid=1000(system) ConnectivitySer identical 1 line
05-17 23:19:24.325 D/ConnectivityService( 1681): NetReassign [no changes]
05-17 23:19:24.905 I/ActivityTaskManager( 1681): START u0 {act=android.intent.action.MAIN cat=[android.intent.category.LAUNCHER] flg=0x10200000 cmp=com.huawei.welink/huawei.w3.ui.welcome.W3SplashScreenActivity bnds=[842,1139][1043,1466]} from uid 10201
05-17 23:19:24.922 W/ActivityTaskManager( 1681): Tried to set launchTime (0) < mLastActivityLaunchTime (6525899)
05-17 23:19:25.705 I/vendor.google.wifi_ext@1.0-service-vendor(  995): Wifi: Setting SAR Scenario to 3
05-17 23:19:27.091 D/ConnectivityService( 1681): requestNetwork for uid/pid:10157/3394 NetworkRequest [ REQUEST id=301, [ Transports: CELLULAR Capabilities: INTERNET&NOT_RESTRICTED&TRUSTED&NOT_VPN Uid: 10157 AdministratorUids: [] RequestorUid: 10157 RequestorPackageName: com.google.android.googlequicksearchbox] ]
05-17 23:19:27.092 D/ConnectivityService( 1681): NetReassign [301 : null  100]
05-17 23:19:27.093 D/ConnectivityService( 1681): reportNetworkConnectivity(101, false) by 10157
05-17 23:19:27.336 D/ConnectivityService( 1681): NetReassign [no changes]
05-17 23:19:27.357 W/BroadcastQueue( 1681): Background execution not allowed: receiving Intent { act=android.net.conn.NETWORK_CONDITIONS_MEASURED flg=0x10 (has extras) } to com.google.android.gms/.chimera.GmsIntentOperationService$PersistentTrustedReceiver
05-17 23:19:27.358 D/ConnectivityService( 1681): [101 WIFI] validation passed
05-17 23:19:28.703 I/ActivityTaskManager( 1681): START u0 {cmp=com.huawei.welink/com.huawei.hwespace.module.chat.ui.SmartTipsPreviewActivity (has extras)} from uid 10257
05-17 23:19:28.720 W/ActivityTaskManager( 1681): Tried to set launchTime (0) < mLastActivityLaunchTime (6665830)
05-17 23:19:30.349 D/ConnectivityService( 1681): NetReassign [no changes]
05-17 23:19:33.365 I/chatty  ( 1681): uid=1000(system) ConnectivitySer identical 1 line
05-17 23:19:36.394 D/ConnectivityService( 1681): NetReassign [no changes]
05-17 23:19:37.736 I/ActivityTaskManager( 1681): START u0 {act=android.content.pm.action.REQUEST_PERMISSIONS pkg=com.google.android.permissioncontroller cmp=com.google.android.permissioncontroller/com.android.permissioncontroller.permission.ui.GrantPermissionsActivity (has extras)} from uid 10257
05-17 23:19:37.776 D/CompatibilityChangeReporter( 1681): Compat change id reported: 135634846; UID 10219; state: DISABLED
05-17 23:19:37.776 D/CompatibilityChangeReporter( 1681): Compat change id reported: 135754954; UID 10219; state: DISABLED
05-17 23:19:37.777 D/CompatibilityChangeReporter( 1681): Compat change id reported: 143937733; UID 10219; state: DISABLED
05-17 23:19:37.799 I/ActivityManager( 1681): Start proc 31654:com.google.android.permissioncontroller/u0a219 for pre-top-activity {com.google.android.permissioncontroller/com.android.permissioncontroller.permission.ui.GrantPermissionsActivity}
05-17 23:19:39.406 D/ConnectivityService( 1681): NetReassign [no changes]
05-17 23:19:40.183 I/ActivityTaskManager( 1681): START u0 {cmp=com.huawei.welink/com.huawei.it.w3m.widget.camera.ui.CameraActivity (has extras)} from uid 10257
05-17 23:19:40.231 W/ActivityTaskManager( 1681): Tried to set launchTime (0) < mLastActivityLaunchTime (6669627)
05-17 23:19:41.059 I/ActivityManager( 1681): Process com.qualcomm.telephony (pid 13937) has died: cch+99 SVC 
05-17 23:19:41.060 W/ActivityManager( 1681): Scheduling restart of crashed service com.qualcomm.atfwd/.AtFwdService in 1000ms for start-requested
05-17 23:19:41.145 I/ActivityManager( 1681): Process com.google.android.webview:webview_service (pid 23969) has died: cch+99 CEM 
05-17 23:19:41.223 D/ConnectivityService( 1681): ConnectivityService NetworkRequestInfo binderDied(NetworkRequest [ TRACK_DEFAULT id=284, [ Capabilities: INTERNET&NOT_RESTRICTED&TRUSTED Uid: 10241 AdministratorUids: [] RequestorUid: 10241 RequestorPackageName: com.bilibili.app.in] ], android.os.BinderProxy@a38bbdf)
05-17 23:19:41.223 D/ConnectivityService( 1681): releasing NetworkRequest [ TRACK_DEFAULT id=284, [ Capabilities: INTERNET&NOT_RESTRICTED&TRUSTED Uid: 10241 AdministratorUids: [] RequestorUid: 10241 RequestorPackageName: com.bilibili.app.in] ] (release request)
05-17 23:19:41.223 D/ConnectivityService( 1681): ConnectivityService NetworkRequestInfo binderDied(NetworkRequest [ LISTEN id=285, [ Capabilities: INTERNET&NOT_RESTRICTED&TRUSTED Uid: 10241 AdministratorUids: [] RequestorUid: 10241 RequestorPackageName: com.bilibili.app.in] ], android.os.BinderProxy@e0202c)
05-17 23:19:41.224 D/ConnectivityService( 1681): ConnectivityService NetworkRequestInfo binderDied(NetworkRequest [ LISTEN id=283, [ Capabilities: INTERNET&NOT_RESTRICTED&TRUSTED Uid: 10241 AdministratorUids: [] RequestorUid: 10241 RequestorPackageName: com.bilibili.app.in] ], android.os.BinderProxy@7434af5)
05-17 23:19:41.224 D/ConnectivityService( 1681): ConnectivityService NetworkRequestInfo binderDied(NetworkRequest [ TRACK_DEFAULT id=282, [ Capabilities: INTERNET&NOT_RESTRICTED&TRUSTED Uid: 10241 AdministratorUids: [] RequestorUid: 10241 RequestorPackageName: com.bilibili.app.in] ], android.os.BinderProxy@6fbc08a)
05-17 23:19:41.224 D/ConnectivityService( 1681): releasing NetworkRequest [ TRACK_DEFAULT id=282, [ Capabilities: INTERNET&NOT_RESTRICTED&TRUSTED Uid: 10241 AdministratorUids: [] RequestorUid: 10241 RequestorPackageName: com.bilibili.app.in] ] (release request)
05-17 23:19:41.224 I/ActivityManager( 1681): Process com.bilibili.app.in:web (pid 23914) has died: cch+99 CEM 
05-17 23:19:41.229 I/ActivityManager( 1681): Killing 23991:com.google.android.webview:sandboxed_process0:org.chromium.content.app.SandboxedProcessService0:0/u0a241i20 (adj 0): isolated not needed
05-17 23:19:41.232 W/ActivityManager( 1681): setHasOverlayUi called on unknown pid: 23914
05-17 23:19:42.063 D/CompatibilityChangeReporter( 1681): Compat change id reported: 135634846; UID 10215; state: DISABLED
05-17 23:19:42.063 D/CompatibilityChangeReporter( 1681): Compat change id reported: 135754954; UID 10215; state: DISABLED
05-17 23:19:42.064 D/CompatibilityChangeReporter( 1681): Compat change id reported: 143937733; UID 10215; state: DISABLED
05-17 23:19:42.096 I/ActivityManager( 1681): Start proc 31776:com.qualcomm.telephony/u0a215 for service {com.qualcomm.atfwd/com.qualcomm.atfwd.AtFwdService}
05-17 23:19:42.428 D/ConnectivityService( 1681): NetReassign [no changes]
05-17 23:19:45.448 D/ConnectivityService( 1681): NetReassign [no changes]
05-17 23:19:47.054 W/Looper  ( 1681): Slow dispatch took 5006ms android.fg h=android.os.Handler c=java.util.concurrent.FutureTask@4e9d53e m=0
05-17 23:19:47.054 W/Looper  ( 1681): Slow delivery took 4936ms android.fg h=android.os.Handler c=com.android.server.location.-$$Lambda$AppForegroundHelper$7asxY_maANt1D_AUTchqbCjktH0@27cdf9f m=0
05-17 23:19:48.464 D/ConnectivityService( 1681): NetReassign [no changes]
05-17 23:19:51.481 D/ConnectivityService( 1681): NetReassign [no changes]
05-17 23:19:53.099 D/NotificationService( 1681): 0|com.tencent.mm|1594674064|null|10231: granting content://settings/system/notification_sound
05-17 23:19:53.099 I/chatty  ( 1681): uid=1000(system) Binder:1681_3 identical 3 lines
05-17 23:19:53.099 D/NotificationService( 1681): 0|com.tencent.mm|1594674064|null|10231: granting content://settings/system/notification_sound
05-17 23:19:53.100 W/NotificationHistory( 1681): Attempted to add notif for locked/gone/disabled user 0
05-17 23:19:53.180 W/Looper  ( 1681): Drained
05-17 23:19:54.518 D/ConnectivityService( 1681): NetReassign [no changes]
05-17 23:20:03.573 I/chatty  ( 1681): uid=1000(system) ConnectivitySer identical 3 lines
05-17 23:20:06.593 D/ConnectivityService( 1681): NetReassign [no changes]
05-17 23:20:07.123 D/ConnectivityService( 1681): releasing NetworkRequest [ REQUEST id=301, [ Transports: CELLULAR Capabilities: INTERNET&NOT_RESTRICTED&TRUSTED&NOT_VPN Uid: 10157 AdministratorUids: [] RequestorUid: 10157 RequestorPackageName: com.google.android.googlequicksearchbox] ] (release request)
05-17 23:20:09.614 D/ConnectivityService( 1681): NetReassign [no changes]
05-17 23:20:10.771 D/PowerUI ( 2202): can't show warning due to - plugged: true status unknown: false
05-17 23:20:12.635 D/ConnectivityService( 1681): NetReassign [no changes]
05-17 23:20:30.767 I/chatty  ( 1681): uid=1000(system) ConnectivitySer identical 6 lines
05-17 23:20:33.788 D/ConnectivityService( 1681): NetReassign [no changes]
05-17 23:20:34.926 D/ConnectivityService( 1681): reportNetworkConnectivity(101, false) by 10143
05-17 23:20:35.224 W/BroadcastQueue( 1681): Background execution not allowed: receiving Intent { act=android.net.conn.NETWORK_CONDITIONS_MEASURED flg=0x10 (has extras) } to com.google.android.gms/.chimera.GmsIntentOperationService$PersistentTrustedReceiver
05-17 23:20:35.226 D/ConnectivityService( 1681): [101 WIFI] validation passed
05-17 23:20:36.808 D/ConnectivityService( 1681): NetReassign [no changes]
05-17 23:20:39.825 D/ConnectivityService( 1681): NetReassign [no changes]
05-17 23:20:42.418 I/ActivityTaskManager( 1681): START u0 {act=com.huawei.espace.module.chat.chatfragment flg=0x10000000 cmp=com.huawei.welink/com.huawei.hwespace.module.chat.ui.ChatActivity (has extras)} from uid 10257
05-17 23:20:42.427 W/ActivityTaskManager( 1681): Tried to set launchTime (0) < mLastActivityLaunchTime (6681138)
05-17 23:20:42.635 D/ContentCapturePerUserService( 1681): Notified activity assist data for activity: Token{3a69065 ActivityRecord{108713a u0 com.huawei.welink/com.huawei.hwespace.module.chat.ui.ChatActivity t5427}} without a session Id
05-17 23:20:42.836 D/ConnectivityService( 1681): NetReassign [no changes]
05-17 23:20:51.905 I/chatty  ( 1681): uid=1000(system) ConnectivitySer identical 3 lines
05-17 23:20:54.939 D/ConnectivityService( 1681): NetReassign [no changes]
05-17 23:20:57.345 I/Telecom ( 1681): CallAudioRouteStateMachine: Message received: SPEAKER_ON=1006, arg1=0: CARSM.mSPCR->CARSM.pM_SPEAKER_ON@A6Y
05-17 23:20:57.349 I/Telecom ( 1681): QuiescentEarpieceRoute: Processing message SPEAKER_ON: CARSM.mSPCR->CARSM.pM_SPEAKER_ON@A6Y
05-17 23:20:57.961 D/ConnectivityService( 1681): NetReassign [no changes]
05-17 23:20:59.450 W/AutofillInlineSuggestionsRequestSession( 1681): Never received an InlineSuggestionsRequest from the IME for 1073741824@107133371
05-17 23:21:00.048 W/Looper  ( 1681): Slow dispatch took 5003ms android.fg h=android.os.Handler c=java.util.concurrent.FutureTask@c41d9d2 m=0
05-17 23:21:00.051 W/Looper  ( 1681): Slow delivery took 4999ms android.fg h=android.os.Handler c=com.android.server.location.-$$Lambda$AppForegroundHelper$7asxY_maANt1D_AUTchqbCjktH0@2d3eaa3 m=0
05-17 23:21:00.051 W/Looper  ( 1681): Drained
05-17 23:21:00.980 D/ConnectivityService( 1681): NetReassign [no changes]
05-17 23:21:07.024 I/chatty  ( 1681): uid=1000(system) ConnectivitySer identical 2 lines
05-17 23:21:10.048 D/ConnectivityService( 1681): NetReassign [no changes]
05-17 23:21:10.743 D/PowerUI ( 2202): can't show warning due to - plugged: true status unknown: false
05-17 23:21:13.068 D/ConnectivityService( 1681): NetReassign [no changes]
05-17 23:21:22.128 I/chatty  ( 1681): uid=1000(system) ConnectivitySer identical 3 lines
05-17 23:21:25.181 D/ConnectivityService( 1681): NetReassign [no changes]
05-17 23:21:27.395 D/CompatibilityChangeReporter( 1681): Compat change id reported: 149924527; UID 10231; state: ENABLED
05-17 23:21:27.396 D/CompatibilityChangeReporter( 1681): Compat change id reported: 132649864; UID 10231; state: DISABLED
05-17 23:21:28.201 D/ConnectivityService( 1681): NetReassign [no changes]
05-17 23:21:28.596 I/ActivityTaskManager( 1681): START u0 {flg=0x4000000 cmp=com.tencent.mm/.plugin.gallery.ui.AlbumPreviewUI (has extras)} from uid 10231
05-17 23:21:28.715 W/ActivityTaskManager( 1681): Tried to set launchTime (0) < mLastActivityLaunchTime (6257226)
05-17 23:21:28.802 E/ActivityThread( 4421): Failed to find provider info for com.open.gallery.smart.provider
05-17 23:21:28.803 E/ActivityThread( 4421): Failed to find provider info for com.open.gallery.smart.provider
05-17 23:21:29.034 E/ActivityThread( 4421): Failed to find provider info for com.open.gallery.smart.provider
05-17 23:21:29.511 D/NotificationService( 1681): 0|com.huawei.welink|3452698|com.huawei.works.im_zhongkun@d269553246|10257: granting content://settings/system/notification_sound
05-17 23:21:29.515 I/chatty  ( 1681): uid=1000(system) Binder:1681_3 identical 3 lines
05-17 23:21:29.515 D/NotificationService( 1681): 0|com.huawei.welink|3452698|com.huawei.works.im_zhongkun@d269553246|10257: granting content://settings/system/notification_sound
05-17 23:21:29.516 W/NotificationHistory( 1681): Attempted to add notif for locked/gone/disabled user 0
05-17 23:21:30.010 E/NotificationService( 1681): No vibration for canceled notification : 0|com.huawei.welink|3452698|com.huawei.works.im_zhongkun@d269553246|10257
05-17 23:21:31.223 D/ConnectivityService( 1681): NetReassign [no changes]
05-17 23:21:33.790 W/AppOps  ( 1681): Noting op not finished: uid 10120 pkg com.google.android.apps.scone code 79 startTime of in progress event=1621258493187
05-17 23:21:34.246 D/ConnectivityService( 1681): NetReassign [no changes]
05-17 23:21:36.951 W/AppOps  ( 1681): Noting op not finished: uid 10120 pkg com.google.android.apps.scone code 79 startTime of in progress event=1621258493187
05-17 23:21:37.264 D/ConnectivityService( 1681): NetReassign [no changes]
05-17 23:21:43.290 I/chatty  ( 1681): uid=1000(system) ConnectivitySer identical 2 lines
05-17 23:21:46.304 D/ConnectivityService( 1681): NetReassign [no changes]
05-17 23:21:46.557 I/ActivityTaskManager( 1681): START u0 {act=com.huawei.espace.module.chat.chatfragment cmp=com.huawei.welink/com.huawei.hwespace.module.chat.ui.ChatActivity (has extras)} from uid 10257
05-17 23:21:46.564 W/ActivityTaskManager( 1681): Tried to set launchTime (0) < mLastActivityLaunchTime (6743334)
05-17 23:21:46.917 D/ContentCapturePerUserService( 1681): Notified activity assist data for activity: Token{13f150a ActivityRecord{1317b u0 com.huawei.welink/com.huawei.hwespace.module.chat.ui.ChatActivity t5427}} without a session Id
05-17 23:21:49.327 D/ConnectivityService( 1681): NetReassign [no changes]
05-17 23:21:52.338 I/chatty  ( 1681): uid=1000(system) ConnectivitySer identical 1 line
05-17 23:21:55.361 D/ConnectivityService( 1681): NetReassign [no changes]
05-17 23:21:56.966 I/ActivityManager( 1681): Killing 24640:com.google.android.apps.walletnfcrel/u0a236 (adj 995): empty for 1801s
05-17 23:21:56.999 D/ConnectivityService( 1681): ConnectivityService NetworkRequestInfo binderDied(NetworkRequest [ TRACK_DEFAULT id=287, [ Capabilities: INTERNET&NOT_RESTRICTED&TRUSTED Uid: 10236 AdministratorUids: [] RequestorUid: 10236 RequestorPackageName: com.google.android.apps.walletnfcrel] ], android.os.BinderProxy@be8159c)
05-17 23:21:57.000 D/ConnectivityService( 1681): releasing NetworkRequest [ TRACK_DEFAULT id=287, [ Capabilities: INTERNET&NOT_RESTRICTED&TRUSTED Uid: 10236 AdministratorUids: [] RequestorUid: 10236 RequestorPackageName: com.google.android.apps.walletnfcrel] ] (release request)
05-17 23:21:58.378 D/ConnectivityService( 1681): NetReassign [no changes]
05-17 23:22:07.443 I/chatty  ( 1681): uid=1000(system) ConnectivitySer identical 3 lines
05-17 23:22:10.467 D/ConnectivityService( 1681): NetReassign [no changes]
05-17 23:22:10.734 D/PowerUI ( 2202): can't show warning due to - plugged: true status unknown: false
05-17 23:22:13.292 I/vendor.google.wifi_ext@1.0-service-vendor(  995): Wifi: Reseting SAR Scenario to default
05-17 23:22:13.498 D/ConnectivityService( 1681): NetReassign [no changes]
05-17 23:22:14.671 W/AppOps  ( 1681): Noting op not finished: uid 10143 pkg com.google.android.gms code 79 startTime of in progress event=1621260329888
05-17 23:22:14.678 W/AppOps  ( 1681): Noting op not finished: uid 10143 pkg com.google.android.gms code 79 startTime of in progress event=1621262830685
05-17 23:22:16.512 D/ConnectivityService( 1681): NetReassign [no changes]
05-17 23:22:34.680 I/chatty  ( 1681): uid=1000(system) ConnectivitySer identical 6 lines
05-17 23:22:37.710 D/ConnectivityService( 1681): NetReassign [no changes]
05-17 23:22:38.198 V/SoundTriggerService( 1681): 9f6ad62a-1f0b-11e7-87c5-40a8f03d3f15: Generic sound trigger event: GenericRecognitionEvent ::RecognitionEvent [status=0, soundModelHandle=13, captureAvailable=true, captureSession=937, captureDelayMs=0, capturePreambleMs=0, triggerInData=false, sampleRate=16000, encoding=2, channelMask=16, data=19]
05-17 23:22:38.205 V/SoundTriggerService( 1681): 9f6ad62a-1f0b-11e7-87c5-40a8f03d3f15: onServiceConnected(android.os.BinderProxy@8d3ffe3)
05-17 23:22:38.208 V/SoundTriggerService( 1681): 9f6ad62a-1f0b-11e7-87c5-40a8f03d3f15: runOp 0
05-17 23:22:40.724 D/ConnectivityService( 1681): NetReassign [no changes]
05-17 23:22:40.812 V/SoundTriggerService( 1681): 9f6ad62a-1f0b-11e7-87c5-40a8f03d3f15: destroy
05-17 23:22:40.812 I/SoundTriggerService( 1681): startRecognition(): id = 9f6ad62a-1f0b-11e7-87c5-40a8f03d3f15
05-17 23:22:40.813 W/SoundTriggerHelper( 1681): Canceling previous recognition for model id: 9f6ad62a-1f0b-11e7-87c5-40a8f03d3f15
05-17 23:22:40.813 V/SoundTriggerService( 1681): 9f6ad62a-1f0b-11e7-87c5-40a8f03d3f15: onError: -2147483648
05-17 23:22:40.818 W/SoundTriggerService( 1681): 9f6ad62a-1f0b-11e7-87c5-40a8f03d3f15: Dropped operation as already destroyed or marked for destruction
05-17 23:22:40.878 I/SoundTriggerHelper( 1681): startRecognition successful.
05-17 23:22:40.878 E/SoundTriggerService( 1681): error onStart(): Model 9f6ad62a-1f0b-11e7-87c5-40a8f03d3f15 already started
05-17 23:22:41.352 D/PowerUI ( 2202): can't show warning due to - plugged: true status unknown: false
05-17 23:22:43.753 D/ConnectivityService( 1681): NetReassign [no changes]
05-17 23:23:04.932 I/chatty  ( 1681): uid=1000(system) ConnectivitySer identical 7 lines
05-17 23:23:07.953 D/ConnectivityService( 1681): NetReassign [no changes]
05-17 23:23:10.755 D/PowerUI ( 2202): can't show warning due to - plugged: true status unknown: false
05-17 23:23:10.978 D/ConnectivityService( 1681): NetReassign [no changes]
05-17 23:23:11.403 W/ActivityManager( 1681): Stopping service due to app idle: u0a257 -1h45m34s871ms com.huawei.welink/com.huawei.push.ImService
05-17 23:23:11.757 I/ActivityManager( 1681): Killing 29968:com.huawei.welink:push/u0a257 (adj 500): one-time permission revoked
05-17 23:23:11.761 W/ActivityManager( 1681): Scheduling restart of crashed service com.huawei.welink/huawei.w3.push.reciever.PushLocalService in 1000ms for connection
05-17 23:23:11.761 W/ActivityManager( 1681): Scheduling restart of crashed service com.huawei.welink/com.huawei.push.ImService in 10999ms for connection
05-17 23:23:11.763 I/ActivityManager( 1681): Killing 29834:com.huawei.welink/u0a257 (adj 700): one-time permission revoked
05-17 23:23:12.051 I/WindowManager( 1681): WIN DEATH: Window{ef04720 u0 com.huawei.welink/huawei.w3.MainActivity}
05-17 23:23:12.054 W/WindowManager( 1681): Cannot find window which accessibility connection is added to
05-17 23:23:12.054 W/ActivityManager( 1681): setHasOverlayUi called on unknown pid: 29834
05-17 23:23:13.543 W/Looper  ( 1681): Slow dispatch took 5003ms android.fg h=android.os.Handler c=java.util.concurrent.FutureTask@e0e1f07 m=0
05-17 23:23:13.543 W/Looper  ( 1681): Slow delivery took 2798ms android.fg h=com.android.server.usb.UsbDeviceManager$UsbHandlerHal c=null m=9
05-17 23:23:13.555 W/Looper  ( 1681): Drained
05-17 23:23:13.998 D/ConnectivityService( 1681): NetReassign [no changes]
05-17 23:23:17.010 D/ConnectivityService( 1681): NetReassign [no changes]
05-17 23:23:18.559 W/Looper  ( 1681): Slow dispatch took 5003ms android.fg h=android.os.Handler c=java.util.concurrent.FutureTask@9eaceef m=0
05-17 23:23:18.560 W/Looper  ( 1681): Slow delivery took 5012ms android.fg h=android.os.Handler c=com.android.server.location.gnss.-$$Lambda$GnssVisibilityControl$aXU5oxv5Ht00C9f_pyOZ-ZLUvq8@fe11dfc m=0
05-17 23:23:18.571 W/Looper  ( 1681): Drained
05-17 23:23:19.788 D/CompatibilityChangeReporter( 1681): Compat change id reported: 135634846; UID 10257; state: DISABLED
05-17 23:23:19.789 D/CompatibilityChangeReporter( 1681): Compat change id reported: 143937733; UID 10257; state: DISABLED
05-17 23:23:19.822 I/ActivityManager( 1681): Start proc 32520:com.huawei.welink/u0a257 for pre-top-activity {com.huawei.welink/huawei.w3.MainActivity}
05-17 23:23:19.954 D/CompatibilityChangeReporter( 1681): Compat change id reported: 135634846; UID 10257; state: DISABLED
05-17 23:23:19.954 D/CompatibilityChangeReporter( 1681): Compat change id reported: 143937733; UID 10257; state: DISABLED
05-17 23:23:19.962 I/ActivityManager( 1681): Start proc 32542:com.huawei.welink:hotfix/u0a257 for content provider {com.huawei.welink/com.huawei.welink.hotfix.patch.repository.Providers}
05-17 23:23:20.025 D/ConnectivityService( 1681): NetReassign [no changes]
05-17 23:23:20.173 D/ActivityThread(32520): Loading provider com.huawei.welink.LoginInfoProvider: com.huawei.it.w3m.core.login.info.LoginInfoProvider
05-17 23:23:20.275 I/ActivityTaskManager( 1681): START u0 {act=android.intent.action.VIEW dat=hwwelink://com.huawei.welink flg=0x10008000 cmp=com.huawei.welink/huawei.w3.ui.welcome.W3SplashScreenActivity (has extras)} from uid 10257
05-17 23:23:20.326 I/ActivityManager( 1681): Process com.huawei.welink (pid 32520) has died: fg  TOP 
05-17 23:23:20.328 E/FrameworkListener(  929): read() failed (Connection reset by peer)
05-17 23:23:20.333 D/CompatibilityChangeReporter( 1681): Compat change id reported: 135634846; UID 10257; state: DISABLED
05-17 23:23:20.335 D/CompatibilityChangeReporter( 1681): Compat change id reported: 143937733; UID 10257; state: DISABLED
05-17 23:23:20.340 E/FrameworkListener(  929): read() failed (Connection reset by peer)
05-17 23:23:20.341 I/ActivityManager( 1681): Process com.huawei.welink:hotfix (pid 32542) has died: cch+15 CEM 
05-17 23:23:20.354 I/ActivityManager( 1681): Start proc 32608:com.huawei.welink/u0a257 for top-activity {com.huawei.welink/huawei.w3.ui.welcome.W3SplashScreenActivity}
05-17 23:23:20.426 D/CompatibilityChangeReporter( 1681): Compat change id reported: 135634846; UID 10257; state: DISABLED
05-17 23:23:20.426 D/CompatibilityChangeReporter( 1681): Compat change id reported: 143937733; UID 10257; state: DISABLED
05-17 23:23:20.438 I/ActivityManager( 1681): Start proc 32627:com.huawei.welink:hotfix/u0a257 for content provider {com.huawei.welink/com.huawei.welink.hotfix.patch.repository.Providers}
05-17 23:23:20.585 D/ActivityThread(32608): Loading provider com.huawei.welink.LoginInfoProvider: com.huawei.it.w3m.core.login.info.LoginInfoProvider
05-17 23:23:20.685 D/CompatibilityChangeReporter( 1681): Compat change id reported: 135634846; UID 10257; state: DISABLED
05-17 23:23:20.686 D/CompatibilityChangeReporter( 1681): Compat change id reported: 143937733; UID 10257; state: DISABLED
05-17 23:23:20.714 I/ActivityManager( 1681): Start proc 32708:com.huawei.welink:push/u0a257 for service {com.huawei.welink/huawei.w3.push.reciever.PushLocalService}
05-17 23:23:20.731 D/CompatibilityChangeReporter( 1681): Compat change id reported: 136274596; UID 10257; state: DISABLED
05-17 23:23:20.791 W/ActivityTaskManager( 1681): Activity top resumed state loss timeout for ActivityRecord{8478d4c u0 com.huawei.welink/huawei.w3.MainActivity t-1 f}}
05-17 23:23:20.901 W/BroadcastQueue( 1681): Permission Denial: broadcasting Intent { act=android.media.SCO_AUDIO_STATE_CHANGED flg=0x10000010 (has extras) } from null (pid=-1, uid=-1) requires android.permission.BLUETOOTH due to registered receiver BroadcastFilter{55c2c7b 10257/u0 ReceiverList{58d1c0a 32608 com.huawei.welink/10257/u0 remote:51ae475}}
05-17 23:23:20.902 I/ActivityTaskManager( 1681): START u0 {cmp=com.huawei.welink/huawei.w3.MainActivity (has extras)} from uid 10257
05-17 23:23:20.947 W/ActivityTaskManager( 1681): Tried to set launchTime (0) < mLastActivityLaunchTime (6901276)
05-17 23:23:21.519 D/CompatibilityChangeReporter( 1681): Compat change id reported: 135634846; UID 10257; state: DISABLED
05-17 23:23:21.520 D/CompatibilityChangeReporter( 1681): Compat change id reported: 143937733; UID 10257; state: ENABLED
05-17 23:23:21.537 I/ActivityManager( 1681): Start proc 688:com.google.android.webview:sandboxed_process0:org.chromium.content.app.SandboxedProcessService0:0/u0i21 for  {com.huawei.welink/org.chromium.content.app.SandboxedProcessService0:0}
05-17 23:23:21.569 D/CompatibilityChangeReporter( 1681): Compat change id reported: 136274596; UID 10257; state: DISABLED
05-17 23:23:21.734 D/ConnectivityService( 1681): requestNetwork for uid/pid:10257/32608 NetworkRequest [ TRACK_DEFAULT id=302, [ Capabilities: INTERNET&NOT_RESTRICTED&TRUSTED Uid: 10257 AdministratorUids: [] RequestorUid: 10257 RequestorPackageName: com.huawei.welink] ]
05-17 23:23:21.734 D/ConnectivityService( 1681): NetReassign [302 : null  101]
05-17 23:23:21.737 D/ConnectivityService( 1681): NetReassign [no changes]
05-17 23:23:22.071 W/BroadcastQueue( 1681): Permission Denial: broadcasting Intent { act=android.net.conn.CONNECTIVITY_CHANGE flg=0x4200010 (has extras) } from null (pid=-1, uid=-1) requires com.huawei.permission due to registered receiver BroadcastFilter{4c84f83 10257/u0 ReceiverList{274632 32608 com.huawei.welink/10257/u0 remote:f883e3d}}
05-17 23:23:23.041 D/ConnectivityService( 1681): NetReassign [no changes]
05-17 23:23:24.111 D/ConnectivityService( 1681): releasing NetworkRequest [ TRACK_DEFAULT id=302, [ Capabilities: INTERNET&NOT_RESTRICTED&TRUSTED Uid: 10257 AdministratorUids: [] RequestorUid: 10257 RequestorPackageName: com.huawei.welink] ] (release request)
05-17 23:23:24.153 W/Looper  ( 1681): Slow dispatch took 5001ms android.fg h=android.os.Handler c=java.util.concurrent.FutureTask@e74e225 m=0
05-17 23:23:24.153 W/Looper  ( 1681): Slow delivery took 4992ms android.fg h=android.os.Handler c=android.app.-$$Lambda$LoadedApk$ReceiverDispatcher$Args$_BumDX2UKsnxLVrE6UJsJZkotuA@249bffa m=0
05-17 23:23:24.153 W/Looper  ( 1681): Drained
05-17 23:23:26.050 D/ConnectivityService( 1681): NetReassign [no changes]
05-17 23:23:27.927 I/vendor.google.wifi_ext@1.0-service-vendor(  995): Wifi: Setting SAR Scenario to 3
05-17 23:23:29.059 D/ConnectivityService( 1681): NetReassign [no changes]
05-17 23:23:32.079 D/ConnectivityService( 1681): NetReassign [no changes]
05-17 23:23:32.209 I/ActivityManager( 1681): Process com.huawei.welink:hotfix (pid 32627) has died: prev LAST
05-17 23:23:35.106 D/ConnectivityService( 1681): NetReassign [no changes]
05-17 23:23:38.129 D/ConnectivityService( 1681): NetReassign [no changes]
05-17 23:23:40.124 I/vendor.google.wifi_ext@1.0-service-vendor(  995): Wifi: Reseting SAR Scenario to default
05-17 23:23:40.768 E/ActivityThread(15554): Failed to find provider info for com.android.badge
05-17 23:23:41.151 D/ConnectivityService( 1681): NetReassign [no changes]
05-17 23:23:59.284 I/chatty  ( 1681): uid=1000(system) ConnectivitySer identical 6 lines
05-17 23:24:02.297 D/ConnectivityService( 1681): NetReassign [no changes]
05-17 23:24:04.904 I/vendor.google.wifi_ext@1.0-service-vendor(  995): Wifi: Setting SAR Scenario to 3
05-17 23:24:04.931 D/CompatibilityChangeReporter( 1681): Compat change id reported: 135634846; UID 10192; state: DISABLED
05-17 23:24:04.932 D/CompatibilityChangeReporter( 1681): Compat change id reported: 135754954; UID 10192; state: ENABLED
05-17 23:24:04.932 D/CompatibilityChangeReporter( 1681): Compat change id reported: 143937733; UID 10192; state: ENABLED
05-17 23:24:04.947 I/ActivityManager( 1681): Start proc 1471:com.google.android.apps.work.clouddpc/u0a192 for service {com.google.android.apps.work.clouddpc/com.google.android.apps.work.clouddpc.base.services.HealthCheckJobService}
05-17 23:24:05.312 D/ConnectivityService( 1681): NetReassign [no changes]
05-17 23:24:05.419 D/ConnectivityService( 1681): NetReassign [no changes]
05-17 23:24:06.646 D/ScreenshotSmartActions(30460): Screenshot from user profile: 0
05-17 23:24:07.018 D/ScreenshotSmartActions(30460): Got 0 smart actions. Wait time: 0 ms
05-17 23:24:08.332 D/ConnectivityService( 1681): NetReassign [no changes]
05-17 23:24:09.287 V/SoundTriggerService( 1681): 9f6ad62a-1f0b-11e7-87c5-40a8f03d3f15: Generic sound trigger event: GenericRecognitionEvent ::RecognitionEvent [status=0, soundModelHandle=13, captureAvailable=true, captureSession=937, captureDelayMs=0, capturePreambleMs=0, triggerInData=false, sampleRate=16000, encoding=2, channelMask=16, data=19]
05-17 23:24:09.292 V/SoundTriggerService( 1681): 9f6ad62a-1f0b-11e7-87c5-40a8f03d3f15: onServiceConnected(android.os.BinderProxy@e2ef5ac)
05-17 23:24:09.293 V/SoundTriggerService( 1681): 9f6ad62a-1f0b-11e7-87c5-40a8f03d3f15: runOp 0
05-17 23:24:10.732 D/PowerUI ( 2202): can't show warning due to - plugged: true status unknown: false
05-17 23:24:11.174 I/SoundTriggerService( 1681): startRecognition(): id = 9f6ad62a-1f0b-11e7-87c5-40a8f03d3f15
05-17 23:24:11.175 W/SoundTriggerHelper( 1681): Canceling previous recognition for model id: 9f6ad62a-1f0b-11e7-87c5-40a8f03d3f15
05-17 23:24:11.175 V/SoundTriggerService( 1681): 9f6ad62a-1f0b-11e7-87c5-40a8f03d3f15: onError: -2147483648
05-17 23:24:11.175 W/SoundTriggerService( 1681): 9f6ad62a-1f0b-11e7-87c5-40a8f03d3f15: Dropped operation as already destroyed or marked for destruction
05-17 23:24:11.177 V/SoundTriggerService( 1681): 9f6ad62a-1f0b-11e7-87c5-40a8f03d3f15: destroy
05-17 23:24:11.234 I/SoundTriggerHelper( 1681): startRecognition successful.
05-17 23:24:11.234 E/SoundTriggerService( 1681): error onStart(): Model 9f6ad62a-1f0b-11e7-87c5-40a8f03d3f15 already started
05-17 23:24:11.351 D/ConnectivityService( 1681): NetReassign [no changes]
05-17 23:24:14.370 I/chatty  ( 1681): uid=1000(system) ConnectivitySer identical 1 line
05-17 23:24:17.389 D/ConnectivityService( 1681): NetReassign [no changes]
05-17 23:24:19.162 I/vendor.google.wifi_ext@1.0-service-vendor(  995): Wifi: Reseting SAR Scenario to default
05-17 23:24:20.412 D/ConnectivityService( 1681): NetReassign [no changes]
05-17 23:24:23.447 I/chatty  ( 1681): uid=1000(system) ConnectivitySer identical 1 line
05-17 23:24:26.468 D/ConnectivityService( 1681): NetReassign [no changes]
05-17 23:24:27.934 W/ActivityManager( 1681): Stopping service due to app idle: u0a257 -1m7s250ms com.huawei.welink/huawei.w3.push.reciever.PushLocalService
05-17 23:24:27.934 W/ActivityManager( 1681): Stopping service due to app idle: u0a257 -1m6s674ms com.huawei.welink/com.huawei.push.ImService
05-17 23:24:29.507 D/ConnectivityService( 1681): NetReassign [no changes]
05-17 23:24:41.614 I/chatty  ( 1681): uid=1000(system) ConnectivitySer identical 4 lines
05-17 23:24:44.643 D/ConnectivityService( 1681): NetReassign [no changes]
05-17 23:24:46.486 I/SoundTriggerHelper( 1681): Recognition success
05-17 23:24:46.488 I/AlwaysOnHotwordDetector( 3475): onDetected
05-17 23:24:47.665 D/ConnectivityService( 1681): NetReassign [no changes]
05-17 23:24:48.075 I/SoundTriggerHelper( 1681): startRecognition successful.
05-17 23:24:50.690 D/ConnectivityService( 1681): NetReassign [no changes]
05-17 23:25:05.819 I/chatty  ( 1681): uid=1000(system) ConnectivitySer identical 5 lines
05-17 23:25:08.846 D/ConnectivityService( 1681): NetReassign [no changes]
05-17 23:25:10.747 D/PowerUI ( 2202): can't show warning due to - plugged: true status unknown: false
05-17 23:25:11.868 D/ConnectivityService( 1681): NetReassign [no changes]
05-17 23:25:14.889 D/ConnectivityService( 1681): NetReassign [no changes]
05-17 23:25:16.313 I/vendor.google.wifi_ext@1.0-service-vendor(  995): Wifi: Setting SAR Scenario to 3
05-17 23:25:17.918 D/ConnectivityService( 1681): NetReassign [no changes]
05-17 23:25:33.050 I/chatty  ( 1681): uid=1000(system) ConnectivitySer identical 5 lines
05-17 23:25:36.071 D/ConnectivityService( 1681): NetReassign [no changes]
05-17 23:25:36.666 I/vendor.google.wifi_ext@1.0-service-vendor(  995): Wifi: Reseting SAR Scenario to default
05-17 23:25:38.616 W/Looper  ( 1681): Slow dispatch took 5005ms android.fg h=android.os.Handler c=java.util.concurrent.FutureTask@ff7f7c6 m=0
05-17 23:25:38.617 W/Looper  ( 1681): Slow delivery took 1934ms android.fg h=com.android.server.AppStateTracker$MyHandler c=null m=11
05-17 23:25:39.094 D/ConnectivityService( 1681): NetReassign [no changes]
05-17 23:26:06.338 I/chatty  ( 1681): uid=1000(system) ConnectivitySer identical 9 lines
05-17 23:26:09.364 D/ConnectivityService( 1681): NetReassign [no changes]
05-17 23:26:10.735 W/Looper  ( 1681): Drained
05-17 23:26:10.740 D/PowerUI ( 2202): can't show warning due to - plugged: true status unknown: false
05-17 23:26:12.408 D/ConnectivityService( 1681): NetReassign [no changes]
05-17 23:26:14.723 I/ActivityManager( 1681): Killing 24658:com.google.android.dialer/u0a152 (adj 999): empty for 1807s
05-17 23:26:14.744 W/AppOps  ( 1681): Noting op not finished: uid 10143 pkg com.google.android.gms code 79 startTime of in progress event=1621260329888
05-17 23:26:14.752 W/AppOps  ( 1681): Noting op not finished: uid 10143 pkg com.google.android.gms code 79 startTime of in progress event=1621262830685
05-17 23:26:15.436 D/ConnectivityService( 1681): NetReassign [no changes]
05-17 23:26:18.465 D/ConnectivityService( 1681): NetReassign [no changes]
05-17 23:26:18.897 V/SoundTriggerService( 1681): 9f6ad62a-1f0b-11e7-87c5-40a8f03d3f15: Generic sound trigger event: GenericRecognitionEvent ::RecognitionEvent [status=0, soundModelHandle=13, captureAvailable=true, captureSession=937, captureDelayMs=0, capturePreambleMs=0, triggerInData=false, sampleRate=16000, encoding=2, channelMask=16, data=19]
05-17 23:26:18.904 V/SoundTriggerService( 1681): 9f6ad62a-1f0b-11e7-87c5-40a8f03d3f15: onServiceConnected(android.os.BinderProxy@cb6e257)
05-17 23:26:18.905 V/SoundTriggerService( 1681): 9f6ad62a-1f0b-11e7-87c5-40a8f03d3f15: runOp 0
05-17 23:26:20.499 V/SoundTriggerService( 1681): 9f6ad62a-1f0b-11e7-87c5-40a8f03d3f15: destroy
05-17 23:26:20.512 I/SoundTriggerService( 1681): loadGenericSoundModel(): id = 9f6ad62a-1f0b-11e7-87c5-40a8f03d3f15
05-17 23:26:20.521 I/SoundTriggerService( 1681): loadGenericSoundModel(): id = 9f6ad62a-1f0b-11e7-87c5-40a8f03d3f15
05-17 23:26:20.522 W/SoundTriggerHelper( 1681): Unload error: Attempting unload invalid generic model with id:9f6ad62a-1f0b-11e7-87c5-40a8f03d3f15
05-17 23:26:20.523 I/SoundTriggerService( 1681): startRecognition(): id = 9f6ad62a-1f0b-11e7-87c5-40a8f03d3f15
05-17 23:26:20.859 I/SoundTriggerHelper( 1681): startRecognition successful.
05-17 23:26:20.860 E/SoundTriggerService( 1681): error onStart(): Model 9f6ad62a-1f0b-11e7-87c5-40a8f03d3f15 already started
05-17 23:26:21.487 D/ConnectivityService( 1681): NetReassign [no changes]
05-17 23:26:36.621 I/chatty  ( 1681): uid=1000(system) ConnectivitySer identical 5 lines
05-17 23:26:39.647 D/ConnectivityService( 1681): NetReassign [no changes]
05-17 23:26:40.811 I/vendor.google.wifi_ext@1.0-service-vendor(  995): Wifi: Setting SAR Scenario to 3
05-17 23:26:40.845 D/CompatibilityChangeReporter( 1681): Compat change id reported: 135634846; UID 10253; state: DISABLED
05-17 23:26:40.846 D/CompatibilityChangeReporter( 1681): Compat change id reported: 143937733; UID 10253; state: DISABLED
05-17 23:26:40.865 I/ActivityManager( 1681): Start proc 2188:com.eg.android.AlipayGphone/u0a253 for service {com.eg.android.AlipayGphone/com.alipay.mobile.common.job.JobService}
05-17 23:26:41.576 E/PackageDexUsage( 1681): Unsupported context?
05-17 23:26:41.650 W/ActivityManager( 1681): Background start not allowed: service Intent { act=push_power_save cmp=com.eg.android.AlipayGphone/com.alipay.pushsdk.push.NotificationService } to com.eg.android.AlipayGphone/com.alipay.pushsdk.push.NotificationService from pid=2188 uid=10253 pkg=com.eg.android.AlipayGphone startFg?=false
05-17 23:26:41.654 D/CompatibilityChangeReporter( 1681): Compat change id reported: 135634846; UID 10253; state: DISABLED
05-17 23:26:41.654 D/CompatibilityChangeReporter( 1681): Compat change id reported: 143937733; UID 10253; state: DISABLED
05-17 23:26:41.663 I/ActivityManager( 1681): Start proc 2306:com.eg.android.AlipayGphone:push/u0a253 for service {com.eg.android.AlipayGphone/com.alipay.pushsdk.push.NotificationService}
05-17 23:26:42.545 W/ActivityManager( 1681): Background start not allowed: service Intent { act=com.eg.android.AlipayGphone.monitor.action.UPDATE_LOG_CONTEXT pkg=com.eg.android.AlipayGphone cmp=com.eg.android.AlipayGphone/com.alipay.mobile.common.logging.process.LogServiceInPushProcess (has extras) } to com.eg.android.AlipayGphone/com.alipay.mobile.common.logging.process.LogServiceInPushProcess from pid=2188 uid=10253 pkg=com.eg.android.AlipayGphone startFg?=false
05-17 23:26:42.591 I/chatty  ( 1681): uid=1000(system) Binder:1681_A identical 3 lines
05-17 23:26:42.623 W/ActivityManager( 1681): Background start not allowed: service Intent { act=com.eg.android.AlipayGphone.monitor.action.UPDATE_LOG_CONTEXT pkg=com.eg.android.AlipayGphone cmp=com.eg.android.AlipayGphone/com.alipay.mobile.common.logging.process.LogServiceInPushProcess (has extras) } to com.eg.android.AlipayGphone/com.alipay.mobile.common.logging.process.LogServiceInPushProcess from pid=2188 uid=10253 pkg=com.eg.android.AlipayGphone startFg?=false
05-17 23:26:42.665 D/ConnectivityService( 1681): NetReassign [no changes]
05-17 23:26:42.670 W/ActivityManager( 1681): Background start not allowed: service Intent { act=com.eg.android.AlipayGphone.monitor.action.UPDATE_LOG_CONTEXT pkg=com.eg.android.AlipayGphone cmp=com.eg.android.AlipayGphone/com.alipay.mobile.common.logging.process.LogServiceInPushProcess (has extras) } to com.eg.android.AlipayGphone/com.alipay.mobile.common.logging.process.LogServiceInPushProcess from pid=2188 uid=10253 pkg=com.eg.android.AlipayGphone startFg?=false
05-17 23:26:42.875 E/PackageDexUsage( 1681): Unsupported context?
05-17 23:26:45.681 D/ConnectivityService( 1681): NetReassign [no changes]
05-17 23:26:46.473 W/AutofillInlineSuggestionsRequestSession( 1681): Never received an InlineSuggestionsRequest from the IME for 1073741824@107133371
05-17 23:26:48.705 D/ConnectivityService( 1681): NetReassign [no changes]
05-17 23:26:54.729 I/chatty  ( 1681): uid=1000(system) ConnectivitySer identical 2 lines
05-17 23:26:57.733 D/ConnectivityService( 1681): NetReassign [no changes]
05-17 23:26:57.928 W/Looper  ( 1681): Slow dispatch took 5000ms android.fg h=android.os.Handler c=java.util.concurrent.FutureTask@15b9b73 m=0
05-17 23:26:57.939 W/Looper  ( 1681): Slow delivery took 5001ms android.fg h=android.os.Handler c=android.app.-$$Lambda$LoadedApk$ReceiverDispatcher$Args$_BumDX2UKsnxLVrE6UJsJZkotuA@b506a30 m=0
05-17 23:26:57.941 W/Looper  ( 1681): Drained
05-17 23:27:00.039 W/AppOps  ( 1681): Noting op not finished: uid 10120 pkg com.google.android.apps.scone code 79 startTime of in progress event=1621258493187
05-17 23:27:00.749 D/ConnectivityService( 1681): NetReassign [no changes]
05-17 23:27:06.797 I/chatty  ( 1681): uid=1000(system) ConnectivitySer identical 2 lines
05-17 23:27:09.825 D/ConnectivityService( 1681): NetReassign [no changes]
05-17 23:27:10.249 I/vendor.google.wifi_ext@1.0-service-vendor(  995): Wifi: Reseting SAR Scenario to default
05-17 23:27:10.744 D/PowerUI ( 2202): can't show warning due to - plugged: true status unknown: false
05-17 23:27:12.841 W/AppOps  ( 1681): Noting op not finished: uid 10120 pkg com.google.android.apps.scone code 79 startTime of in progress event=1621258493187
05-17 23:27:12.845 D/ConnectivityService( 1681): NetReassign [no changes]
05-17 23:27:15.878 D/ConnectivityService( 1681): NetReassign [no changes]
05-17 23:27:16.634 V/SoundTriggerService( 1681): 9f6ad62a-1f0b-11e7-87c5-40a8f03d3f15: Generic sound trigger event: GenericRecognitionEvent ::RecognitionEvent [status=0, soundModelHandle=14, captureAvailable=true, captureSession=1017, captureDelayMs=0, capturePreambleMs=0, triggerInData=false, sampleRate=16000, encoding=2, channelMask=16, data=19]
05-17 23:27:16.642 V/SoundTriggerService( 1681): 9f6ad62a-1f0b-11e7-87c5-40a8f03d3f15: onServiceConnected(android.os.BinderProxy@51b1eac)
05-17 23:27:16.643 V/SoundTriggerService( 1681): 9f6ad62a-1f0b-11e7-87c5-40a8f03d3f15: runOp 0
05-17 23:27:18.487 V/SoundTriggerService( 1681): 9f6ad62a-1f0b-11e7-87c5-40a8f03d3f15: destroy
05-17 23:27:18.488 I/SoundTriggerService( 1681): startRecognition(): id = 9f6ad62a-1f0b-11e7-87c5-40a8f03d3f15
