05-17 23:46:55.087 D/PublicAccountProcessor(13652): ignore during boot
05-17 23:46:55.091 D/PublicAccountProcessor(13652): ignore during boot
05-17 23:46:55.095 D/Q.msg.QQMessageFacade(13652): com.tencent.mobileqq.activity.StructMsgObserver@eb2d817 update with: o = [com.tencent.imcore.message.QQMessageFacade@5dee0c8], arg = [-----Dump MessageRecord-----,classname:Message,selfUin:*8316,friendUin:*4056,senderUin:*4056,shmsgseq:11208,uid:72057594038773943,time:1621226693,isRead:false,isSend:0,extraFlag:Default,sendFailCode:0,istroop:1008,msgType:-2011,msg:|14,bubbleid:0,subBubbleId:0,uniseq:6963115658014986797,isMultiMsg:false,msgseq:1621226693], costTime=[0]ms
05-17 23:46:55.095 D/Q.msg.QQMessageFacade(13652): com.tencent.mobileqq.gamecenter.message.GameMsgManager@8c73404 update with: o = [com.tencent.imcore.message.QQMessageFacade@5dee0c8], arg = [-----Dump MessageRecord-----,classname:Message,selfUin:*8316,friendUin:*4056,senderUin:*4056,shmsgseq:11208,uid:72057594038773943,time:1621226693,isRead:false,isSend:0,extraFlag:Default,sendFailCode:0,istroop:1008,msgType:-2011,msg:|14,bubbleid:0,subBubbleId:0,uniseq:6963115658014986797,isMultiMsg:false,msgseq:1621226693], costTime=[0]ms
05-17 23:46:55.095 D/Q.msg.QQMessageFacade(13652): com.tencent.mobileqq.flutter.channel.expand.chat.ExpandChatRepository$1@645ed6b update with: o = [com.tencent.imcore.message.QQMessageFacade@5dee0c8], arg = [-----Dump MessageRecord-----,classname:Message,selfUin:*8316,friendUin:*4056,senderUin:*4056,shmsgseq:11208,uid:72057594038773943,time:1621226693,isRead:false,isSend:0,extraFlag:Default,sendFailCode:0,istroop:1008,msgType:-2011,msg:|14,bubbleid:0,subBubbleId:0,uniseq:6963115658014986797,isMultiMsg:false,msgseq:1621226693], costTime=[0]ms
05-17 23:46:55.096 D/Q.msg.QQMessageFacade(13652): com.tencent.mobileqq.activity.StructMsgObserver@eb2d817 update with: o = [com.tencent.imcore.message.QQMessageFacade@5dee0c8], arg = [-----Dump MessageRecord-----,classname:Message,selfUin:*8316,friendUin:*6401,senderUin:*6401,shmsgseq:24431,uid:72057595351974895,time:1609157839,isRead:false,isSend:0,extraFlag:Default,sendFailCode:0,istroop:1008,msgType:-2011,msg:|34,bubbleid:0,subBubbleId:0,uniseq:6911280288394393543,isMultiMsg:false,msgseq:1609157839], costTime=[0]ms
05-17 23:46:55.096 D/Q.msg.QQMessageFacade(13652): com.tencent.mobileqq.gamecenter.message.GameMsgManager@8c73404 update with: o = [com.tencent.imcore.message.QQMessageFacade@5dee0c8], arg = [-----Dump MessageRecord-----,classname:Message,selfUin:*8316,friendUin:*6401,senderUin:*6401,shmsgseq:24431,uid:72057595351974895,time:1609157839,isRead:false,isSend:0,extraFlag:Default,sendFailCode:0,istroop:1008,msgType:-2011,msg:|34,bubbleid:0,subBubbleId:0,uniseq:6911280288394393543,isMultiMsg:false,msgseq:1609157839], costTime=[0]ms
05-17 23:46:55.096 D/Q.msg.QQMessageFacade(13652): com.tencent.mobileqq.flutter.channel.expand.chat.ExpandChatRepository$1@645ed6b update with: o = [com.tencent.imcore.message.QQMessageFacade@5dee0c8], arg = [-----Dump MessageRecord-----,classname:Message,selfUin:*8316,friendUin:*6401,senderUin:*6401,shmsgseq:24431,uid:72057595351974895,time:1609157839,isRead:false,isSend:0,extraFlag:Default,sendFailCode:0,istroop:1008,msgType:-2011,msg:|34,bubbleid:0,subBubbleId:0,uniseq:6911280288394393543,isMultiMsg:false,msgseq:1609157839], costTime=[0]ms
05-17 23:46:55.130 D/MSF.C.NetConnTag( 9370): netRecv ssoSeq:53424 uin:*8316 cmd:BSo0NgkuJnR6O2g1bg 53527 cross:0
05-17 23:46:55.131 I/MSF.S.AppProcessManager( 9370): SendToApp process:com.tencent.mobileqq fromServiceMsg: FromServiceMsg msName:unknown ssoSeq:53424 serviceCmd:OidbSvc.0x8a4 appSeq:296 failCode:1000 cos t =0 needBoot=false to.len = 36 from.len = 21
05-17 23:46:55.132 D/MSF.D.Proxy(13652): onReceiveResp, fromServiceMsg = OidbSvc.0x8a4, ssoSeq = 53424, length = 21
05-17 23:46:55.141 D/RedPointLog.RedpointHandler(13652): getNewFlagOp:sendredInfo :systemTimestamp = 1621266415;lastUpdateTimestamp = 1621265705;updateInterval = 600;updateLbsInterval = 3600;lastCheckLbsInfo = 1621260510;isDebugVersion = false
05-17 23:46:55.145 D/RedPointLog.RedpointHandler(13652): sendReq start
05-17 23:46:55.154 W/TouchableRegionManager( 2202): onHeadsUpPinnedModeChanged
05-17 23:46:55.164 I/ActivityManager( 1681): Killing 7736:com.google.android.apps.walletnfcrel/u0a236 (adj 995): empty #33
05-17 23:46:55.167 I/ActivityTaskManager( 1681): START u0 {flg=0x24000000 cmp=com.tencent.mm/.ui.LauncherUI (has extras)} from uid 10231
05-17 23:46:55.168 W/ActivityTaskManager( 1681): startActivity called from non-Activity context; forcing Intent.FLAG_ACTIVITY_NEW_TASK for: Intent { flg=0x24000000 cmp=com.tencent.mm/.ui.LauncherUI (has extras) }
05-17 23:46:55.170 D/LebaUtil(13652): getLebaLayoutType =0
05-17 23:46:55.179 D/LebaUtil(13652): getLebaLayoutType =0
05-17 23:46:55.181 D/RedPointLog.RedpointHandler(13652): getNewFlagOp setting:req setting pathlist:leba_studyappid: 489  setting:false modify_ts:1447650762408,appid: 769  setting:false modify_ts:1447650789451,appid: 795  setting:false modify_ts:1447650781012,appid: 879  setting:false modify_ts:1447650766453,appid: 1047  setting:false modify_ts:1447650783966,appid: 1113  setting:false modify_ts:1447650786669,appid: 1130  setting:false modify_ts:1574210894407,appid: 3053  setting:false modify_ts:1447650757691,appid: 3504  setting:false modify_ts:1585280909751,appid: 4030  setting:false modify_ts:1608451395880,appid: 4031  setting:false modify_ts:1591540254561,appid: 4559  setting:false modify_ts:1552141965021,appid: 5362  setting:false modify_ts:1552141963016,appid: 7100  setting:false modify_ts:1571025975092,appid: 7102  setting:false modify_ts:1513223225383,appid: 7719  setting:false modify_ts:1574210897256,appid: 7720  setting:false modify_ts:1571025970067,appid: 7759  setting:false modify_ts:1571025974296,appid: 7966  setting:false modify_ts:1571025972488,appid: 8059  setting:false modify_ts:1571025972189,
05-17 23:46:55.181 D/RedPointLog.RedpointHandler(13652): getNewFlagOp local message ok
05-17 23:46:55.194 W/RingtonePlayer( 2202): STOP command without a player
05-17 23:46:55.195 D/MSF.C.NetConnTag( 9370): pa ok: 53426
05-17 23:46:55.195 D/DualConnContext( 9370): tryDualConn
05-17 23:46:55.196 D/MSF.C.NetConnTag( 9370): netSend ssoSeq:53426 uin:*8316 cmd:GxITOC86BjUnLn4zPywLPz0FPDU9 62965 bd7d230
05-17 23:46:55.199 I/AssistantForeground( 3475): Get launcher package: com.google.android.apps.nexuslauncher
05-17 23:46:55.203 I/Zygote  (  930): Process 7736 exited due to signal 9 (Killed)
05-17 23:46:55.209 I/libprocessgroup( 1681): Successfully killed process cgroup uid 10236 pid 7736 in 44ms
05-17 23:46:55.217 D/PublicAccountProcessor(13652): ignore during boot
05-17 23:46:55.217 D/PublicAccountProcessor(13652): ignore during boot
05-17 23:46:55.227 D/PhoneContact.Manager(13652): onStepAction fromLogin=false
05-17 23:46:55.229 D/PrecoverManager(13652): startDownload, businessId=null
05-17 23:46:55.233 E/libprocessgroup( 4421): set_timerslack_ns write failed: Operation not permitted
05-17 23:46:55.239 I/ArConfig_ArResourceManager(13652): config  null
05-17 23:46:55.246 D/MSF.C.NetConnTag( 9370): pa ok: 53427
05-17 23:46:55.246 D/DualConnContext( 9370): tryDualConn
05-17 23:46:55.247 D/MSF.C.NetConnTag( 9370): netSend ssoSeq:53427 uin:*8316 cmd:LDE5MTQ8KTM5N34TPywRKCUsIBgzKzEILzIGZg 54046 bd7d230
05-17 23:46:55.255 E/SQLiteLog(13652): (1) no such table: mr_troop_F02CD6802D2A647278E359B4A091B117_New in "select * from mr_troop_F02CD6802D2A647278E359B4A091B117_New where shmsgseq>=? and shmsgseq<=? order by shmsgseq asc"
05-17 23:46:55.258 E/SQLiteLog(13652): (1) no such table: mr_troop_7A980DC4E077DF8ADE2CE92901180177_New in "select * from mr_troop_7A980DC4E077DF8ADE2CE92901180177_New where shmsgseq>=? and shmsgseq<=? order by shmsgseq asc"
05-17 23:46:55.261 E/SQLiteLog(13652): (1) no such table: mr_troop_8174A00083233D78202AD0539D92C86F_New in "select * from mr_troop_8174A00083233D78202AD0539D92C86F_New where shmsgseq>=? and shmsgseq<=? order by shmsgseq asc"
05-17 23:46:55.262 E/SQLiteLog(13652): (1) no such table: mr_troop_58D7D720DF31DFFFFB898B6438473D49_New in "select * from mr_troop_58D7D720DF31DFFFFB898B6438473D49_New where shmsgseq>=? and shmsgseq<=? order by shmsgseq asc"
05-17 23:46:55.263 E/SQLiteLog(13652): (1) no such table: mr_troop_385B067707421F23611ABEB67DB83340_New in "select * from mr_troop_385B067707421F23611ABEB67DB83340_New where shmsgseq>=? and shmsgseq<=? order by shmsgseq asc"
05-17 23:46:55.263 E/SQLiteLog(13652): (1) no such table: mr_troop_7803DDEE57857CC832000806C94162A1_New in "select * from mr_troop_7803DDEE57857CC832000806C94162A1_New where shmsgseq>=? and shmsgseq<=? order by shmsgseq asc"
05-17 23:46:55.265 D/Q.qwallet.pay(13652): getPayCode true
05-17 23:46:55.266 D/ShortVideoResourceManager(13652): [network]not need get config...
05-17 23:46:55.267 I/shua2021_SpringFestivalRedpacketConfigManager(13652): getEntryConfig app=com.tencent.mobileqq.app.QQAppInterface@96bc4b reqOccasion=1
05-17 23:46:55.267 I/shua2021_SpringFestivalRedpacketConfigManager(13652): getEntryConfig needReq=true
05-17 23:46:55.269 D/CHRE    (  976): @ 8319.195: [ActivityPlatform] type 4, confidence 75
05-17 23:46:55.269 I/shua2021_SpringFestivalRedpacketConfProcessor(13652): loadLocalEntryConfig fileName=spring_festival_redpacket2021_entry_config_877198316
05-17 23:46:55.281 I/shua2021_SpringFestivalRedpacketConfigManager(13652): getEntryConfig localVersion=0 localPeakVersion=0 adCodeChanged=false useDebugAdcode=false
05-17 23:46:55.283 D/shua2021_SpringFestivalRedpacketConfigManager(13652): getSpringFestivalConfig fromStart=true ver=0 peakVer=0 offset=0 taskId=0 adcode=610104 reqOccation=1
05-17 23:46:55.283 I/shua2021_SpringFestivalRedpacketConfigServlet(13652): onSend cmd=1 retry=0 newPage=false
05-17 23:46:55.283 I/shua2021_SpringFestivalRedpacketConfigServlet(13652): onSend CMD_GET_CONFIG taskId=0 offset=0 version=0 peakVersion=0 cookie=null adCode=610104
05-17 23:46:55.296 D/MSF.C.NetConnTag( 9370): pa ok: 53428
05-17 23:46:55.296 D/DualConnContext( 9370): tryDualConn
05-17 23:46:55.297 D/MSF.C.NetConnTag( 9370): netSend ssoSeq:53428 uin:*8316 cmd:CSw+MjM/MCgrNzk7NAsgKDwqMzF0CiArDSYkFzU2IzMtASkEOz8g 53567 bd7d230
05-17 23:46:55.301 D/ReadInJoySpEventReportUtil(13652): init, app launch time = 1621266415301
05-17 23:46:55.324 D/MSF.C.NetConnTag( 9370): pa ok: 53429
05-17 23:46:55.324 D/DualConnContext( 9370): tryDualConn
05-17 23:46:55.325 D/MSF.C.NetConnTag( 9370): netSend ssoSeq:53429 uin:*8316 cmd:BSo0NgkuJnR6O2UxOAd3aA 53544 bd7d230
05-17 23:46:55.338 D/MSF.C.NetConnTag( 9370): pa ok: 53430
05-17 23:46:55.338 D/DualConnContext( 9370): tryDualConn
05-17 23:46:55.339 D/MSF.C.NetConnTag( 9370): netSend ssoSeq:53430 uin:*8316 cmd:BSo0NgkuJnR6O2UxOAd3aA 53545 bd7d230
05-17 23:46:55.352 I/MicroMsg.ChattingUIFragment( 4421): [, , 4421]:[doCreate] rawUserName from :wxid_4uwbpnna464b22 to :wxid_4uwbpnna464b22 
05-17 23:46:55.352 W/MicroMsg.ChattingUIFragment( 4421): [, , 4421]:protectContactNotExist raw:wxid_4uwbpnna464b22 contact:214 username:wxid_4uwbpnna464b22
05-17 23:46:55.353 D/MSF.C.NetConnTag( 9370): pa ok: 53431
05-17 23:46:55.353 D/DualConnContext( 9370): tryDualConn
05-17 23:46:55.353 I/Finder.ExpiredTimer#Finder.TabPreloadWorker#3( 4421): [, , 4899]:[resume] delay=9223372036848146430ms hash=77188857
05-17 23:46:55.353 I/Finder.TabPreloadWorker#1( 4421): [, , 4899]:[performForeground]
05-17 23:46:55.353 D/MSF.C.NetConnTag( 9370): netSend ssoSeq:53431 uin:*8316 cmd:BSo0NgkuJnR6O2UxOAd0bw 53546 bd7d230
05-17 23:46:55.353 I/Finder.ExpiredTimer#Finder.TabPreloadWorker#1( 4421): [, , 4899]:[postDelayed] delay=9223372036848146429ms hash=190274028 tag=resume
05-17 23:46:55.353 I/Finder.ExpiredTimer#Finder.TabPreloadWorker#1( 4421): [, , 4899]:[resume] delay=9223372036848146429ms hash=190274028
05-17 23:46:55.353 I/Finder.TabPreloadWorker#2( 4421): [, , 4899]:[performForeground]
05-17 23:46:55.353 I/MicroMsg.NetSceneBase( 4421): [, , 4918]:dispatcher send, 0
05-17 23:46:55.353 I/Finder.ExpiredTimer#Finder.TabPreloadWorker#2( 4421): [, , 4899]:[postDelayed] delay=9223372036848146431ms hash=168561595 tag=resume
05-17 23:46:55.353 I/Finder.ExpiredTimer#Finder.TabPreloadWorker#2( 4421): [, , 4899]:[resume] delay=9223372036848146431ms hash=168561595
05-17 23:46:55.354 I/MicroMsg.NetSceneQueue( 4421): [, , 4918]:On doscene  mmcgi type:138 hash[261792349,131098406] run:1 wait:0 ret:0 autoauth:233832717
05-17 23:46:55.354 I/MicroMsg.RemoteReq( 4421): [, , 3315]:summerauths dkrsa use session :[B@16f1744  type:138, flag:6, ecdh:[16] signature[-1239388263]
05-17 23:46:55.354 I/MicroMsg.RemoteReq( 4421): [, , 3315]:summerauths AesGcmEncryptWithCompress jType[138] key[24] message[393] buf[283]
05-17 23:46:55.354 I/MicroMsg.ChattingContext( 4421): [, , 4421]:trace setFocused, isFocused true, isSwitchMenu false, needUpdateUI false, trace [sdk.platformtools.ae:i(357)][ui.chatting.e.a:setFocused(418)][ui.chatting.BaseChattingUIFragment$4:run(229)][ui.chatting.BaseChattingUIFragment:d(587)][ui.chatting.BaseChattingUIFragment:fTG(225)][ui.chatting.ChattingUIFragment:fTG(433)][ui.chatting.BaseChattingUIFragment:fTT(159)][ui.chatting.ChattingUIProxy:onEnterBegin(54)][ui.NewChattingTabUI:a(20369)][ui.NewChattingTabUI$5:run(739)][sdk.platformtools.aq$2:dispatchMessage(350)]
05-17 23:46:55.354 I/MicroMsg.ChattingContext( 4421): [, , 4421]:trace setSwitchMenu, isSwitchMenu false, trace [sdk.platformtools.ae:i(357)][ui.chatting.e.a:zC(460)][ui.chatting.BaseChattingUIFragment$4:run(231)][ui.chatting.BaseChattingUIFragment:d(587)][ui.chatting.BaseChattingUIFragment:fTG(225)][ui.chatting.ChattingUIFragment:fTG(433)][ui.chatting.BaseChattingUIFragment:fTT(159)][ui.chatting.ChattingUIProxy:onEnterBegin(54)][ui.NewChattingTabUI:a(20369)][ui.NewChattingTabUI$5:run(739)][sdk.platformtools.aq$2:dispatchMessage(350)]
05-17 23:46:55.355 I/MicroMsg.KVEasyReport( 4421): [, , 3315]:SmcLogic.reportIDKey class loader 211932172, -1 
05-17 23:46:55.355 I/MicroMsg.PluginLive( 4421): [, , 4899]:onAppForeground liveId:0 liveName:null jumpName:null
05-17 23:46:55.356 I/MicroMsg.ExptService( 4421): [, , 4899]:get expt [983183] map[{clicfg_biz_time_line_img_preload=1}] expt[{"ExptId":983183,"GroupId":38908,"ExptSequence":23,"Priority":1,"NeedReport":0,"StartTime":0,"EndTime":0,"ExptType":4,"Args":[{"Key":"clicfg_biz_time_line_img_preload","Val":"MQ=="}]}] cost[0]
05-17 23:46:55.356 I/MicroMsg.ChattingUI.HeaderComponent( 4421): [, , 4421]:mActionBarContainer android.support.v7.widget.ActionBarContainer{ee54622 V.ED..... ......ID 0,0-1080,130 #7f090059 app:id/bp aid=1073742270}
05-17 23:46:55.356 I/MicroMsg.ChattingUI.HeaderComponent( 4421): [, , 4421]:ctxView android.support.v7.widget.ActionBarContextView{34968b3 G.E...... ......I. 0,0-0,0 #7f090065 app:id/c1 aid=1073742281}
05-17 23:46:55.357 D/StatusBar( 2202): disable<e i a s b h r c s > disable2<q i n >
05-17 23:46:55.359 I/MicroMsg.recordSelect.RecordSelectComponent( 4421): [, , 4421]:isRecordSelect:false showIntroduceView:true lastSelectMinMsgId:-1 lastSelectMsgNum:0 cancelSelectMsgSet:0
05-17 23:46:55.360 I/MicroMsg.Fav.FavCheckCdnService( 4421): [, , 4918]:klem No Data Any More , Stop Service
05-17 23:46:55.361 I/MicroMsg.HistoryMsgTongueComponent( 4421): [, , 4421]:[onChattingInit] mUnreadMessageCount:1
05-17 23:46:55.361 I/MicroMsg.ChattingLifecycleObserver( 4421): [, , 4421]:[onChattingInit]cost:7ms
05-17 23:46:55.361 I/MicroMsg.BaseChattingUIFragment( 4421): [, , 4421]:[doCreate] activity:com.tencent.mm.ui.LauncherUI@219889238 @talker:wxid_4uwbpnna464b22 isPreLoaded:false
05-17 23:46:55.361 I/MicroMsg.ExptService( 4421): [, , 4899]:API Got Expt result[1] exptId[983183] key[clicfg_biz_time_line_img_preload clicfg_biz_time_line_img_preload] defStr[] cost[3]
05-17 23:46:55.361 I/ThreadPool.Execute( 4421): [, , 4899]:=== com.tencent.mm.storage.ac$d@11836199 state=CREATED delay=0ms
05-17 23:46:55.361 I/MicroMsg.MMPullDownView( 4421): [, , 4421]:forceBottomLoadData start[false] loadDataBegin[false] loadDataEnd[true], isBottomShowAll[true], getScrollY[125]
05-17 23:46:55.362 I/MicroMsg.MMPullDownView( 4421): [, , 4421]:forceBottomLoadData start[false] loadDataBegin[false] loadDataEnd[true], isBottomShowAll[true], getScrollY[125]
05-17 23:46:55.362 I/ThreadPool.Execute( 4421): [, , 6104]:>>> com.tencent.mm.storage.ac$d@11836199 state=RUNNING HotPool
05-17 23:46:55.362 I/MicroMsg.Fav.FavSendService( 4421): [, , 4918]:tryStartNetscene
05-17 23:46:55.362 I/MicroMsg.ChattingLoader.ChattingDataPresenterFactory( 4421): [, , 4421]:[ChattingDataPresenterFactory] executor:com.tencent.mm.ui.chatting.n.a.e
05-17 23:46:55.362 I/MicroMsg.ChattingLoader.AbstractDataPresenter( 4421): [, , 4421]:[onLoad] action:ACTION_ENTER isBlock:true username:wxid_4uwbpnna464b22
05-17 23:46:55.362 I/MicroMsg.ChattingDataAdapter( 4421): [, , 4421]:[lockNotify] isLockNotify:false notifyCountWhileLock:0
05-17 23:46:55.363 I/MicroMsg.BizTimeLineResortLogic( 4421): [, , 6104]:doReSortCgi return currentTime:1621266415, lastReSortBizMsgTime:1621264648, timePast:1767, minReSortBizMsgGap:1800
05-17 23:46:55.363 I/ThreadPool.Execute( 4421): [, , 6104]:<<< com.tencent.mm.storage.ac$d@11836199 state=COMPLETE cost=1ms/0ms HotPool
05-17 23:46:55.363 I/MicroMsg.ConfigStorage( 4421): [, , 4899]:GET: USERINFO_GAME_SILENT_DOWNLOAD_TIME_LONG => 1621265710
05-17 23:46:55.364 I/MicroMsg.ChattingLoader.ListDataLoader( 4421): [, , 4421]:[load] mode:ACTION_ENTER isBlock:true thread:2
05-17 23:46:55.364 I/MicroMsg.Fav.FavSendService( 4421): [, , 4918]:on finish
05-17 23:46:55.365 I/MicroMsg.MsgInfoStorage( 4421): [, , 4421]:getMsgCount conversationStorage.getMsgCountByUsername count:38057
05-17 23:46:55.365 I/MicroMsg.ConfigStorage( 4421): [, , 4899]:SET: USERINFO_GAME_SILENT_DOWNLOAD_TIME_LONG => 1621266415
05-17 23:46:55.366 I/MicroMsg.GameAutoRunController( 4421): [, , 4899]:add taskId:game_silent_download to the queue
05-17 23:46:55.366 I/ThreadPool.Execute( 4421): [, , 4899]:=== game_silent_download@103#0x12d@257477477 state=CREATED delay=59999ms
05-17 23:46:55.366 I/Matrix.BatteryReporter( 4421): [, , 5592]:onTraceBegin
05-17 23:46:55.366 I/MicroMsg.MsgInfoStorage( 4421): [, , 4421]:getInitCursor1 getCursor talk:wxid_4uwbpnna464b22 limitCount:16 [SELECT * FROM ( SELECT * FROM message WHERE talker= 'wxid_4uwbpnna464b22'  ORDER BY createTime DESC LIMIT 16) ORDER BY createTime ASC]
05-17 23:46:55.366 I/MicroMsg.Fav.FavSendService( 4421): [, , 4918]:klem No Data Any More , Stop Service
05-17 23:46:55.367 I/MicroMsg.Fav.FavModService( 4421): [, , 4918]:klem No Data Any More , Stop Service
05-17 23:46:55.367 I/MicroMsg.ChattingLoader.ChattingDataCallback( 4421): [, , 4421]:actionACTION_ENTER addCount:16 totalCount:38057
05-17 23:46:55.367 I/MicroMsg.ChattingLoader.ChattingViewCallback( 4421): [, , 4421]:[onViewUpdate] result:LoadedResult{sourceArgs=null, mode=ACTION_ENTER, selection=-1, count=16, totalCount=38057}
05-17 23:46:55.369 I/MicroMsg.MMPullDownView( 4421): [, , 4421]:fix android O progress bar bug. visibility=4
05-17 23:46:55.369 I/MicroMsg.MMPullDownView( 4421): [, , 4421]:fix android O progress bar bug. visibility=4
05-17 23:46:55.369 I/MicroMsg.ReportLogInfo( 4421): [, , 4421]:ReportLogInfo operationEnd eventID:13  time:7
05-17 23:46:55.369 I/MicroMsg.ChattingDataAdapter( 4421): [, , 4421]:[unLockNotify] isLockNotify:true notifyCountWhileLock:0
05-17 23:46:55.369 I/MicroMsg.ChattingContext( 4421): [, , 4421]:[scrollToLast] force:false
05-17 23:46:55.369 I/MicroMsg.ChattingUIFragment( 4421): [, , 4421]:[scrollToLastImpl] isFirstScroll:true [20:10] count:17 force:false
05-17 23:46:55.369 I/MicroMsg.ChattingUI.ScrollController( 4421): [, , 4421]:setSelectionFromTop position 16 smooth true
05-17 23:46:55.369 I/MicroMsg.ChattingLoader.ListDataLoader( 4421): [, , 4421]:[handleMessage] UPDATE!!! isAvailableUpdate=true result:LoadedResult{sourceArgs=null, mode=ACTION_ENTER, selection=-1, count=16, totalCount=38057}
05-17 23:46:55.370 I/MicroMsg.ChattingPatMsgUpdateComponent( 4421): [, , 4421]:onScroll, headerCount:1, firstVisible:10, lastVisible:20
05-17 23:46:55.371 I/MicroMsg.ChattingPatMsgUpdateComponent( 4421): [, , 4421]:[] are going to shake
05-17 23:46:55.371 I/MicroMsg.ExptService( 4421): [, , 4421]:get expt [2752548] map[{clicfg_android_voice_trans_text_bt_switch=1}] expt[{"ExptId":2752548,"GroupId":76126,"ExptSequence":37,"Priority":1,"NeedReport":0,"StartTime":0,"EndTime":0,"ExptType":4,"Args":[{"Key":"clicfg_android_voice_trans_text_bt_switch","Val":"MQ=="}]}] cost[0]
05-17 23:46:55.371 I/MicroMsg.ExptService( 4421): [, , 4421]:API Got Expt result[1] exptId[2752548] key[clicfg_android_voice_trans_text_bt_switch clicfg_android_voice_trans_text_bt_switch] defStr[] cost[0]
05-17 23:46:55.371 I/MicroMsg.ChattingUI.VoiceComponent( 4421): [, , 4421]:isOpenVoiceTransTextBt() swt:1
05-17 23:46:55.371 I/ThreadPool.Execute( 4421): [, , 4421]:=== com.tencent.mm.ui.chatting.d.bf$8@203056739 state=CREATED delay=0ms
05-17 23:46:55.372 D/MSF.C.NetConnTag( 9370): netRecv ssoSeq:53429 uin:*8316 cmd:BSo0NgkuJnR6O2UxOAd3aA 53540 cross:0
05-17 23:46:55.372 I/MSF.S.AppProcessManager( 9370): SendToApp process:com.tencent.mobileqq fromServiceMsg: FromServiceMsg msName:unknown ssoSeq:53429 serviceCmd:OidbSvc.0x5eb_22 appSeq:300 failCode:1000 cos t =0 needBoot=false to.len = 38 from.len = 25
05-17 23:46:55.373 I/MicroMsg.groupsolitaire.GroupSolitatireHelp( 4421): [, , 4421]:deleteExpireGroupSolitatire() batch delete expire data!! (wxid_4uwbpnna464b22)
05-17 23:46:55.373 I/MicroMsg.KVEasyReport( 4421): [, , 3315]:SmcLogic.reportIDKey class loader 211932172, -1 
05-17 23:46:55.375 I/HABBYGE-MALI.ChatUIFragmentProxy( 4421): [, , 4421]:sendMsg, mChatUIStatusListener: 1
05-17 23:46:55.375 D/MSF.D.Proxy(13652): onReceiveResp, fromServiceMsg = OidbSvc.0x5eb_22, ssoSeq = 53429, length = 25
05-17 23:46:55.375 I/MicroMsg.BaseChattingUIFragment( 4421): [, , 4421]:[onEnterBegin] activity:com.tencent.mm.ui.LauncherUI@219889238 @talker:wxid_4uwbpnna464b22 isPreLoaded:false
05-17 23:46:55.376 I/MicroMsg.ChattingContext( 4421): [, , 4421]:trace setFocused, isFocused true, isSwitchMenu false, needUpdateUI false, trace [sdk.platformtools.ae:i(357)][ui.chatting.e.a:setFocused(418)][ui.chatting.BaseChattingUIFragment$10:run(328)][ui.chatting.BaseChattingUIFragment:d(587)][ui.chatting.BaseChattingUIFragment:onEnterBegin(322)][ui.chatting.ChattingUIFragment:onEnterBegin(502)][ui.chatting.ChattingUIProxy:onEnterBegin(55)][ui.NewChattingTabUI:a(20369)][ui.NewChattingTabUI$5:run(739)][sdk.platformtools.aq$2:dispatchMessage(350)]
05-17 23:46:55.376 I/MicroMsg.ChattingContext( 4421): [, , 4421]:trace setSwitchMenu, isSwitchMenu false, trace [sdk.platformtools.ae:i(357)][ui.chatting.e.a:zC(460)][ui.chatting.BaseChattingUIFragment$10:run(330)][ui.chatting.BaseChattingUIFragment:d(587)][ui.chatting.BaseChattingUIFragment:onEnterBegin(322)][ui.chatting.ChattingUIFragment:onEnterBegin(502)][ui.chatting.ChattingUIProxy:onEnterBegin(55)][ui.NewChattingTabUI:a(20369)][ui.NewChattingTabUI$5:run(739)][sdk.platformtools.aq$2:dispatchMessage(350)]
05-17 23:46:55.376 I/MicroMsg.SnsPreTimelineService( 4421): [, , 4421]:set isInChatting:true
05-17 23:46:55.378 I/HABBYGE-MALI.AsyncActivityMonitor( 4421): [, , 5607]:MSGQ_TYPE_FRAGMENT_1
05-17 23:46:55.378 I/MicroMsg.SnsPreloadSwitch( 4421): [, , 4421]:disable by TIMELINE_DAY_UNABLE_PRELOAD_TIME_INTERVAL 18:00-24:00;0:00-1:00  [sdk.platformtools.ae:m(402)][plugin.sns.model.b.a:elS(127)][plugin.sns.model.ax$3:callback(1825)][sdk.b.a:a(301)][sdk.b.a:l(217)][ui.chatting.d.o:fPt(15234)][ui.chatting.d.k:fPt(55)][ui.chatting.BaseChattingUIFragment$10:run(331)][ui.chatting.BaseChattingUIFragment:d(587)][ui.chatting.BaseChattingUIFragment:onEnterBegin(322)][ui.chatting.ChattingUIFragment:onEnterBegin(502)][ui.chatting.ChattingUIProxy:onEnterBegin(55)][ui.NewChattingTabUI:a(20369)][ui.NewChattingTabUI$5:run(739)][sdk.platformtools.aq$2:dispatchMessage(350)]
05-17 23:46:55.379 I/MicroMsg.PreloadVideoService( 4421): [, , 4421]:5209042 stop download
05-17 23:46:55.379 I/MicroMsg.OrzChattingLifecycle( 4421): [, , 4421]:notifyChattingStatus [1]
05-17 23:46:55.379 W/MicroMsg.EventCenter( 4421): [, , 4421]:No listener for this event com.tencent.mm.g.a.na@ceda319(123408639), Stack: .
05-17 23:46:55.379 I/ThreadPool.Execute( 4421): [, , 4421]:=== com.tencent.mm.ui.chatting.d.o$4@120995806 state=CREATED delay=0ms
05-17 23:46:55.379 I/MicroMsg.KVEasyReport( 4421): [, , 4421]:SmcLogic.reportIDKey class loader 211932172, 211932172 
05-17 23:46:55.380 I/MicroMsg.StoryStateComponent( 4421): [, , 4421]:updateMenuItem enable 1
05-17 23:46:55.380 I/MicroMsg.ChattingContext( 4421): [, , 4421]:[showOptionMenu] show:true
05-17 23:46:55.380 I/MicroMsg.MMActivityController( 4421): [, , 4421]:show option menu, target id -1, changed FALSE, searching FALSE
05-17 23:46:55.380 I/MicroMsg.SysMsgTemplateImp( 4421): [, , 4421]:hy: adding template listener: link_revoke_qrcode list=[]
05-17 23:46:55.381 I/MicroMsg.SysMsgTemplateImp( 4421): [, , 4421]:hy: adding template listener: link_revoke list=[]
05-17 23:46:55.381 I/MicroMsg.SysMsgTemplateImp( 4421): [, , 4421]:hy: adding template listener: link_profile list=[]
05-17 23:46:55.381 I/MicroMsg.SysMsgTemplateImp( 4421): [, , 4421]:hy: adding template listener: new_link_succeed_contact list=[]
05-17 23:46:55.381 I/HABBYGE-MALI.ChatUIFragmentProxy( 4421): [, , 5607]:onChatUIFragmentEnter
05-17 23:46:55.381 I/HABBYGE-MALI.ChatUIFragmentProxy( 4421): [, , 5607]:getPage, topActivityName: LauncherUI
05-17 23:46:55.381 I/HABBYGE-MALI.FragmentUtil( 4421): [, , 5607]:getCurFragmentOfLauncherUI, index: 0
05-17 23:46:55.381 I/HABBYGE-MALI.FragmentUtil( 4421): [, , 5607]:getCurFragment, 1: com.tencent.mm.ui.chatting.ChattingUIFragment
05-17 23:46:55.381 I/HABBYGE-MALI.ChatUIFragmentProxy( 4421): [, , 5607]:getPage, fragment: com.tencent.mm.ui.chatting.ChattingUIFragment, com.tencent.mm.ui.chatting.ChattingUIFragment
05-17 23:46:55.382 I/ThreadPool.Execute( 4421): [, , 5975]:>>> com.tencent.mm.ui.chatting.d.o$4@120995806 state=RUNNING HotPool
05-17 23:46:55.382 I/MicroMsg.StayTimeReport( 4421): [, , 5975]:enterChattingUI, not close:wxid_4uwbpnna464b22
05-17 23:46:55.383 I/ThreadPool.Execute( 4421): [, , 5975]:=== com.tencent.mm.storage.am$1@211319433 state=CREATED delay=99ms
05-17 23:46:55.383 I/ThreadPool.Execute( 4421): [, , 5975]:||| com.tencent.mm.storage.am$1@211319433 state=CANCEL
05-17 23:46:55.383 I/ThreadPool.Execute( 4421): [, , 5975]:=== com.tencent.mm.storage.am$1@211319433 state=CREATED delay=99ms
05-17 23:46:55.383 I/MicroMsg.StayTimeReport( 4421): [, , 5975]:exitChattingUI, chatUser:wxid_4uwbpnna464b22, type:1, stayTime:732, stayWebTime:0, chattingReportCnt:24
05-17 23:46:55.384 I/MicroMsg.StayTimeReport( 4421): [, , 5975]:exitChattingUI goBackHistoryStatus:0, recnCnt:2, sendCnt:2
05-17 23:46:55.384 I/MicroMsg.StayTimeReport( 4421): [, , 5975]:enter chattingUI: chatUser:wxid_4uwbpnna464b22----type:1, notifyOpen:1, unreadCount:1, membercount:0
05-17 23:46:55.384 I/ThreadPool.Execute( 4421): [, , 5975]:<<< com.tencent.mm.ui.chatting.d.o$4@120995806 state=COMPLETE cost=2ms/2ms HotPool
05-17 23:46:55.384 I/MicroMsg.SysMsgTemplateImp( 4421): [, , 4421]:hy: adding template listener: link_revoke_unbindapp list=[]
05-17 23:46:55.384 I/MicroMsg.SysMsgTemplateImp( 4421): [, , 4421]:hy: adding template listener: link_history list=[]
05-17 23:46:55.385 I/MicroMsg.StoryStateComponent( 4421): [, , 4421]:onChattingEnterAnimStart: user wxid_4uwbpnna464b22 hashCode:127567751
05-17 23:46:55.385 I/HABBYGE-MALI.FragmentMonitor( 4421): [, , 5607]:_onPause: com.tencent.mm.ui.LauncherUI, com.tencent.mm.ui.conversation.MainUI
05-17 23:46:55.386 I/mars::stn( 5708): [longlink_connect_monitor.cc, OnHeartbeatAlarmSet, 448]:longlink_progress on_heartbeat_set, time: 8316292, time interval:210000
05-17 23:46:55.386 I/HABBYGE-MALI.HellhoundService( 4421): [, , 5607]:setFragmentListener, onPause: com.tencent.mm.ui.LauncherUI, com.tencent.mm.ui.conversation.MainUI
05-17 23:46:55.386 I/ThreadPool.Execute( 4421): [, , 4421]:=== SingleUserStateFetcher_start@232946666 state=CREATED delay=0ms
05-17 23:46:55.387 I/ThreadPool.Execute( 4421): [, , 6075]:>>> SingleUserStateFetcher_start@232946666 state=RUNNING HotPool
05-17 23:46:55.387 I/HABBYGE-MALI.HellBizSessionHandler( 4421): [, , 5607]:whenChattingUIFragmentExit, NOT 104-Biz Session !!
05-17 23:46:55.389 I/HABBYGE-MALI.HellhoundService( 4421): [, , 5607]:fragment, out: com.tencent.mm.ui.conversation.MainUI
05-17 23:46:55.390 I/HABBYGE-MALI.HellhoundService( 4421): [, , 5607]:fragment, onPause: com.tencent.mm.ui.conversation.MainUI
05-17 23:46:55.390 I/HABBYGE-MALI.FuzzyMatch( 4421): [, , 5607]:match: com.tencent.mm.ui.conversation.MainUI, MATCH_PAGE_FINISH
05-17 23:46:55.390 W/HABBYGE-MALI.FuzzyMatch( 4421): [, , 5607]:_matchOnFinish: curSession == null
05-17 23:46:55.391 I/HABBYGE-MALI.HellSessionMonitor( 4421): [, , 5607]:HellSessionMonitor monitor: 5
05-17 23:46:55.391 I/HABBYGE-MALI.HellSessionMonitor( 4421): [, , 5607]:_getCurLastFragment, EVENT_FRAGMENT_OUT: MainUI
05-17 23:46:55.392 I/HABBYGE-MALI.HellSessionMonitor( 4421): [, , 5607]:monitorFragment: MainUI, LauncherUI, 5
05-17 23:46:55.392 I/HABBYGE-MALI.HellSessionMonitor( 4421): [, , 5607]:onSessionClose, unknow: MainUI, MainUI, 1621266415235, 1621266415374
05-17 23:46:55.392 I/HABBYGE-MALI.HellSessionMonitor( 4421): [, , 5607]:notify session close [0] [1621266415374]
05-17 23:46:55.392 I/MicroMsg.ChattingUI.ChattingBackgroundComponent( 4421): [, , 4421]:[onChattingEnterAnimStart]
05-17 23:46:55.393 I/MicroMsg.ExptService( 4421): [, , 5607]:get expt [1310777] map[{mmsvr_finder_open_flag=1, clicfg_uitron_switch_on=1, clicfg_finder_entry=1, clicfg_finder_post_entry=1, clicfg_ultron_post_entrance_switch=1}] expt[{"ExptId":1310777,"GroupId":61778,"ExptSequence":38,"Priority":1,"NeedReport":0,"StartTime":0,"EndTime":0,"ExptType":2,"Args":[{"Key":"mmsvr_finder_open_flag","Val":"MQ=="},{"Key":"clicfg_finder_entry","Val":"MQ=="},{"Key":"clicfg_uitron_switch_on","Val":"MQ=="},{"Key":"clicfg_finder_post_entry","Val":"MQ=="},{"Key":"clicfg_ultron_post_entrance_switch","Val":"MQ=="}]}] cost[0]
05-17 23:46:55.394 I/MicroMsg.ExptService( 4421): [, , 5607]:API Got Expt result[1] exptId[1310777] key[clicfg_finder_entry clicfg_finder_entry] defStr[] cost[0]
05-17 23:46:55.394 I/Finder.FinderSpamLogic( 4421): [, , 5607]:getFunctionSpamAction null
05-17 23:46:55.394 E/MicroMsg.DynamicConfig( 4421): [, , 5607]:parseInt failed, val: FinderTimelineEntry
05-17 23:46:55.395 I/Finder.PluginFinder( 4421): [, , 5607]:showFinder true false
05-17 23:46:55.395 I/HABBYGE-MALI.HellSessionMonitor( 4421): [, , 5607]:monitor, fragment: com.tencent.mm.ui.conversation.MainUI, 5
05-17 23:46:55.396 W/HABBYGE-MALI.HellhoundMonitor( 4421): [, , 5607]:HellhoundMonitor-setPageObj: ChattingUIFragment
05-17 23:46:55.399 I/HABBYGE-MALI.FragmentMonitor( 4421): [, , 5607]:_onFragmentResume: com.tencent.mm.ui.LauncherUI, com.tencent.mm.ui.chatting.ChattingUIFragment
05-17 23:46:55.401 I/MicroMsg.SingleUserStateFetcher( 4421): [, , 6075]:notifyListener: false false
05-17 23:46:55.402 I/HABBYGE-MALI.HellhoundService( 4421): [, , 5607]:setFragmentListener, onResume: com.tencent.mm.ui.LauncherUI, com.tencent.mm.ui.chatting.ChattingUIFragment
05-17 23:46:55.402 I/ThreadPool.Execute( 4421): [, , 6075]:<<< SingleUserStateFetcher_start@232946666 state=COMPLETE cost=15ms/3ms HotPool
05-17 23:46:55.403 I/HABBYGE-MALI.HellBizSessionHandler( 4421): [, , 5607]:whenChattingUIFragmentEnter, NOT 104-Biz Session !!
05-17 23:46:55.403 D/MSF.C.NetConnTag( 9370): pa ok: 53432
05-17 23:46:55.403 D/DualConnContext( 9370): tryDualConn
05-17 23:46:55.403 D/MSF.C.NetConnTag( 9370): netSend ssoSeq:53432 uin:*8316 cmd:BSo0NgkuJnR6O2UxOAd0bw 53547 bd7d230
05-17 23:46:55.404 I/HABBYGE-MALI.HellhoundService( 4421): [, , 5607]:fragment, in: com.tencent.mm.ui.chatting.ChattingUIFragment, com.tencent.mm.ui.conversation.MainUI
05-17 23:46:55.405 I/HABBYGE-MALI.HellSessionMonitor( 4421): [, , 5607]:HellSessionMonitor monitor: 4
05-17 23:46:55.405 I/HABBYGE-MALI.HellSessionMonitor( 4421): [, , 5607]:monitorFragment: ChattingUIFragment, MainUI, 4
05-17 23:46:55.405 I/HABBYGE-MALI.HellSessionMonitor( 4421): [, , 5607]:monitorFragment, EVENT_CHATTINGUIFRAGMENT_IN
05-17 23:46:55.405 D/MSF.C.NetConnTag( 9370): netRecv ssoSeq:53428 uin:*8316 cmd:CSw+MjM/MCgrNzk7NAsgKDwqMzF0CiArDSYkFzU2IzMtASkEOz8g 53595 cross:0
05-17 23:46:55.405 I/HABBYGE-MALI.HellSessionMonitor( 4421): [, , 5607]:monitorChatUIFragment: 6
05-17 23:46:55.406 D/MSF.C.NetConnTag( 9370): netRecv ssoSeq:53427 uin:*8316 cmd:LDE5MTQ8KTM5N34TPywRKCUsIBgzKzEILzIGZg 53706 cross:0
05-17 23:46:55.406 D/MSF.C.NetConnTag( 9370): netRecv ssoSeq:53430 uin:*8316 cmd:BSo0NgkuJnR6O2UxOAd3aA 53541 cross:0
05-17 23:46:55.406 D/MSF.C.NetConnTag( 9370): netRecv ssoSeq:53431 uin:*8316 cmd:BSo0NgkuJnR6O2UxOAd0bw 53542 cross:0
05-17 23:46:55.407 I/MicroMsg.roomTodo.GroupTodoComponent( 4421): [, , 4421]:onChattingEnterAnimStart: user wxid_4uwbpnna464b22 hashCode:142594009
05-17 23:46:55.407 I/MicroMsg.roomTodo.GroupTodoComponent( 4421): [, , 4421]:onResume chatroomUsername:wxid_4uwbpnna464b22 interTime:0
05-17 23:46:55.407 I/MicroMsg.roomtools.GroupToolsComponet( 4421): [, , 4421]:onChattingEnterAnimStart: user wxid_4uwbpnna464b22 hashCode:922915
05-17 23:46:55.407 I/HABBYGE-MALI.HellSessionMonitor( 4421): [, , 5607]:newSession: srcPageName: MainUI, dstPageName: ChattingUIFragment
05-17 23:46:55.407 I/MSF.S.AppProcessManager( 9370): SendToApp process:com.tencent.mobileqq fromServiceMsg: FromServiceMsg msName:unknown ssoSeq:53428 serviceCmd:ConfigurationService.ReqGetConfigByPage appSeq:299 failCode:1000 cos t =0 needBoot=false to.len = 38 from.len = 59
05-17 23:46:55.408 I/MicroMsg.ChattingUI.FootComponent( 4421): [, , 4421]:resetFooter customFooter is null
05-17 23:46:55.408 I/MicroMsg.ChattingUI.FootComponent( 4421): [, , 4421]:[goneFooter] [sdk.platformtools.ae:i(357)][ui.chatting.d.v:fWO(493)][ui.chatting.d.v:fPt(50733)][ui.chatting.d.k:fPt(55)][ui.chatting.BaseChattingUIFragment$10:run(331)][ui.chatting.BaseChattingUIFragment:d(587)][ui.chatting.BaseChattingUIFragment:onEnterBegin(322)][ui.chatting.ChattingUIFragment:onEnterBegin(502)][ui.chatting.ChattingUIProxy:onEnterBegin(55)][ui.NewChattingTabUI:a(20369)][ui.NewChattingTabUI$5:run(739)][sdk.platformtools.aq$2:dispatchMessage(350)]
05-17 23:46:55.408 I/MicroMsg.ChatFooter( 4421): [, , 4421]:configPanel: 0, false, false, false, true
05-17 23:46:55.408 I/MicroMsg.ChatFooter( 4421): [, , 4421]:switchPanel: 0, false
05-17 23:46:55.408 I/MicroMsg.emoji.SuggestEmoticonBubble( 4421): [, , 4421]:hide: 
05-17 23:46:55.408 I/MicroMsg.ChatEmojiBtnClickReport( 4421): [, , 4421]:recordClose: 504669, 1621265910739, false
05-17 23:46:55.408 I/MicroMsg.ChattingScrollLayout( 4421): [, , 4421]:scrollContentTo: 0
05-17 23:46:55.408 I/MicroMsg.FloatBallComponent( 4421): [, , 4421]:alvinluo onFooterPanelSwitch delay: 0
05-17 23:46:55.408 I/MicroMsg.FloatBallService( 4421): [, , 4421]:KeyboardHeightChanged, no float ball
05-17 23:46:55.409 I/MicroMsg.ChatFooter( 4421): [, , 4421]:pureForcusEdtChange: false, com.tencent.mm.ui.widget.MMEditText{92dc4d0 VFED..CL. ........ 0,0-712,108 #7f090718 app:id/al_ aid=1073741824}
05-17 23:46:55.409 I/MicroMsg.ChattingContext( 4421): [, , 4421]:[hideVKB]
05-17 23:46:55.409 D/MSF.D.Proxy(13652): onReceiveResp, fromServiceMsg = ConfigurationService.ReqGetConfigByPage, ssoSeq = 53428, length = 59
05-17 23:46:55.409 I/HABBYGE-MALI.HellKSessionConfig( 4421): [, , 5607]:getSidId: MainUI, ChattingUIFragment
05-17 23:46:55.410 E/MicroMsg.KeyBordUtil( 4421): [, , 4421]:getValidPanelHeight(): minPanelHeight= 621, isOpenIm=true
05-17 23:46:55.410 I/MSF.S.AppProcessManager( 9370): SendToApp process:com.tencent.mobileqq fromServiceMsg: FromServiceMsg msName:unknown ssoSeq:53427 serviceCmd:friendlist.GetTroopListReqV2 appSeq:298 failCode:1000 cos t =0 needBoot=false to.len = 527 from.len = 183
05-17 23:46:55.411 D/MSF.D.Proxy(13652): onReceiveResp, fromServiceMsg = friendlist.GetTroopListReqV2, ssoSeq = 53427, length = 183
05-17 23:46:55.411 I/MicroMsg.ChatFooter( 4421): [, , 4421]:setusername: wxid_4uwbpnna464b22, true
05-17 23:46:55.412 I/MicroMsg.AppPanel( 4421): [, , 4421]:setServiceShowFlag: 1
05-17 23:46:55.412 I/MSF.S.AppProcessManager( 9370): SendToApp process:com.tencent.mobileqq fromServiceMsg: FromServiceMsg msName:unknown ssoSeq:53430 serviceCmd:OidbSvc.0x5eb_22 appSeq:301 failCode:1000 cos t =0 needBoot=false to.len = 38 from.len = 25
05-17 23:46:55.412 I/HABBYGE-MALI.HellKSessionConfig( 4421): [, , 5607]:getSidId: 999
05-17 23:46:55.414 D/MSF.D.Proxy(13652): onReceiveResp, fromServiceMsg = OidbSvc.0x5eb_22, ssoSeq = 53430, length = 25
05-17 23:46:55.414 I/MSF.S.AppProcessManager( 9370): SendToApp process:com.tencent.mobileqq fromServiceMsg: FromServiceMsg msName:unknown ssoSeq:53431 serviceCmd:OidbSvc.0x5eb_15 appSeq:302 failCode:1000 cos t =0 needBoot=false to.len = 42 from.len = 29
05-17 23:46:55.415 D/MSF.D.Proxy(13652): onReceiveResp, fromServiceMsg = OidbSvc.0x5eb_15, ssoSeq = 53431, length = 29
05-17 23:46:55.415 I/MicroMsg.ChattingUI.FootComponent( 4421): [, , 4421]:initFooterPanelMenu wxid_4uwbpnna464b22
05-17 23:46:55.416 I/HABBYGE-MALI.HellSessionMonitor( 4421): [, , 5607]:newSession(no args)sid = 999, 1621266415374
05-17 23:46:55.416 I/MicroMsg.ChattingUI.FootComponent( 4421): [, , 4421]:isGroupChat:false enableLive:true
05-17 23:46:55.416 I/HABBYGE-MALI.HellChattingType( 4421): [, , 5607]:getChatType: wxid_4uwbpnna464b22, 0
05-17 23:46:55.417 I/MicroMsg.emoji.SmileyPanel.SmileyPanel( 4421): [, , 4421]:hideSmiley: FALSE, hideEmojiSmiley: FALSE
05-17 23:46:55.417 I/HABBYGE-MALI.HellChattingType( 4421): [, , 5607]:getParamsOfChattingUIFragment, chatType: 0
05-17 23:46:55.417 I/MicroMsg.ChattingUI.FootComponent( 4421): [, , 4421]:ChatroomBusinessType user wxid_4uwbpnna464b22 0
05-17 23:46:55.417 I/MicroMsg.MMPullDownView( 4421): [, , 4421]:setTopViewVisible visible[true]
05-17 23:46:55.417 I/shua2021_SpringFestivalRedpacketConfigServlet(13652): onReceive CMD_GET_CONFIG result=0 type=1011
05-17 23:46:55.417 I/shua2021_SpringFestivalRedpacketConfigServlet(13652): onReceive CMD_GET_CONFIG reqOccasion=1 reqVersion=0 reqPeakVersion=0 reqOffset=0, rspVersion=0, rspPeakVersion=11, rspTaskId=0 reqAdcode=610104
05-17 23:46:55.417 I/MicroMsg.emoji.SmileyPanel.SmileyPanelManager( 4421): [, , 4421]:onPause: 
05-17 23:46:55.417 I/HABBYGE-MALI.HellKSessionConfig( 4421): [, , 5607]:getRealChatSid, chatConfig.expect=0
05-17 23:46:55.417 I/MicroMsg.PanelLifeCycle( 4421): [, , 4421]:clear: 
05-17 23:46:55.418 I/shua2021_SpringFestivalRedpacketConfProcessor(13652): loadLocalEntryConfig fileName=spring_festival_redpacket2021_entry_config_877198316
05-17 23:46:55.418 I/HABBYGE-MALI.HellSessionMonitor( 4421): [, , 5607]:newSession, 101_1621266415374
05-17 23:46:55.418 I/HABBYGE-MALI.HellSessionMonitor( 4421): [, , 5607]:newSession: 101_1621266415374, ChattingUIFragment
05-17 23:46:55.418 I/MicroMsg.ChatFooter( 4421): [, , 4421]:configPanel: 0, false, false, false, true
05-17 23:46:55.418 I/shua2021_SpringFestivalRedpacketConfProcessor(13652): onGetEntryConfig() update=false remoteVersion=0 peakUpdate=true remotePeakVersion=11 taskId=0 reqOccasion=1 remoteDelayList=[19, 42, 26, 22, 43, 11, 52, 47, 20, 44] localDelayList=null respSuc=true adcode=610104
05-17 23:46:55.418 I/shua2021_SpringFestivalRedpacketConfProcessor(13652): saveLastReqAdcodeToSP adcode=610104
05-17 23:46:55.418 I/HABBYGE-MALI.HellSessionMonitor( 4421): [, , 5607]:chatUIFragmentSessionStart, lastPage: MainUI
05-17 23:46:55.418 I/MicroMsg.ChatFooter( 4421): [, , 4421]:switchPanel: 0, false
05-17 23:46:55.418 I/HABBYGE-MALI.HellSessionMonitor( 4421): [, , 5607]:chatUIFragmentSessionStart new Session: 1621266415374
05-17 23:46:55.418 I/MicroMsg.emoji.SuggestEmoticonBubble( 4421): [, , 4421]:hide: 
05-17 23:46:55.418 I/MicroMsg.ChatEmojiBtnClickReport( 4421): [, , 4421]:recordClose: 504679, 1621265910739, false
05-17 23:46:55.418 I/MicroMsg.ChattingScrollLayout( 4421): [, , 4421]:scrollContentTo: 0
05-17 23:46:55.418 I/MicroMsg.FloatBallComponent( 4421): [, , 4421]:alvinluo onFooterPanelSwitch delay: 0
05-17 23:46:55.418 I/MicroMsg.FloatBallService( 4421): [, , 4421]:KeyboardHeightChanged, no float ball
05-17 23:46:55.418 I/MicroMsg.ChatFooter( 4421): [, , 4421]:pureForcusEdtChange: false, com.tencent.mm.ui.widget.MMEditText{92dc4d0 VFED..CL. ........ 0,0-712,108 #7f090718 app:id/al_ aid=1073741824}
05-17 23:46:55.418 W/MicroMsg.AbsReportStruct( 4421): [, , 4421]:error report [16113] msg[FirstInputTimeStampMs 0]
05-17 23:46:55.419 I/HABBYGE-MALI.HellPageFlowManager( 4421): [, , 5607]:addPageFlow, session: ChattingUIFragment, 219889238, 101_1621266415374
05-17 23:46:55.419 W/MicroMsg.AbsReportStruct( 4421): [, , 4421]:error report [16113] msg[LastInputTimeStampMs 0]
05-17 23:46:55.419 I/HABBYGE-MALI.HellSessionDao( 4421): [, , 5607]:addSession: 101_1621266415374, true
05-17 23:46:55.420 I/MicroMsg.BluetoothUtil( 4421): [, , 4421]:isConnectHeadset getProfileConnectionState: 0
05-17 23:46:55.420 I/HABBYGE-MALI.HellSessionMonitor( 4421): [, , 5607]:onSessionStart: 101_1621266415374, 1621266415374, MainUI_1621266415235
05-17 23:46:55.420 I/MicroMsg.BluetoothUtil( 4421): [, , 4421]:dkbt isConnectHeadset() = false
05-17 23:46:55.420 I/MicroMsg.BluetoothUtil( 4421): [, , 4421]:isBluetoothScoOn: false isBluetoothA2dpOn: false, isBluetoothCanUse: false
05-17 23:46:55.422 I/MicroMsg.Fav.FavCdnService( 4421): [, , 4918]:klem No Data Any More , Stop Service
05-17 23:46:55.422 I/HABBYGE-MALI.SessionPairDao( 4421): [, , 5607]:setCurSession, activityMethod: 7
05-17 23:46:55.422 I/HABBYGE-MALI.FuzzyMatch( 4421): [, , 5607]:resetFuzzyDaoOnStart: 101_1621266415374
05-17 23:46:55.422 I/HABBYGE-MALI.HellSessionMonitor( 4421): [, , 5607]:notify session start [101] [1621266415374]
05-17 23:46:55.423 I/MicroMsg.HeadSetPlugUtil( 4421): [, , 4421]:isWireHeadsetPluggedNew, deviceInfo type: 2
05-17 23:46:55.423 D/shua2021_SpringFestivalEntryManager(13652): onEntryConfigReady use empty entryConfig!!!!!!
05-17 23:46:55.423 I/MicroMsg.HeadSetPlugUtil( 4421): [, , 4421]:isWireHeadsetPluggedNew, deviceInfo type: 24
05-17 23:46:55.423 I/MicroMsg.HeadSetPlugUtil( 4421): [, , 4421]:isWireHeadsetPluggedNew, deviceInfo type: 1
05-17 23:46:55.423 I/MicroMsg.HeadSetPlugUtil( 4421): [, , 4421]:isWireHeadsetPluggedNew, deviceInfo type: 18
05-17 23:46:55.423 I/MicroMsg.ExptService( 4421): [, , 5607]:get expt [1310777] map[{mmsvr_finder_open_flag=1, clicfg_uitron_switch_on=1, clicfg_finder_entry=1, clicfg_finder_post_entry=1, clicfg_ultron_post_entrance_switch=1}] expt[{"ExptId":1310777,"GroupId":61778,"ExptSequence":38,"Priority":1,"NeedReport":0,"StartTime":0,"EndTime":0,"ExptType":2,"Args":[{"Key":"mmsvr_finder_open_flag","Val":"MQ=="},{"Key":"clicfg_finder_entry","Val":"MQ=="},{"Key":"clicfg_uitron_switch_on","Val":"MQ=="},{"Key":"clicfg_finder_post_entry","Val":"MQ=="},{"Key":"clicfg_ultron_post_entrance_switch","Val":"MQ=="}]}] cost[0]
05-17 23:46:55.423 I/MicroMsg.HeadSetPlugUtil( 4421): [, , 4421]:isWireHeadsetPluggedNew, deviceInfo type: 25
05-17 23:46:55.423 I/MicroMsg.HeadSetPlugUtil( 4421): [, , 4421]:isWireHeadsetPluggedNew, deviceInfo type: 18
05-17 23:46:55.423 I/MicroMsg.HeadSetPlugUtil( 4421): [, , 4421]:isWireHeadsetPluggedNew, deviceInfo type: 15
05-17 23:46:55.423 I/MicroMsg.ExptService( 4421): [, , 5607]:API Got Expt result[1] exptId[1310777] key[clicfg_finder_entry clicfg_finder_entry] defStr[] cost[1]
05-17 23:46:55.423 I/MicroMsg.HeadSetPlugUtil( 4421): [, , 4421]:isWireHeadsetPluggedNew, deviceInfo type: 15
05-17 23:46:55.423 I/Finder.FinderSpamLogic( 4421): [, , 5607]:getFunctionSpamAction null
05-17 23:46:55.424 E/MicroMsg.DynamicConfig( 4421): [, , 5607]:parseInt failed, val: FinderTimelineEntry
05-17 23:46:55.424 I/Finder.PluginFinder( 4421): [, , 5607]:showFinder true false
05-17 23:46:55.424 I/HABBYGE-MALI.HellSessionMonitor( 4421): [, , 5607]:monitor, fragment: com.tencent.mm.ui.chatting.ChattingUIFragment, 4
05-17 23:46:55.424 I/MicroMsg.SubCoreAudio( 4421): [, , 4421]:init audio manager from record  [sdk.platformtools.ae:m(402)][plugin.audio.c.a$a:a(205)][audio.b:<init>(16)][audio.b.h:<init>(95)][ui.chatting.q:<init>(6223)][ui.chatting.d.v:fPt(50591)][ui.chatting.d.k:fPt(55)][ui.chatting.BaseChattingUIFragment$10:run(331)][ui.chatting.BaseChattingUIFragment:d(587)][ui.chatting.BaseChattingUIFragment:onEnterBegin(322)][ui.chatting.ChattingUIFragment:onEnterBegin(502)][ui.chatting.ChattingUIProxy:onEnterBegin(55)][ui.NewChattingTabUI:a(20369)][ui.NewChattingTabUI$5:run(739)][sdk.platformtools.aq$2:dispatchMessage(350)]
05-17 23:46:55.424 I/MicroMsg.SubCoreAudio( 4421): [, , 4421]:success set the audio manager is: record
05-17 23:46:55.424 I/HABBYGE-MALI.HellhoundService( 4421): [, , 5607]:fragment, onResume: com.tencent.mm.ui.chatting.ChattingUIFragment
05-17 23:46:55.426 I/HABBYGE-MALI.FuzzyMatch( 4421): [, , 5607]:match: com.tencent.mm.ui.chatting.ChattingUIFragment, MATCH_PAGE_RESUME
05-17 23:46:55.427 I/HABBYGE-MALI.FuzzyMatchConfig( 4421): [, , 5607]:FuzzyMatchConfig, getConfig: 0
05-17 23:46:55.427 W/HABBYGE-MALI.FuzzyMatch( 4421): [, , 5607]:_getCloudConfig Empty!!
05-17 23:46:55.430 I/shua2021_SpringFestivalEntryManager(13652): onEntryConfigReady earlier than setTaskCallbackhold taskQueue
05-17 23:46:55.433 D/PublicAccountProcessor(13652): ignore during boot
05-17 23:46:55.439 D/PublicAccountProcessor(13652): ignore during boot
05-17 23:46:55.444 D/MSF.C.NetConnTag( 9370): netRecv ssoSeq:53426 uin:*8316 cmd:GxITOC86BjUnLn4zPywLPz0FPDU9 56201 cross:0
05-17 23:46:55.444 I/MSF.S.AppProcessManager( 9370): SendToApp process:com.tencent.mobileqq fromServiceMsg: FromServiceMsg msName:unknown ssoSeq:53426 serviceCmd:QQClubComm.getNewFlag appSeq:297 failCode:1000 cos t =0 needBoot=false to.len = 9454 from.len = 2685
05-17 23:46:55.447 D/MSF.D.Proxy(13652): onReceiveResp, fromServiceMsg = QQClubComm.getNewFlag, ssoSeq = 53426, length = 2685
05-17 23:46:55.452 I/com.tencent.mm( 4421): Background young concurrent copying GC freed 1564783(84MB) AllocSpace objects, 90(3060KB) LOS objects, 51% free, 79MB/165MB, paused 461us total 103.521ms
05-17 23:46:55.452 D/MSF.C.NetConnTag( 9370): pa ok: 53433
05-17 23:46:55.452 D/DualConnContext( 9370): tryDualConn
05-17 23:46:55.452 D/MSF.C.NetConnTag( 9370): netSend ssoSeq:53433 uin:*8316 cmd:GjE/MjM0IAkvMSY9OT1rGSImMz8PKCE7PiYCMSs 54116 bd7d230
05-17 23:46:55.468 W/System  ( 4421): A resource failed to call close. 
05-17 23:46:55.468 I/chatty  ( 4421): uid=10231(com.tencent.mm) FinalizerDaemon identical 2 lines
05-17 23:46:55.469 W/System  ( 4421): A resource failed to call close. 
05-17 23:46:55.471 D/MSF.C.NetConnTag( 9370): pa ok: 53434
05-17 23:46:55.471 D/DualConnContext( 9370): tryDualConn
05-17 23:46:55.472 D/MSF.C.NetConnTag( 9370): netSend ssoSeq:53434 uin:*8316 cmd:GiozBz85NzkiFD8mPisWLDhtACE2NBI1OCcj 53573 bd7d230
05-17 23:46:55.479 D/MSF.C.NetConnTag( 9370): netRecv ssoSeq:53432 uin:*8316 cmd:BSo0NgkuJnR6O2UxOAd0bw 53543 cross:0
05-17 23:46:55.480 I/MSF.S.AppProcessManager( 9370): SendToApp process:com.tencent.mobileqq fromServiceMsg: FromServiceMsg msName:unknown ssoSeq:53432 serviceCmd:OidbSvc.0x5eb_15 appSeq:303 failCode:1000 cos t =0 needBoot=false to.len = 38 from.len = 26
05-17 23:46:55.481 D/MSF.D.Proxy(13652): onReceiveResp, fromServiceMsg = OidbSvc.0x5eb_15, ssoSeq = 53432, length = 26
05-17 23:46:55.482 I/RedPointLog.RedpointHandler(13652): handleResponse
05-17 23:46:55.482 D/RedPointLog.RedpointHandler(13652): handleResponse, iInterval = 0; lbsInterval = 3600
05-17 23:46:55.486 D/LebaUtil(13652): getLebaLayoutType =0
05-17 23:46:55.487 D/LebaUtil(13652): getLebaLayoutType =0
05-17 23:46:55.493 D/RedPointLog.RedpointHandler(13652): Rsp Body :appid = 100400 path = 100400 inewflag = 1 exposure_max = 1 mission_level = 0 missions = [820262];appid = 1130 path = 1130 inewflag = 1 exposure_max = 2 mission_level = 0 missions = [191084];
05-17 23:46:55.495 D/InterruptionStateProvider( 2202): No bubble up: not allowed to bubble: 0|com.internet.speed.meter.lite|1|null|10240
05-17 23:46:55.495 D/InterruptionStateProvider( 2202): No heads up: unimportant notification: 0|com.internet.speed.meter.lite|1|null|10240
05-17 23:46:55.502 I/RedPointLog.RedpointHandler(13652): switch leba_studyappid: 489  setting:false modify_ts:1447650762408,appid: 763  setting:false modify_ts:1447650777684,appid: 769  setting:false modify_ts:1447650789451,appid: 795  setting:false modify_ts:1447650781012,appid: 826  setting:false modify_ts:1571025970682,appid: 879  setting:false modify_ts:1447650766453,appid: 883  setting:false modify_ts:1447650772420,appid: 1047  setting:false modify_ts:1447650783966,appid: 1113  setting:false modify_ts:1447650786669,appid: 1130  setting:false modify_ts:1574210894407,appid: 3053  setting:false modify_ts:1447650757691,appid: 3504  setting:false modify_ts:1585280909751,appid: 4029  setting:false modify_ts:1588260008894,appid: 4030  setting:false modify_ts:1608451395880,appid: 4031  setting:false modify_ts:1591540254561,appid: 4559  setting:false modify_ts:1552141965021,appid: 5362  setting:false modify_ts:1552141963016,appid: 7100  setting:false modify_ts:1571025975092,appid: 7102  setting:false modify_ts:1513223225383,appid: 7719  setting:false modify_ts:1574210897256,appid: 7720  setting:false modify_ts:1571025970067,appid: 7759  setting:false modify_ts:1571025974296,appid: 7966  setting:false modify_ts:1571025972488,appid: 8059  setting:false modify_ts:1571025972189,
05-17 23:46:55.505 D/MSF.C.NetConnTag( 9370): pa ok: 53435
05-17 23:46:55.505 D/DualConnContext( 9370): tryDualConn
05-17 23:46:55.506 D/MSF.C.NetConnTag( 9370): netSend ssoSeq:53435 uin:*8316 cmd:BSo0NgkuJnR6OzQ3Yw 53654 bd7d230
