05-17 23:27:18.488 W/SoundTriggerHelper( 1681): Canceling previous recognition for model id: 9f6ad62a-1f0b-11e7-87c5-40a8f03d3f15
05-17 23:27:18.488 V/SoundTriggerService( 1681): 9f6ad62a-1f0b-11e7-87c5-40a8f03d3f15: onError: -2147483648
05-17 23:27:18.493 W/SoundTriggerService( 1681): 9f6ad62a-1f0b-11e7-87c5-40a8f03d3f15: Dropped operation as already destroyed or marked for destruction
05-17 23:27:18.555 I/SoundTriggerHelper( 1681): startRecognition successful.
05-17 23:27:18.556 E/SoundTriggerService( 1681): error onStart(): Model 9f6ad62a-1f0b-11e7-87c5-40a8f03d3f15 already started
05-17 23:27:18.910 D/ConnectivityService( 1681): NetReassign [no changes]
05-17 23:27:24.956 I/chatty  ( 1681): uid=1000(system) ConnectivitySer identical 2 lines
05-17 23:27:27.991 D/ConnectivityService( 1681): NetReassign [no changes]
05-17 23:27:30.557 I/ActivityManager( 1681): Waited long enough for: ServiceRecord{78ceb49 u0 com.google.android.googlequicksearchbox/com.google.android.apps.gsa.shared.util.keepalive.StandaloneKeepAlive$KeepAliveService}
05-17 23:27:31.011 D/ConnectivityService( 1681): NetReassign [no changes]
05-17 23:27:52.171 I/chatty  ( 1681): uid=1000(system) ConnectivitySer identical 7 lines
05-17 23:27:55.203 D/ConnectivityService( 1681): NetReassign [no changes]
05-17 23:27:57.906 W/ActivityManager( 1681): Stopping service due to app idle: u0a257 -4m36s645ms com.huawei.welink/com.huawei.push.ImService
05-17 23:27:58.240 D/ConnectivityService( 1681): NetReassign [no changes]
05-17 23:28:07.324 I/chatty  ( 1681): uid=1000(system) ConnectivitySer identical 3 lines
05-17 23:28:10.351 D/ConnectivityService( 1681): NetReassign [no changes]
05-17 23:28:10.748 D/PowerUI ( 2202): can't show warning due to - plugged: true status unknown: false
05-17 23:28:13.094 V/SoundTriggerService( 1681): 9f6ad62a-1f0b-11e7-87c5-40a8f03d3f15: Generic sound trigger event: GenericRecognitionEvent ::RecognitionEvent [status=0, soundModelHandle=14, captureAvailable=true, captureSession=1017, captureDelayMs=0, capturePreambleMs=0, triggerInData=false, sampleRate=16000, encoding=2, channelMask=16, data=19]
05-17 23:28:13.106 V/SoundTriggerService( 1681): 9f6ad62a-1f0b-11e7-87c5-40a8f03d3f15: onServiceConnected(android.os.BinderProxy@2cefe72)
05-17 23:28:13.107 V/SoundTriggerService( 1681): 9f6ad62a-1f0b-11e7-87c5-40a8f03d3f15: runOp 0
05-17 23:28:13.376 D/ConnectivityService( 1681): NetReassign [no changes]
05-17 23:28:14.732 V/SoundTriggerService( 1681): 9f6ad62a-1f0b-11e7-87c5-40a8f03d3f15: destroy
05-17 23:28:14.733 I/SoundTriggerService( 1681): startRecognition(): id = 9f6ad62a-1f0b-11e7-87c5-40a8f03d3f15
05-17 23:28:14.734 W/SoundTriggerHelper( 1681): Canceling previous recognition for model id: 9f6ad62a-1f0b-11e7-87c5-40a8f03d3f15
05-17 23:28:14.734 V/SoundTriggerService( 1681): 9f6ad62a-1f0b-11e7-87c5-40a8f03d3f15: onError: -2147483648
05-17 23:28:14.738 W/SoundTriggerService( 1681): 9f6ad62a-1f0b-11e7-87c5-40a8f03d3f15: Dropped operation as already destroyed or marked for destruction
05-17 23:28:14.794 I/SoundTriggerHelper( 1681): startRecognition successful.
05-17 23:28:14.795 E/SoundTriggerService( 1681): error onStart(): Model 9f6ad62a-1f0b-11e7-87c5-40a8f03d3f15 already started
05-17 23:28:16.403 D/ConnectivityService( 1681): NetReassign [no changes]
05-17 23:28:19.418 D/ConnectivityService( 1681): NetReassign [no changes]
05-17 23:28:19.508 D/KernelCpuUidUserSysTimeReader( 1681): Removing uids 99020-99020
05-17 23:28:22.457 D/ConnectivityService( 1681): NetReassign [no changes]
05-17 23:28:25.478 I/chatty  ( 1681): uid=1000(system) ConnectivitySer identical 1 line
05-17 23:28:28.510 D/ConnectivityService( 1681): NetReassign [no changes]
05-17 23:28:29.313 I/vendor.google.wifi_ext@1.0-service-vendor(  995): Wifi: Setting SAR Scenario to 3
05-17 23:28:30.994 I/UsageStatsService( 1681): User[0] Flushing usage stats to disk
05-17 23:28:31.533 D/ConnectivityService( 1681): NetReassign [no changes]
05-17 23:28:31.963 D/PowerUI ( 2202): can't show warning due to - plugged: true status unknown: false
05-17 23:28:31.963 D/PowerUI ( 2202): can't show warning due to - plugged: true status unknown: false
05-17 23:28:31.964 D/PowerUI ( 2202): can't show warning due to - plugged: true status unknown: false
05-17 23:28:32.541 E/ActivityThread(15554): Failed to find provider info for com.android.badge
05-17 23:28:34.561 D/ConnectivityService( 1681): NetReassign [no changes]
05-17 23:28:37.591 I/chatty  ( 1681): uid=1000(system) ConnectivitySer identical 1 line
05-17 23:28:40.622 D/ConnectivityService( 1681): NetReassign [no changes]
05-17 23:28:41.554 I/vendor.google.wifi_ext@1.0-service-vendor(  995): Wifi: Reseting SAR Scenario to default
05-17 23:28:43.650 D/ConnectivityService( 1681): NetReassign [no changes]
05-17 23:28:44.206 I/vendor.google.wifi_ext@1.0-service-vendor(  995): Wifi: Setting SAR Scenario to 3
05-17 23:28:45.095 I/Telecom ( 1681): CallAudioRouteStateMachine: Message received: SPEAKER_OFF=1007, arg1=0: CARSM.mSPCR->CARSM.pM_SPEAKER_OFF@A7A
05-17 23:28:45.095 I/Telecom ( 1681): QuiescentEarpieceRoute: Processing message SPEAKER_OFF: CARSM.mSPCR->CARSM.pM_SPEAKER_OFF@A7A
05-17 23:28:45.102 I/Telecom ( 1681): CallAudioRouteStateMachine: Message received: SPEAKER_ON=1006, arg1=0: CARSM.mSPCR->CARSM.pM_SPEAKER_ON@A7E
05-17 23:28:45.102 I/Telecom ( 1681): QuiescentEarpieceRoute: Processing message SPEAKER_ON: CARSM.mSPCR->CARSM.pM_SPEAKER_ON@A7E
05-17 23:28:46.675 D/ConnectivityService( 1681): NetReassign [no changes]
05-17 23:28:47.052 I/Telecom ( 1681): CallAudioRouteStateMachine: Message received: SPEAKER_OFF=1007, arg1=0: CARSM.mSPCR->CARSM.pM_SPEAKER_OFF@A7Q
05-17 23:28:47.052 I/Telecom ( 1681): QuiescentEarpieceRoute: Processing message SPEAKER_OFF: CARSM.mSPCR->CARSM.pM_SPEAKER_OFF@A7Q
05-17 23:28:47.057 I/Telecom ( 1681): CallAudioRouteStateMachine: Message received: SPEAKER_ON=1006, arg1=0: CARSM.mSPCR->CARSM.pM_SPEAKER_ON@A7U
05-17 23:28:47.058 I/Telecom ( 1681): QuiescentEarpieceRoute: Processing message SPEAKER_ON: CARSM.mSPCR->CARSM.pM_SPEAKER_ON@A7U
05-17 23:28:49.698 D/ConnectivityService( 1681): NetReassign [no changes]
05-17 23:28:55.755 I/chatty  ( 1681): uid=1000(system) ConnectivitySer identical 2 lines
05-17 23:28:58.780 D/ConnectivityService( 1681): NetReassign [no changes]
05-17 23:28:59.447 I/vendor.google.wifi_ext@1.0-service-vendor(  995): Wifi: Reseting SAR Scenario to default
05-17 23:29:01.799 D/ConnectivityService( 1681): NetReassign [no changes]
05-17 23:29:02.776 I/vendor.google.wifi_ext@1.0-service-vendor(  995): Wifi: Setting SAR Scenario to 3
05-17 23:29:04.821 D/ConnectivityService( 1681): NetReassign [no changes]
05-17 23:29:07.848 D/ConnectivityService( 1681): NetReassign [no changes]
05-17 23:29:08.430 W/BroadcastQueue( 1681): Background execution not allowed: receiving Intent { act=action_alarm flg=0x14 (has extras) } to com.didapinche.booking/.push.StartPushReceiver
05-17 23:29:10.747 D/PowerUI ( 2202): can't show warning due to - plugged: true status unknown: false
05-17 23:29:10.874 D/ConnectivityService( 1681): NetReassign [no changes]
05-17 23:29:11.943 W/Looper  ( 1681): Slow dispatch took 5003ms android.fg h=android.os.Handler c=java.util.concurrent.FutureTask@f594a27 m=0
05-17 23:29:11.943 W/Looper  ( 1681): Slow delivery took 3527ms android.fg h=com.android.server.AppStateTracker$MyHandler c=null m=12
05-17 23:29:11.949 W/Looper  ( 1681): Drained
05-17 23:29:13.884 D/ConnectivityService( 1681): NetReassign [no changes]
05-17 23:29:14.979 I/vendor.google.wifi_ext@1.0-service-vendor(  995): Wifi: Reseting SAR Scenario to default
05-17 23:29:15.348 I/vendor.google.wifi_ext@1.0-service-vendor(  995): Wifi: Setting SAR Scenario to 3
05-17 23:29:16.902 D/ConnectivityService( 1681): NetReassign [no changes]
05-17 23:29:44.147 I/chatty  ( 1681): uid=1000(system) ConnectivitySer identical 9 lines
05-17 23:29:47.176 D/ConnectivityService( 1681): NetReassign [no changes]
05-17 23:29:47.426 I/vendor.google.wifi_ext@1.0-service-vendor(  995): Wifi: Reseting SAR Scenario to default
05-17 23:29:48.396 I/DropBoxManagerService( 1681): add tag=event_log isTagEnabled=true flags=0x2
05-17 23:29:48.408 W/BroadcastQueue( 1681): Background execution not allowed: receiving Intent { act=android.intent.action.DROPBOX_ENTRY_ADDED flg=0x10 (has extras) } to com.google.android.gms/.stats.service.DropBoxEntryAddedReceiver
05-17 23:29:48.408 W/BroadcastQueue( 1681): Background execution not allowed: receiving Intent { act=android.intent.action.DROPBOX_ENTRY_ADDED flg=0x10 (has extras) } to com.google.android.gms/.chimera.GmsIntentOperationService$PersistentTrustedReceiver
05-17 23:29:48.467 I/DropBoxManagerService( 1681): add tag=platform_stats_bookmark isTagEnabled=true flags=0x2
05-17 23:29:48.472 W/BroadcastQueue( 1681): Background execution not allowed: receiving Intent { act=android.intent.action.DROPBOX_ENTRY_ADDED flg=0x10 (has extras) } to com.google.android.gms/.stats.service.DropBoxEntryAddedReceiver
05-17 23:29:48.472 W/BroadcastQueue( 1681): Background execution not allowed: receiving Intent { act=android.intent.action.DROPBOX_ENTRY_ADDED flg=0x10 (has extras) } to com.google.android.gms/.chimera.GmsIntentOperationService$PersistentTrustedReceiver
05-17 23:29:49.841 D/ConnectivityService( 1681): requestNetwork for uid/pid:10157/3394 NetworkRequest [ REQUEST id=305, [ Transports: CELLULAR Capabilities: INTERNET&NOT_RESTRICTED&TRUSTED&NOT_VPN Uid: 10157 AdministratorUids: [] RequestorUid: 10157 RequestorPackageName: com.google.android.googlequicksearchbox] ]
05-17 23:29:49.843 D/ConnectivityService( 1681): NetReassign [305 : null  100]
05-17 23:29:49.848 D/ConnectivityService( 1681): reportNetworkConnectivity(101, false) by 10157
05-17 23:29:50.159 W/BroadcastQueue( 1681): Background execution not allowed: receiving Intent { act=android.net.conn.NETWORK_CONDITIONS_MEASURED flg=0x10 (has extras) } to com.google.android.gms/.chimera.GmsIntentOperationService$PersistentTrustedReceiver
05-17 23:29:50.161 D/ConnectivityService( 1681): [101 WIFI] validation passed
05-17 23:29:50.189 D/ConnectivityService( 1681): NetReassign [no changes]
05-17 23:29:59.263 I/chatty  ( 1681): uid=1000(system) ConnectivitySer identical 3 lines
05-17 23:30:02.281 D/ConnectivityService( 1681): NetReassign [no changes]
05-17 23:30:03.007 V/SoundTriggerService( 1681): 9f6ad62a-1f0b-11e7-87c5-40a8f03d3f15: Generic sound trigger event: GenericRecognitionEvent ::RecognitionEvent [status=0, soundModelHandle=14, captureAvailable=true, captureSession=1017, captureDelayMs=0, capturePreambleMs=0, triggerInData=false, sampleRate=16000, encoding=2, channelMask=16, data=19]
05-17 23:30:03.018 V/SoundTriggerService( 1681): 9f6ad62a-1f0b-11e7-87c5-40a8f03d3f15: onServiceConnected(android.os.BinderProxy@656a654)
05-17 23:30:03.019 V/SoundTriggerService( 1681): 9f6ad62a-1f0b-11e7-87c5-40a8f03d3f15: runOp 0
05-17 23:30:04.445 V/SoundTriggerService( 1681): 9f6ad62a-1f0b-11e7-87c5-40a8f03d3f15: destroy
05-17 23:30:04.447 I/SoundTriggerService( 1681): startRecognition(): id = 9f6ad62a-1f0b-11e7-87c5-40a8f03d3f15
05-17 23:30:04.447 W/SoundTriggerHelper( 1681): Canceling previous recognition for model id: 9f6ad62a-1f0b-11e7-87c5-40a8f03d3f15
05-17 23:30:04.447 V/SoundTriggerService( 1681): 9f6ad62a-1f0b-11e7-87c5-40a8f03d3f15: onError: -2147483648
05-17 23:30:04.452 W/SoundTriggerService( 1681): 9f6ad62a-1f0b-11e7-87c5-40a8f03d3f15: Dropped operation as already destroyed or marked for destruction
05-17 23:30:04.508 I/SoundTriggerHelper( 1681): startRecognition successful.
05-17 23:30:04.510 E/SoundTriggerService( 1681): error onStart(): Model 9f6ad62a-1f0b-11e7-87c5-40a8f03d3f15 already started
05-17 23:30:05.310 D/ConnectivityService( 1681): NetReassign [no changes]
05-17 23:30:08.330 D/ConnectivityService( 1681): NetReassign [no changes]
05-17 23:30:10.748 D/PowerUI ( 2202): can't show warning due to - plugged: true status unknown: false
05-17 23:30:11.353 D/ConnectivityService( 1681): NetReassign [no changes]
05-17 23:30:14.367 D/ConnectivityService( 1681): NetReassign [no changes]
05-17 23:30:14.791 W/AppOps  ( 1681): Noting op not finished: uid 10143 pkg com.google.android.gms code 79 startTime of in progress event=1621260329888
05-17 23:30:14.798 W/AppOps  ( 1681): Noting op not finished: uid 10143 pkg com.google.android.gms code 79 startTime of in progress event=1621262830685
05-17 23:30:17.398 D/ConnectivityService( 1681): NetReassign [no changes]
05-17 23:30:19.844 I/ActivityTaskManager( 1681): START u0 {act=android.intent.action.MAIN cat=[android.intent.category.LAUNCHER] flg=0x10200000 cmp=com.huawei.welink/huawei.w3.ui.welcome.W3SplashScreenActivity bnds=[842,1139][1043,1466]} from uid 10201
05-17 23:30:19.859 W/ActivityTaskManager( 1681): Tried to set launchTime (0) < mLastActivityLaunchTime (6901854)
05-17 23:30:20.420 D/ConnectivityService( 1681): NetReassign [no changes]
05-17 23:30:21.259 I/ActivityTaskManager( 1681): START u0 {act=com.huawei.espace.module.chat.chatfragment flg=0x10000000 cmp=com.huawei.welink/com.huawei.hwespace.module.chat.ui.ChatActivity (has extras)} from uid 10257
05-17 23:30:21.274 W/ActivityTaskManager( 1681): Tried to set launchTime (0) < mLastActivityLaunchTime (7320767)
05-17 23:30:21.749 D/ContentCapturePerUserService( 1681): Notified activity assist data for activity: Token{509630b ActivityRecord{6aeb5e8 u0 com.huawei.welink/com.huawei.hwespace.module.chat.ui.ChatActivity t5427}} without a session Id
05-17 23:30:22.175 D/ConnectivityService( 1681): reportNetworkConnectivity(101, false) by 10157
05-17 23:30:22.454 W/BroadcastQueue( 1681): Background execution not allowed: receiving Intent { act=android.net.conn.NETWORK_CONDITIONS_MEASURED flg=0x10 (has extras) } to com.google.android.gms/.chimera.GmsIntentOperationService$PersistentTrustedReceiver
05-17 23:30:22.459 D/ConnectivityService( 1681): [101 WIFI] validation passed
05-17 23:30:22.622 I/ActivityTaskManager( 1681): START u0 {act=com.huawei.espace.module.chat.chatfragment cmp=com.huawei.welink/com.huawei.hwespace.module.chat.ui.ChatActivity (has extras)} from uid 10257
05-17 23:30:22.631 W/ActivityTaskManager( 1681): Tried to set launchTime (0) < mLastActivityLaunchTime (7322182)
05-17 23:30:23.125 D/ContentCapturePerUserService( 1681): Notified activity assist data for activity: Token{959f197 ActivityRecord{4b20f84 u0 com.huawei.welink/com.huawei.hwespace.module.chat.ui.ChatActivity t5427}} without a session Id
05-17 23:30:23.423 D/ConnectivityService( 1681): NetReassign [no changes]
05-17 23:30:23.838 D/CompatibilityChangeReporter( 1681): Compat change id reported: 149924527; UID 10257; state: ENABLED
05-17 23:30:23.839 D/CompatibilityChangeReporter( 1681): Compat change id reported: 132649864; UID 10257; state: DISABLED
05-17 23:30:24.102 W/Looper  ( 1681): Slow dispatch took 5002ms android.fg h=android.os.Handler c=java.util.concurrent.FutureTask@c31f39d m=0
05-17 23:30:24.103 W/Looper  ( 1681): Slow delivery took 5001ms android.fg h=android.os.Handler c=com.android.server.location.-$$Lambda$AppForegroundHelper$7asxY_maANt1D_AUTchqbCjktH0@1ecc012 m=0
05-17 23:30:24.103 W/Looper  ( 1681): Drained
05-17 23:30:24.610 I/ActivityTaskManager( 1681): START u0 {act=android.content.pm.action.REQUEST_PERMISSIONS pkg=com.google.android.permissioncontroller cmp=com.google.android.permissioncontroller/com.android.permissioncontroller.permission.ui.GrantPermissionsActivity (has extras)} from uid 10257
05-17 23:30:24.649 W/ActivityTaskManager( 1681): Tried to set launchTime (0) < mLastActivityLaunchTime (6678713)
05-17 23:30:25.427 D/TwilightService( 1681): onLocationChanged: provider=fused accuracy=20.1 time=1621265425417
05-17 23:30:25.430 D/ColorDisplayService( 1681): onTwilightStateChanged: isNight=true
05-17 23:30:26.171 I/ActivityTaskManager( 1681): START u0 {cmp=com.huawei.welink/com.huawei.it.w3m.widget.camera.ui.CameraActivity (has extras)} from uid 10257
05-17 23:30:26.218 W/ActivityTaskManager( 1681): Tried to set launchTime (0) < mLastActivityLaunchTime (7323539)
05-17 23:30:26.440 D/ConnectivityService( 1681): NetReassign [no changes]
05-17 23:30:26.729 I/vendor.google.wifi_ext@1.0-service-vendor(  995): Wifi: Setting SAR Scenario to 3
05-17 23:30:29.467 D/ConnectivityService( 1681): NetReassign [no changes]
05-17 23:30:56.637 I/chatty  ( 1681): uid=1000(system) ConnectivitySer identical 9 lines
05-17 23:30:59.658 D/ConnectivityService( 1681): NetReassign [no changes]
05-17 23:31:02.182 D/ConnectivityService( 1681): releasing NetworkRequest [ REQUEST id=305, [ Transports: CELLULAR Capabilities: INTERNET&NOT_RESTRICTED&TRUSTED&NOT_VPN Uid: 10157 AdministratorUids: [] RequestorUid: 10157 RequestorPackageName: com.google.android.googlequicksearchbox] ] (release request)
05-17 23:31:02.687 D/ConnectivityService( 1681): NetReassign [no changes]
05-17 23:31:05.703 D/ConnectivityService( 1681): NetReassign [no changes]
05-17 23:31:06.082 D/NotificationService( 1681): 0|com.huawei.welink|3452698|com.huawei.works.im_304173911346532352|10257: granting content://settings/system/notification_sound
05-17 23:31:06.085 I/chatty  ( 1681): uid=1000(system) Binder:1681_3 identical 3 lines
05-17 23:31:06.085 D/NotificationService( 1681): 0|com.huawei.welink|3452698|com.huawei.works.im_304173911346532352|10257: granting content://settings/system/notification_sound
05-17 23:31:06.087 W/NotificationHistory( 1681): Attempted to add notif for locked/gone/disabled user 0
05-17 23:31:07.568 W/NotificationHistory( 1681): Attempted to add notif for locked/gone/disabled user 0
05-17 23:31:08.729 D/ConnectivityService( 1681): NetReassign [no changes]
05-17 23:31:10.749 D/PowerUI ( 2202): can't show warning due to - plugged: true status unknown: false
05-17 23:31:11.290 I/ActivityTaskManager( 1681): START u0 {act=android.intent.action.VIEW dat=hwwelink://welink.huawei.com?uri=ui://welink.im/ChatActivity?from=im&tab_index=0&com.huawei.extra.MESSAGE_ID=81063273353489451&groupId=304173911346532352 flg=0x14000000 cmp=com.huawei.welink/huawei.w3.ui.welcome.W3SplashScreenActivity (has extras)} from uid 10257
05-17 23:31:11.306 W/ActivityTaskManager( 1681): Tried to set launchTime (0) < mLastActivityLaunchTime (7327126)
05-17 23:31:11.472 I/ActivityTaskManager( 1681): START u0 {cmp=com.huawei.welink/com.huawei.hwespace.module.chat.ui.ChatActivity (has extras)} from uid 10257
05-17 23:31:11.741 D/ConnectivityService( 1681): NetReassign [no changes]
05-17 23:31:14.754 D/ConnectivityService( 1681): NetReassign [no changes]
05-17 23:31:15.637 D/NotificationService( 1681): 0|com.huawei.welink|3452698|com.huawei.works.im_zhongkun@d269553246|10257: granting content://settings/system/notification_sound
05-17 23:31:15.637 I/chatty  ( 1681): uid=1000(system) Binder:1681_3 identical 3 lines
05-17 23:31:15.637 D/NotificationService( 1681): 0|com.huawei.welink|3452698|com.huawei.works.im_zhongkun@d269553246|10257: granting content://settings/system/notification_sound
05-17 23:31:15.639 W/NotificationHistory( 1681): Attempted to add notif for locked/gone/disabled user 0
05-17 23:31:16.136 E/NotificationService( 1681): No vibration for canceled notification : 0|com.huawei.welink|3452698|com.huawei.works.im_zhongkun@d269553246|10257
05-17 23:31:17.770 D/ConnectivityService( 1681): NetReassign [no changes]
05-17 23:31:19.986 I/ActivityTaskManager( 1681): START u0 {act=com.huawei.espace.module.chat.chatfragment cmp=com.huawei.welink/com.huawei.hwespace.module.chat.ui.ChatActivity (has extras)} from uid 10257
05-17 23:31:19.996 W/ActivityTaskManager( 1681): Tried to set launchTime (0) < mLastActivityLaunchTime (7372213)
05-17 23:31:20.266 D/ContentCapturePerUserService( 1681): Notified activity assist data for activity: Token{eb06b26 ActivityRecord{7276367 u0 com.huawei.welink/com.huawei.hwespace.module.chat.ui.ChatActivity t5427}} without a session Id
05-17 23:31:20.788 D/ConnectivityService( 1681): NetReassign [no changes]
05-17 23:31:23.807 D/ConnectivityService( 1681): NetReassign [no changes]
05-17 23:31:24.364 W/AppOps  ( 1681): Noting op not finished: uid 10120 pkg com.google.android.apps.scone code 79 startTime of in progress event=1621258493187
05-17 23:31:26.816 D/ConnectivityService( 1681): NetReassign [no changes]
05-17 23:31:29.018 I/DropBoxManagerService( 1681): add tag=event_data isTagEnabled=true flags=0x2
05-17 23:31:29.025 W/BroadcastQueue( 1681): Background execution not allowed: receiving Intent { act=android.intent.action.DROPBOX_ENTRY_ADDED flg=0x10 (has extras) } to com.google.android.gms/.stats.service.DropBoxEntryAddedReceiver
05-17 23:31:29.025 W/BroadcastQueue( 1681): Background execution not allowed: receiving Intent { act=android.intent.action.DROPBOX_ENTRY_ADDED flg=0x10 (has extras) } to com.google.android.gms/.chimera.GmsIntentOperationService$PersistentTrustedReceiver
05-17 23:31:29.052 I/DropBoxManagerService( 1681): add tag=dumpsys:account isTagEnabled=true flags=0x2
05-17 23:31:29.056 W/BroadcastQueue( 1681): Background execution not allowed: receiving Intent { act=android.intent.action.DROPBOX_ENTRY_ADDED flg=0x10 (has extras) } to com.google.android.gms/.stats.service.DropBoxEntryAddedReceiver
05-17 23:31:29.056 W/BroadcastQueue( 1681): Background execution not allowed: receiving Intent { act=android.intent.action.DROPBOX_ENTRY_ADDED flg=0x10 (has extras) } to com.google.android.gms/.chimera.GmsIntentOperationService$PersistentTrustedReceiver
05-17 23:31:29.665 V/SoundTriggerService( 1681): 9f6ad62a-1f0b-11e7-87c5-40a8f03d3f15: Generic sound trigger event: GenericRecognitionEvent ::RecognitionEvent [status=0, soundModelHandle=14, captureAvailable=true, captureSession=1017, captureDelayMs=0, capturePreambleMs=0, triggerInData=false, sampleRate=16000, encoding=2, channelMask=16, data=19]
05-17 23:31:29.672 V/SoundTriggerService( 1681): 9f6ad62a-1f0b-11e7-87c5-40a8f03d3f15: onServiceConnected(android.os.BinderProxy@49bb719)
05-17 23:31:29.672 V/SoundTriggerService( 1681): 9f6ad62a-1f0b-11e7-87c5-40a8f03d3f15: runOp 0
05-17 23:31:29.853 D/ConnectivityService( 1681): NetReassign [no changes]
05-17 23:31:30.776 W/AppOps  ( 1681): Noting op not finished: uid 10120 pkg com.google.android.apps.scone code 79 startTime of in progress event=1621258493187
05-17 23:31:32.301 V/SoundTriggerService( 1681): 9f6ad62a-1f0b-11e7-87c5-40a8f03d3f15: destroy
05-17 23:31:32.303 I/SoundTriggerService( 1681): startRecognition(): id = 9f6ad62a-1f0b-11e7-87c5-40a8f03d3f15
05-17 23:31:32.304 W/SoundTriggerHelper( 1681): Canceling previous recognition for model id: 9f6ad62a-1f0b-11e7-87c5-40a8f03d3f15
05-17 23:31:32.304 V/SoundTriggerService( 1681): 9f6ad62a-1f0b-11e7-87c5-40a8f03d3f15: onError: -2147483648
05-17 23:31:32.308 W/SoundTriggerService( 1681): 9f6ad62a-1f0b-11e7-87c5-40a8f03d3f15: Dropped operation as already destroyed or marked for destruction
05-17 23:31:32.370 I/SoundTriggerHelper( 1681): startRecognition successful.
05-17 23:31:32.371 E/SoundTriggerService( 1681): error onStart(): Model 9f6ad62a-1f0b-11e7-87c5-40a8f03d3f15 already started
05-17 23:31:32.869 D/ConnectivityService( 1681): NetReassign [no changes]
05-17 23:31:34.628 D/CompatibilityChangeReporter( 1681): Compat change id reported: 135634846; UID 10156; state: DISABLED
05-17 23:31:34.628 D/CompatibilityChangeReporter( 1681): Compat change id reported: 135754954; UID 10156; state: DISABLED
05-17 23:31:34.629 D/CompatibilityChangeReporter( 1681): Compat change id reported: 143937733; UID 10156; state: DISABLED
05-17 23:31:34.644 I/ActivityManager( 1681): Start proc 4410:com.google.android.apps.turbo:aab/u0a156 for service {com.google.android.apps.turbo/com.google.android.libraries.smartbattery.appusage.library.InferAppBucketsJob}
05-17 23:31:35.726 D/NotificationService( 1681): 0|com.huawei.welink|3452698|com.huawei.works.im_304173911346532352|10257: granting content://settings/system/notification_sound
05-17 23:31:35.731 I/chatty  ( 1681): uid=1000(system) Binder:1681_3 identical 3 lines
05-17 23:31:35.731 D/NotificationService( 1681): 0|com.huawei.welink|3452698|com.huawei.works.im_304173911346532352|10257: granting content://settings/system/notification_sound
05-17 23:31:35.734 W/NotificationHistory( 1681): Attempted to add notif for locked/gone/disabled user 0
05-17 23:31:35.880 D/ConnectivityService( 1681): NetReassign [no changes]
05-17 23:31:37.175 W/AppOps  ( 1681): Noting op not finished: uid 10120 pkg com.google.android.apps.scone code 79 startTime of in progress event=1621258493187
05-17 23:31:38.908 D/ConnectivityService( 1681): NetReassign [no changes]
05-17 23:31:40.390 W/AppOps  ( 1681): Noting op not finished: uid 10120 pkg com.google.android.apps.scone code 79 startTime of in progress event=1621258493187
05-17 23:31:41.925 D/ConnectivityService( 1681): NetReassign [no changes]
05-17 23:31:43.262 D/NotificationService( 1681): 0|com.huawei.welink|3452698|com.huawei.works.im_zhongkun@d269553246|10257: granting content://settings/system/notification_sound
05-17 23:31:43.264 I/chatty  ( 1681): uid=1000(system) Binder:1681_3 identical 3 lines
05-17 23:31:43.264 D/NotificationService( 1681): 0|com.huawei.welink|3452698|com.huawei.works.im_zhongkun@d269553246|10257: granting content://settings/system/notification_sound
05-17 23:31:43.266 W/NotificationHistory( 1681): Attempted to add notif for locked/gone/disabled user 0
05-17 23:31:44.058 I/ActivityTaskManager( 1681): START u0 {act=com.huawei.espace.module.chat.chatfragment cmp=com.huawei.welink/com.huawei.hwespace.module.chat.ui.ChatActivity (has extras)} from uid 10257
05-17 23:31:44.074 W/ActivityTaskManager( 1681): Tried to set launchTime (0) < mLastActivityLaunchTime (7380903)
05-17 23:31:44.342 D/ContentCapturePerUserService( 1681): Notified activity assist data for activity: Token{a28ab7c ActivityRecord{578fc05 u0 com.huawei.welink/com.huawei.hwespace.module.chat.ui.ChatActivity t5427}} without a session Id
05-17 23:31:44.955 D/ConnectivityService( 1681): NetReassign [no changes]
05-17 23:31:50.988 I/chatty  ( 1681): uid=1000(system) ConnectivitySer identical 2 lines
05-17 23:31:54.018 D/ConnectivityService( 1681): NetReassign [no changes]
05-17 23:31:55.342 D/NotificationService( 1681): 0|com.huawei.welink|3452698|com.huawei.works.im_304173911346532352|10257: granting content://settings/system/notification_sound
05-17 23:31:55.342 I/chatty  ( 1681): uid=1000(system) Binder:1681_3 identical 3 lines
05-17 23:31:55.342 D/NotificationService( 1681): 0|com.huawei.welink|3452698|com.huawei.works.im_304173911346532352|10257: granting content://settings/system/notification_sound
05-17 23:31:55.343 W/NotificationHistory( 1681): Attempted to add notif for locked/gone/disabled user 0
05-17 23:31:57.035 D/ConnectivityService( 1681): NetReassign [no changes]
05-17 23:32:03.091 I/chatty  ( 1681): uid=1000(system) ConnectivitySer identical 2 lines
05-17 23:32:06.108 D/ConnectivityService( 1681): NetReassign [no changes]
05-17 23:32:08.772 I/ActivityTaskManager( 1681): START u0 {act=com.huawei.espace.module.chat.chatfragment flg=0x10000000 cmp=com.huawei.welink/com.huawei.hwespace.module.chat.ui.ChatActivity (has extras)} from uid 10257
05-17 23:32:08.784 W/ActivityTaskManager( 1681): Tried to set launchTime (0) < mLastActivityLaunchTime (7404981)
05-17 23:32:08.956 D/ContentCapturePerUserService( 1681): Notified activity assist data for activity: Token{3c864d8 ActivityRecord{21cf031 u0 com.huawei.welink/com.huawei.hwespace.module.chat.ui.ChatActivity t5427}} without a session Id
05-17 23:32:09.120 D/ConnectivityService( 1681): NetReassign [no changes]
05-17 23:32:10.741 D/PowerUI ( 2202): can't show warning due to - plugged: true status unknown: false
05-17 23:32:12.144 D/ConnectivityService( 1681): NetReassign [no changes]
05-17 23:32:21.196 I/chatty  ( 1681): uid=1000(system) ConnectivitySer identical 3 lines
05-17 23:32:24.217 D/ConnectivityService( 1681): NetReassign [no changes]
05-17 23:32:25.486 V/SoundTriggerService( 1681): 9f6ad62a-1f0b-11e7-87c5-40a8f03d3f15: Generic sound trigger event: GenericRecognitionEvent ::RecognitionEvent [status=0, soundModelHandle=14, captureAvailable=true, captureSession=1017, captureDelayMs=0, capturePreambleMs=0, triggerInData=false, sampleRate=16000, encoding=2, channelMask=16, data=19]
05-17 23:32:25.494 V/SoundTriggerService( 1681): 9f6ad62a-1f0b-11e7-87c5-40a8f03d3f15: onServiceConnected(android.os.BinderProxy@c113b0)
05-17 23:32:25.494 V/SoundTriggerService( 1681): 9f6ad62a-1f0b-11e7-87c5-40a8f03d3f15: runOp 0
05-17 23:32:27.227 D/ConnectivityService( 1681): NetReassign [no changes]
05-17 23:32:27.283 V/SoundTriggerService( 1681): 9f6ad62a-1f0b-11e7-87c5-40a8f03d3f15: destroy
05-17 23:32:27.285 I/SoundTriggerService( 1681): startRecognition(): id = 9f6ad62a-1f0b-11e7-87c5-40a8f03d3f15
05-17 23:32:27.286 W/SoundTriggerHelper( 1681): Canceling previous recognition for model id: 9f6ad62a-1f0b-11e7-87c5-40a8f03d3f15
05-17 23:32:27.286 V/SoundTriggerService( 1681): 9f6ad62a-1f0b-11e7-87c5-40a8f03d3f15: onError: -2147483648
05-17 23:32:27.288 W/SoundTriggerService( 1681): 9f6ad62a-1f0b-11e7-87c5-40a8f03d3f15: Dropped operation as already destroyed or marked for destruction
05-17 23:32:27.347 I/SoundTriggerHelper( 1681): startRecognition successful.
05-17 23:32:27.347 E/SoundTriggerService( 1681): error onStart(): Model 9f6ad62a-1f0b-11e7-87c5-40a8f03d3f15 already started
05-17 23:32:30.255 D/ConnectivityService( 1681): NetReassign [no changes]
05-17 23:32:39.338 I/chatty  ( 1681): uid=1000(system) ConnectivitySer identical 3 lines
05-17 23:32:42.359 D/ConnectivityService( 1681): NetReassign [no changes]
05-17 23:32:44.880 I/vendor.google.wifi_ext@1.0-service-vendor(  995): Wifi: Reseting SAR Scenario to default
05-17 23:32:45.374 D/ConnectivityService( 1681): NetReassign [no changes]
05-17 23:32:51.416 I/chatty  ( 1681): uid=1000(system) ConnectivitySer identical 2 lines
05-17 23:32:54.434 D/ConnectivityService( 1681): NetReassign [no changes]
05-17 23:32:54.778 I/ActivityTaskManager( 1681): START u0 {flg=0x20000000 cmp=com.huawei.welink/com.huawei.hwespace.module.chat.ui.MediaBrowseActivity (has extras)} from uid 10257
05-17 23:32:54.790 W/ActivityTaskManager( 1681): Tried to set launchTime (0) < mLastActivityLaunchTime (7429692)
05-17 23:32:57.443 D/ConnectivityService( 1681): NetReassign [no changes]
05-17 23:33:03.508 I/chatty  ( 1681): uid=1000(system) ConnectivitySer identical 2 lines
05-17 23:33:06.526 D/ConnectivityService( 1681): NetReassign [no changes]
05-17 23:33:09.340 I/vendor.google.wifi_ext@1.0-service-vendor(  995): Wifi: Setting SAR Scenario to 3
05-17 23:33:09.546 D/ConnectivityService( 1681): NetReassign [no changes]
05-17 23:33:10.734 D/PowerUI ( 2202): can't show warning due to - plugged: true status unknown: false
05-17 23:33:12.564 D/ConnectivityService( 1681): NetReassign [no changes]
05-17 23:33:15.584 I/chatty  ( 1681): uid=1000(system) ConnectivitySer identical 1 line
05-17 23:33:18.604 D/ConnectivityService( 1681): NetReassign [no changes]
05-17 23:33:19.516 W/BroadcastQueue( 1681): Permission Denial: broadcasting Intent { act=com.google.android.checkin.CHECKIN_COMPLETE flg=0x1000010 (has extras) } from com.google.android.gms (pid=3734, uid=10143) is not exported from uid 10154 due to receiver com.android.vending/com.google.android.finsky.checkin.CheckinReceiver
05-17 23:33:21.617 D/ConnectivityService( 1681): NetReassign [no changes]
05-17 23:33:21.955 V/SoundTriggerService( 1681): 9f6ad62a-1f0b-11e7-87c5-40a8f03d3f15: Generic sound trigger event: GenericRecognitionEvent ::RecognitionEvent [status=0, soundModelHandle=14, captureAvailable=true, captureSession=1017, captureDelayMs=0, capturePreambleMs=0, triggerInData=false, sampleRate=16000, encoding=2, channelMask=16, data=19]
05-17 23:33:21.959 V/SoundTriggerService( 1681): 9f6ad62a-1f0b-11e7-87c5-40a8f03d3f15: onServiceConnected(android.os.BinderProxy@dc92d4f)
05-17 23:33:21.959 V/SoundTriggerService( 1681): 9f6ad62a-1f0b-11e7-87c5-40a8f03d3f15: runOp 0
05-17 23:33:23.445 V/SoundTriggerService( 1681): 9f6ad62a-1f0b-11e7-87c5-40a8f03d3f15: destroy
05-17 23:33:23.447 I/SoundTriggerService( 1681): startRecognition(): id = 9f6ad62a-1f0b-11e7-87c5-40a8f03d3f15
05-17 23:33:23.447 W/SoundTriggerHelper( 1681): Canceling previous recognition for model id: 9f6ad62a-1f0b-11e7-87c5-40a8f03d3f15
05-17 23:33:23.447 V/SoundTriggerService( 1681): 9f6ad62a-1f0b-11e7-87c5-40a8f03d3f15: onError: -2147483648
05-17 23:33:23.450 W/SoundTriggerService( 1681): 9f6ad62a-1f0b-11e7-87c5-40a8f03d3f15: Dropped operation as already destroyed or marked for destruction
05-17 23:33:23.504 I/SoundTriggerHelper( 1681): startRecognition successful.
05-17 23:33:23.504 E/SoundTriggerService( 1681): error onStart(): Model 9f6ad62a-1f0b-11e7-87c5-40a8f03d3f15 already started
05-17 23:33:24.639 D/ConnectivityService( 1681): NetReassign [no changes]
05-17 23:33:48.790 I/chatty  ( 1681): uid=1000(system) ConnectivitySer identical 8 lines
05-17 23:33:51.805 D/ConnectivityService( 1681): NetReassign [no changes]
05-17 23:33:54.172 I/ActivityTaskManager( 1681): START u0 {cmp=com.huawei.welink/com.huawei.hwespace.module.chat.ui.AtContactChooseActivity (has extras)} from uid 10257
05-17 23:33:54.189 W/ActivityTaskManager( 1681): Tried to set launchTime (0) < mLastActivityLaunchTime (7475697)
05-17 23:33:54.813 D/ConnectivityService( 1681): NetReassign [no changes]
05-17 23:34:03.884 I/chatty  ( 1681): uid=1000(system) ConnectivitySer identical 3 lines
05-17 23:34:06.903 D/ConnectivityService( 1681): NetReassign [no changes]
05-17 23:34:07.274 I/vendor.google.wifi_ext@1.0-service-vendor(  995): Wifi: Reseting SAR Scenario to default
05-17 23:34:09.922 D/ConnectivityService( 1681): NetReassign [no changes]
05-17 23:34:10.746 D/PowerUI ( 2202): can't show warning due to - plugged: true status unknown: false
05-17 23:34:11.589 I/ActivityTaskManager( 1681): START u0 {act=com.huawei.espace.module.chat.chatfragment cmp=com.huawei.welink/com.huawei.hwespace.module.chat.ui.ChatActivity (has extras)} from uid 10257
05-17 23:34:11.603 W/ActivityTaskManager( 1681): Tried to set launchTime (0) < mLastActivityLaunchTime (7535096)
05-17 23:34:11.839 D/ContentCapturePerUserService( 1681): Notified activity assist data for activity: Token{a8ce6d4 ActivityRecord{84b107d u0 com.huawei.welink/com.huawei.hwespace.module.chat.ui.ChatActivity t5427}} without a session Id
05-17 23:34:12.932 D/ConnectivityService( 1681): NetReassign [no changes]
05-17 23:34:14.833 W/AppOps  ( 1681): Noting op not finished: uid 10143 pkg com.google.android.gms code 79 startTime of in progress event=1621260329888
05-17 23:34:14.840 W/AppOps  ( 1681): Noting op not finished: uid 10143 pkg com.google.android.gms code 79 startTime of in progress event=1621262830685
05-17 23:34:15.943 D/ConnectivityService( 1681): NetReassign [no changes]
05-17 23:34:15.955 E/ActivityThread(15554): Failed to find provider info for com.android.badge
05-17 23:34:17.776 V/SoundTriggerService( 1681): 9f6ad62a-1f0b-11e7-87c5-40a8f03d3f15: Generic sound trigger event: GenericRecognitionEvent ::RecognitionEvent [status=0, soundModelHandle=14, captureAvailable=true, captureSession=1017, captureDelayMs=0, capturePreambleMs=0, triggerInData=false, sampleRate=16000, encoding=2, channelMask=16, data=19]
05-17 23:34:17.782 V/SoundTriggerService( 1681): 9f6ad62a-1f0b-11e7-87c5-40a8f03d3f15: onServiceConnected(android.os.BinderProxy@e7e3bf5)
05-17 23:34:17.783 V/SoundTriggerService( 1681): 9f6ad62a-1f0b-11e7-87c5-40a8f03d3f15: runOp 0
05-17 23:34:18.950 D/ConnectivityService( 1681): NetReassign [no changes]
05-17 23:34:19.513 V/SoundTriggerService( 1681): 9f6ad62a-1f0b-11e7-87c5-40a8f03d3f15: destroy
05-17 23:34:19.520 I/SoundTriggerService( 1681): loadGenericSoundModel(): id = 9f6ad62a-1f0b-11e7-87c5-40a8f03d3f15
05-17 23:34:19.525 I/SoundTriggerService( 1681): loadGenericSoundModel(): id = 9f6ad62a-1f0b-11e7-87c5-40a8f03d3f15
05-17 23:34:19.525 W/SoundTriggerHelper( 1681): Unload error: Attempting unload invalid generic model with id:9f6ad62a-1f0b-11e7-87c5-40a8f03d3f15
05-17 23:34:19.527 I/SoundTriggerService( 1681): startRecognition(): id = 9f6ad62a-1f0b-11e7-87c5-40a8f03d3f15
05-17 23:34:19.863 I/SoundTriggerHelper( 1681): startRecognition successful.
05-17 23:34:19.864 E/SoundTriggerService( 1681): error onStart(): Model 9f6ad62a-1f0b-11e7-87c5-40a8f03d3f15 already started
05-17 23:34:21.968 D/ConnectivityService( 1681): NetReassign [no changes]
05-17 23:34:28.028 I/chatty  ( 1681): uid=1000(system) ConnectivitySer identical 2 lines
05-17 23:34:31.061 D/ConnectivityService( 1681): NetReassign [no changes]
05-17 23:34:31.342 I/ActivityTaskManager( 1681): START u0 {flg=0x20000 cmp=com.huawei.welink/com.huawei.hwespace.module.sharemessage.ui.ShareMessageStartActivity (has extras)} from uid 10257
05-17 23:34:31.354 W/ActivityTaskManager( 1681): Tried to set launchTime (0) < mLastActivityLaunchTime (7552511)
05-17 23:34:34.080 D/ConnectivityService( 1681): NetReassign [no changes]
05-17 23:34:34.243 D/ContentCapturePerUserService( 1681): Notified activity assist data for activity: Token{1b3d9a8 ActivityRecord{5d50cc1 u0 com.huawei.welink/com.huawei.hwespace.module.sharemessage.ui.ShareMessageStartActivity t5427}} without a session Id
05-17 23:34:37.104 D/ConnectivityService( 1681): NetReassign [no changes]
05-17 23:34:38.083 W/ActivityTaskManager( 1681): Duplicate finish request for r=ActivityRecord{5d50cc1 u0 com.huawei.welink/com.huawei.hwespace.module.sharemessage.ui.ShareMessageStartActivity t5427 f}}
05-17 23:34:40.110 D/ConnectivityService( 1681): NetReassign [no changes]
05-17 23:34:40.146 W/NotificationService( 1681): Toast already killed. pkg=com.huawei.welink token=android.os.BinderProxy@8a8a9ff
05-17 23:34:41.635 W/WindowManager( 1681): Unable to start animation, surface is null or no children.
05-17 23:34:43.128 D/ConnectivityService( 1681): NetReassign [no changes]
05-17 23:34:43.828 I/ActivityTaskManager( 1681): START u0 {act=com.huawei.espace.module.chat.chatfragment flg=0x10000000 cmp=com.huawei.welink/com.huawei.hwespace.module.chat.ui.ChatActivity (has extras)} from uid 10257
05-17 23:34:43.840 W/ActivityTaskManager( 1681): Tried to set launchTime (0) < mLastActivityLaunchTime (7572262)
05-17 23:34:43.997 D/ContentCapturePerUserService( 1681): Notified activity assist data for activity: Token{7a82cc7 ActivityRecord{929e2f4 u0 com.huawei.welink/com.huawei.hwespace.module.chat.ui.ChatActivity t5427}} without a session Id
05-17 23:34:46.152 D/ConnectivityService( 1681): NetReassign [no changes]
05-17 23:34:49.164 D/ConnectivityService( 1681): NetReassign [no changes]
05-17 23:34:51.137 W/WindowManager( 1681): removeWindowToken: Attempted to remove non-existing token: android.os.Binder@518925e
05-17 23:34:52.174 D/ConnectivityService( 1681): NetReassign [no changes]
05-17 23:34:53.012 D/CompatibilityChangeReporter( 1681): Compat change id reported: 135634846; UID 10249; state: DISABLED
05-17 23:34:53.013 D/CompatibilityChangeReporter( 1681): Compat change id reported: 143937733; UID 10249; state: DISABLED
05-17 23:34:53.025 I/ActivityManager( 1681): Start proc 5232:com.eset.ems2.web/u0a249 for broadcast {com.eset.ems2.web/com.eset.commoncore.core.broadcast.CoreReceiver}
05-17 23:34:55.188 D/ConnectivityService( 1681): NetReassign [no changes]
05-17 23:35:01.227 I/chatty  ( 1681): uid=1000(system) ConnectivitySer identical 2 lines
05-17 23:35:04.243 D/ConnectivityService( 1681): NetReassign [no changes]
05-17 23:35:05.318 D/NotificationService( 1681): 0|com.tencent.mm|1594674064|null|10231: granting content://settings/system/notification_sound
05-17 23:35:05.320 I/chatty  ( 1681): uid=1000(system) Binder:1681_3 identical 3 lines
05-17 23:35:05.320 D/NotificationService( 1681): 0|com.tencent.mm|1594674064|null|10231: granting content://settings/system/notification_sound
05-17 23:35:05.321 W/NotificationHistory( 1681): Attempted to add notif for locked/gone/disabled user 0
05-17 23:35:06.187 I/vendor.google.wifi_ext@1.0-service-vendor(  995): Wifi: Setting SAR Scenario to 3
05-17 23:35:07.258 D/ConnectivityService( 1681): NetReassign [no changes]
05-17 23:35:09.992 I/ActivityTaskManager( 1681): START u0 {flg=0x24000000 cmp=com.tencent.mm/.ui.LauncherUI (has extras)} from uid 10231
05-17 23:35:09.993 W/ActivityTaskManager( 1681): startActivity called from non-Activity context; forcing Intent.FLAG_ACTIVITY_NEW_TASK for: Intent { flg=0x24000000 cmp=com.tencent.mm/.ui.LauncherUI (has extras) }
05-17 23:35:10.271 D/ConnectivityService( 1681): NetReassign [no changes]
05-17 23:35:10.731 D/PowerUI ( 2202): can't show warning due to - plugged: true status unknown: false
05-17 23:35:13.297 D/ConnectivityService( 1681): NetReassign [no changes]
05-17 23:35:13.729 I/Telecom ( 1681): CallAudioRouteStateMachine: Message received: SPEAKER_OFF=1007, arg1=0: CARSM.mSPCR->CARSM.pM_SPEAKER_OFF@A8M
05-17 23:35:13.736 I/Telecom ( 1681): QuiescentEarpieceRoute: Processing message SPEAKER_OFF: CARSM.mSPCR->CARSM.pM_SPEAKER_OFF@A8M
05-17 23:35:13.736 I/Telecom ( 1681): CallAudioRouteStateMachine: Message received: SPEAKER_ON=1006, arg1=0: CARSM.mSPCR->CARSM.pM_SPEAKER_ON@A8Q
05-17 23:35:13.736 I/Telecom ( 1681): QuiescentEarpieceRoute: Processing message SPEAKER_ON: CARSM.mSPCR->CARSM.pM_SPEAKER_ON@A8Q
05-17 23:35:16.305 D/ConnectivityService( 1681): NetReassign [no changes]
05-17 23:35:25.354 I/chatty  ( 1681): uid=1000(system) ConnectivitySer identical 3 lines
05-17 23:35:28.371 D/ConnectivityService( 1681): NetReassign [no changes]
05-17 23:35:28.617 I/vendor.google.wifi_ext@1.0-service-vendor(  995): Wifi: Reseting SAR Scenario to default
05-17 23:35:30.924 D/ConnectivityService( 1681): requestNetwork for uid/pid:10157/3394 NetworkRequest [ REQUEST id=306, [ Transports: CELLULAR Capabilities: INTERNET&NOT_RESTRICTED&TRUSTED&NOT_VPN Uid: 10157 AdministratorUids: [] RequestorUid: 10157 RequestorPackageName: com.google.android.googlequicksearchbox] ]
05-17 23:35:30.925 D/ConnectivityService( 1681): NetReassign [306 : null  100]
05-17 23:35:30.926 D/ConnectivityService( 1681): reportNetworkConnectivity(101, false) by 10157
05-17 23:35:31.392 D/ConnectivityService( 1681): NetReassign [no changes]
05-17 23:35:32.268 W/BroadcastQueue( 1681): Background execution not allowed: receiving Intent { act=android.net.conn.NETWORK_CONDITIONS_MEASURED flg=0x10 (has extras) } to com.google.android.gms/.chimera.GmsIntentOperationService$PersistentTrustedReceiver
05-17 23:35:32.270 D/ConnectivityService( 1681): [101 WIFI] validation passed
05-17 23:35:32.673 I/vendor.google.wifi_ext@1.0-service-vendor(  995): Wifi: Setting SAR Scenario to 3
05-17 23:35:34.412 D/ConnectivityService( 1681): NetReassign [no changes]
05-17 23:35:40.450 I/chatty  ( 1681): uid=1000(system) ConnectivitySer identical 2 lines
05-17 23:35:43.479 D/ConnectivityService( 1681): NetReassign [no changes]
05-17 23:35:44.872 I/vendor.google.wifi_ext@1.0-service-vendor(  995): Wifi: Reseting SAR Scenario to default
05-17 23:35:46.503 D/ConnectivityService( 1681): NetReassign [no changes]
05-17 23:35:49.525 D/ConnectivityService( 1681): NetReassign [no changes]
05-17 23:35:49.672 I/vendor.google.wifi_ext@1.0-service-vendor(  995): Wifi: Setting SAR Scenario to 3
05-17 23:35:50.162 D/PowerUI ( 2202): can't show warning due to - plugged: true status unknown: false
05-17 23:35:50.168 D/PowerUI ( 2202): can't show warning due to - plugged: true status unknown: false
05-17 23:35:52.532 D/ConnectivityService( 1681): NetReassign [no changes]
05-17 23:35:55.534 D/ConnectivityService( 1681): NetReassign [no changes]
05-17 23:35:56.759 W/Looper  ( 1681): Slow dispatch took 5010ms android.fg h=android.os.Handler c=java.util.concurrent.FutureTask@94bb0f5 m=0
05-17 23:35:56.759 W/Looper  ( 1681): Slow delivery took 4948ms android.fg h=android.os.Handler c=android.app.-$$Lambda$LoadedApk$ReceiverDispatcher$Args$_BumDX2UKsnxLVrE6UJsJZkotuA@7a32e8a m=0
05-17 23:35:56.760 W/Looper  ( 1681): Drained
05-17 23:35:56.921 I/Telecom ( 1681): CallAudioRouteStateMachine: Message received: SPEAKER_OFF=1007, arg1=0: CARSM.mSPCR->CARSM.pM_SPEAKER_OFF@A8s
05-17 23:35:56.922 I/Telecom ( 1681): QuiescentEarpieceRoute: Processing message SPEAKER_OFF: CARSM.mSPCR->CARSM.pM_SPEAKER_OFF@A8s
05-17 23:35:56.927 I/Telecom ( 1681): CallAudioRouteStateMachine: Message received: SPEAKER_ON=1006, arg1=0: CARSM.mSPCR->CARSM.pM_SPEAKER_ON@A8w
05-17 23:35:56.927 I/Telecom ( 1681): QuiescentEarpieceRoute: Processing message SPEAKER_ON: CARSM.mSPCR->CARSM.pM_SPEAKER_ON@A8w
05-17 23:35:58.555 D/ConnectivityService( 1681): NetReassign [no changes]
05-17 23:36:07.609 I/chatty  ( 1681): uid=1000(system) ConnectivitySer identical 3 lines
05-17 23:36:10.624 D/ConnectivityService( 1681): NetReassign [no changes]
05-17 23:36:10.753 D/PowerUI ( 2202): can't show warning due to - plugged: true status unknown: false
05-17 23:36:10.929 D/ConnectivityService( 1681): releasing NetworkRequest [ REQUEST id=306, [ Transports: CELLULAR Capabilities: INTERNET&NOT_RESTRICTED&TRUSTED&NOT_VPN Uid: 10157 AdministratorUids: [] RequestorUid: 10157 RequestorPackageName: com.google.android.googlequicksearchbox] ] (release request)
05-17 23:36:11.941 I/Telecom ( 1681): CallAudioRouteStateMachine: Message received: SPEAKER_OFF=1007, arg1=0: CARSM.mSPCR->CARSM.pM_SPEAKER_OFF@A88
05-17 23:36:11.941 I/Telecom ( 1681): QuiescentEarpieceRoute: Processing message SPEAKER_OFF: CARSM.mSPCR->CARSM.pM_SPEAKER_OFF@A88
05-17 23:36:11.948 I/Telecom ( 1681): CallAudioRouteStateMachine: Message received: SPEAKER_ON=1006, arg1=0: CARSM.mSPCR->CARSM.pM_SPEAKER_ON@A9A
05-17 23:36:11.948 I/Telecom ( 1681): QuiescentEarpieceRoute: Processing message SPEAKER_ON: CARSM.mSPCR->CARSM.pM_SPEAKER_ON@A9A
05-17 23:36:13.645 D/ConnectivityService( 1681): NetReassign [no changes]
05-17 23:36:16.667 D/ConnectivityService( 1681): NetReassign [no changes]
05-17 23:36:17.760 I/Telecom ( 1681): CallAudioRouteStateMachine: Message received: SPEAKER_OFF=1007, arg1=0: CARSM.mSPCR->CARSM.pM_SPEAKER_OFF@A9I
05-17 23:36:17.761 I/Telecom ( 1681): QuiescentEarpieceRoute: Processing message SPEAKER_OFF: CARSM.mSPCR->CARSM.pM_SPEAKER_OFF@A9I
05-17 23:36:17.773 I/Telecom ( 1681): CallAudioRouteStateMachine: Message received: SPEAKER_ON=1006, arg1=0: CARSM.mSPCR->CARSM.pM_SPEAKER_ON@A9M
05-17 23:36:17.773 I/Telecom ( 1681): QuiescentEarpieceRoute: Processing message SPEAKER_ON: CARSM.mSPCR->CARSM.pM_SPEAKER_ON@A9M
05-17 23:36:19.690 D/ConnectivityService( 1681): NetReassign [no changes]
05-17 23:36:22.204 I/vendor.google.wifi_ext@1.0-service-vendor(  995): Wifi: Reseting SAR Scenario to default
05-17 23:36:22.724 D/ConnectivityService( 1681): NetReassign [no changes]
05-17 23:36:24.641 I/Telecom ( 1681): CallAudioRouteStateMachine: Message received: SPEAKER_OFF=1007, arg1=0: CARSM.mSPCR->CARSM.pM_SPEAKER_OFF@A9Q
05-17 23:36:24.641 I/Telecom ( 1681): QuiescentEarpieceRoute: Processing message SPEAKER_OFF: CARSM.mSPCR->CARSM.pM_SPEAKER_OFF@A9Q
05-17 23:36:24.646 I/Telecom ( 1681): CallAudioRouteStateMachine: Message received: SPEAKER_ON=1006, arg1=0: CARSM.mSPCR->CARSM.pM_SPEAKER_ON@A9U
05-17 23:36:24.646 I/Telecom ( 1681): QuiescentEarpieceRoute: Processing message SPEAKER_ON: CARSM.mSPCR->CARSM.pM_SPEAKER_ON@A9U
05-17 23:36:25.748 D/ConnectivityService( 1681): NetReassign [no changes]
05-17 23:36:37.847 I/chatty  ( 1681): uid=1000(system) ConnectivitySer identical 4 lines
05-17 23:36:40.877 D/ConnectivityService( 1681): NetReassign [no changes]
05-17 23:36:42.096 I/vendor.google.wifi_ext@1.0-service-vendor(  995): Wifi: Setting SAR Scenario to 3
05-17 23:36:43.556 I/Telecom ( 1681): CallAudioRouteStateMachine: Message received: SPEAKER_OFF=1007, arg1=0: CARSM.mSPCR->CARSM.pM_SPEAKER_OFF@A9Y
05-17 23:36:43.556 I/Telecom ( 1681): QuiescentEarpieceRoute: Processing message SPEAKER_OFF: CARSM.mSPCR->CARSM.pM_SPEAKER_OFF@A9Y
05-17 23:36:43.564 I/Telecom ( 1681): CallAudioRouteStateMachine: Message received: SPEAKER_ON=1006, arg1=0: CARSM.mSPCR->CARSM.pM_SPEAKER_ON@A9c
05-17 23:36:43.564 I/Telecom ( 1681): QuiescentEarpieceRoute: Processing message SPEAKER_ON: CARSM.mSPCR->CARSM.pM_SPEAKER_ON@A9c
05-17 23:36:43.896 D/ConnectivityService( 1681): NetReassign [no changes]
05-17 23:36:46.828 I/Telecom ( 1681): CallAudioRouteStateMachine: Message received: SPEAKER_OFF=1007, arg1=0: CARSM.mSPCR->CARSM.pM_SPEAKER_OFF@A9g
05-17 23:36:46.829 I/Telecom ( 1681): QuiescentEarpieceRoute: Processing message SPEAKER_OFF: CARSM.mSPCR->CARSM.pM_SPEAKER_OFF@A9g
05-17 23:36:46.843 I/Telecom ( 1681): CallAudioRouteStateMachine: Message received: SPEAKER_ON=1006, arg1=0: CARSM.mSPCR->CARSM.pM_SPEAKER_ON@A9k
05-17 23:36:46.843 I/Telecom ( 1681): QuiescentEarpieceRoute: Processing message SPEAKER_ON: CARSM.mSPCR->CARSM.pM_SPEAKER_ON@A9k
05-17 23:36:46.909 D/ConnectivityService( 1681): NetReassign [no changes]
05-17 23:36:48.260 I/Telecom ( 1681): CallAudioRouteStateMachine: Message received: SPEAKER_OFF=1007, arg1=0: CARSM.mSPCR->CARSM.pM_SPEAKER_OFF@A9o
05-17 23:36:48.260 I/Telecom ( 1681): QuiescentEarpieceRoute: Processing message SPEAKER_OFF: CARSM.mSPCR->CARSM.pM_SPEAKER_OFF@A9o
05-17 23:36:48.266 I/Telecom ( 1681): CallAudioRouteStateMachine: Message received: SPEAKER_ON=1006, arg1=0: CARSM.mSPCR->CARSM.pM_SPEAKER_ON@A9s
05-17 23:36:48.266 I/Telecom ( 1681): QuiescentEarpieceRoute: Processing message SPEAKER_ON: CARSM.mSPCR->CARSM.pM_SPEAKER_ON@A9s
05-17 23:36:49.930 D/ConnectivityService( 1681): NetReassign [no changes]
05-17 23:36:52.940 D/ConnectivityService( 1681): NetReassign [no changes]
05-17 23:36:54.170 I/ActivityTaskManager( 1681): START u0 {cmp=com.tencent.mm/.plugin.remittance.ui.RemittanceDetailUI (has extras)} from uid 10231
05-17 23:36:54.193 W/ActivityTaskManager( 1681): Tried to set launchTime (0) < mLastActivityLaunchTime (6789623)
05-17 23:36:55.958 D/ConnectivityService( 1681): NetReassign [no changes]
05-17 23:36:56.256 W/ActivityManager( 1681): Stopping service due to app idle: u0a257 -13m34s996ms com.huawei.welink/com.huawei.push.ImService
