05-17 22:50:00.460 E/LoadedApk(23914): 	at android.app.LoadedApk.createOrUpdateClassLoaderLocked(LoadedApk.java:902)
05-17 22:50:00.460 E/LoadedApk(23914): 	at android.app.LoadedApk.getClassLoader(LoadedApk.java:982)
05-17 22:50:00.460 E/LoadedApk(23914): 	at android.app.LoadedApk.getResources(LoadedApk.java:1214)
05-17 22:50:00.460 E/LoadedApk(23914): 	at android.app.ContextImpl.createAppContext(ContextImpl.java:2663)
05-17 22:50:00.460 E/LoadedApk(23914): 	at android.app.ContextImpl.createAppContext(ContextImpl.java:2655)
05-17 22:50:00.460 E/LoadedApk(23914): 	at android.app.ActivityThread.handleBindApplication(ActivityThread.java:6598)
05-17 22:50:00.460 E/LoadedApk(23914): 	at android.app.ActivityThread.access$1300(ActivityThread.java:237)
05-17 22:50:00.460 E/LoadedApk(23914): 	at android.app.ActivityThread$H.handleMessage(ActivityThread.java:1913)
05-17 22:50:00.460 E/LoadedApk(23914): 	at android.os.Handler.dispatchMessage(Handler.java:106)
05-17 22:50:00.460 E/LoadedApk(23914): 	at android.os.Looper.loop(Looper.java:223)
05-17 22:50:00.460 E/LoadedApk(23914): 	at android.app.ActivityThread.main(ActivityThread.java:7660)
05-17 22:50:00.460 E/LoadedApk(23914): 	at java.lang.reflect.Method.invoke(Native Method)
05-17 22:50:00.460 E/LoadedApk(23914): 	at com.android.internal.os.RuntimeInit$MethodAndArgsCaller.run(RuntimeInit.java:592)
05-17 22:50:00.460 E/LoadedApk(23914): 	at com.android.internal.os.ZygoteInit.main(ZygoteInit.java:947)
05-17 22:50:00.460 E/LoadedApk(23914): 	Suppressed: java.io.IOException: No original dex files found for dex location (arm64) /data/app/~~b1CrgLsS814eB-5rNGrkzw==/com.bilibili.app.in-ZwePhLHyZH7PpMAioyXKAA==/split_config.arm64_v8a.apk
05-17 22:50:00.460 E/LoadedApk(23914): 		at dalvik.system.DexFile.openDexFileNative(Native Method)
05-17 22:50:00.460 E/LoadedApk(23914): 		at dalvik.system.DexFile.openDexFile(DexFile.java:367)
05-17 22:50:00.460 E/LoadedApk(23914): 		at dalvik.system.DexFile.<init>(DexFile.java:109)
05-17 22:50:00.460 E/LoadedApk(23914): 		at dalvik.system.DexFile.<init>(DexFile.java:82)
05-17 22:50:00.460 E/LoadedApk(23914): 		at dalvik.system.DexPathList.loadDexFile(DexPathList.java:439)
05-17 22:50:00.460 E/LoadedApk(23914): 		at dalvik.system.DexPathList.makeDexElements(DexPathList.java:398)
05-17 22:50:00.460 E/LoadedApk(23914): 		at dalvik.system.DexPathList.<init>(DexPathList.java:166)
05-17 22:50:00.460 E/LoadedApk(23914): 		at dalvik.system.BaseDexClassLoader.<init>(BaseDexClassLoader.java:129)
05-17 22:50:00.460 E/LoadedApk(23914): 		at dalvik.system.BaseDexClassLoader.<init>(BaseDexClassLoader.java:104)
05-17 22:50:00.460 E/LoadedApk(23914): 		at dalvik.system.PathClassLoader.<init>(PathClassLoader.java:74)
05-17 22:50:00.460 E/LoadedApk(23914): 		at com.android.internal.os.ClassLoaderFactory.createClassLoader(ClassLoaderFactory.java:87)
05-17 22:50:00.460 E/LoadedApk(23914): 		at com.android.internal.os.ClassLoaderFactory.createClassLoader(ClassLoaderFactory.java:116)
05-17 22:50:00.460 E/LoadedApk(23914): 		at android.app.ApplicationLoaders.getClassLoader(ApplicationLoaders.java:114)
05-17 22:50:00.460 E/LoadedApk(23914): 		at android.app.ApplicationLoaders.getClassLoaderWithSharedLibraries(ApplicationLoaders.java:60)
05-17 22:50:00.460 E/LoadedApk(23914): 		at android.app.LoadedApk.createOrUpdateClassLoaderLocked(LoadedApk.java:898)
05-17 22:50:00.460 E/LoadedApk(23914): 		... 13 more
05-17 22:50:00.460 E/LoadedApk(23914): 	Suppressed: java.io.IOException: No original dex files found for dex location (arm64) /data/app/~~b1CrgLsS814eB-5rNGrkzw==/com.bilibili.app.in-ZwePhLHyZH7PpMAioyXKAA==/split_config.en.apk
05-17 22:50:00.460 E/LoadedApk(23914): 		at dalvik.system.DexFile.openDexFileNative(Native Method)
05-17 22:50:00.460 E/LoadedApk(23914): 		at dalvik.system.DexFile.openDexFile(DexFile.java:367)
05-17 22:50:00.460 E/LoadedApk(23914): 		at dalvik.system.DexFile.<init>(DexFile.java:109)
05-17 22:50:00.460 E/LoadedApk(23914): 		at dalvik.system.DexFile.<init>(DexFile.java:82)
05-17 22:50:00.460 E/LoadedApk(23914): 		at dalvik.system.DexPathList.loadDexFile(DexPathList.java:439)
05-17 22:50:00.460 E/LoadedApk(23914): 		at dalvik.system.DexPathList.makeDexElements(DexPathList.java:398)
05-17 22:50:00.460 E/LoadedApk(23914): 		at dalvik.system.DexPathList.<init>(DexPathList.java:166)
05-17 22:50:00.460 E/LoadedApk(23914): 		at dalvik.system.BaseDexClassLoader.<init>(BaseDexClassLoader.java:129)
05-17 22:50:00.460 E/LoadedApk(23914): 		at dalvik.system.BaseDexClassLoader.<init>(BaseDexClassLoader.java:104)
05-17 22:50:00.460 E/LoadedApk(23914): 		at dalvik.system.PathClassLoader.<init>(PathClassLoader.java:74)
05-17 22:50:00.460 E/LoadedApk(23914): 		at com.android.internal.os.ClassLoaderFactory.createClassLoader(ClassLoaderFactory.java:87)
05-17 22:50:00.460 E/LoadedApk(23914): 		at com.android.internal.os.ClassLoaderFactory.createClassLoader(ClassLoaderFactory.java:116)
05-17 22:50:00.460 E/LoadedApk(23914): 		at android.app.ApplicationLoaders.getClassLoader(ApplicationLoaders.java:114)
05-17 22:50:00.460 E/LoadedApk(23914): 		at android.app.ApplicationLoaders.getClassLoaderWithSharedLibraries(ApplicationLoaders.java:60)
05-17 22:50:00.460 E/LoadedApk(23914): 		at android.app.LoadedApk.createOrUpdateClassLoaderLocked(LoadedApk.java:898)
05-17 22:50:00.460 E/LoadedApk(23914): 		... 13 more
05-17 22:50:00.460 E/LoadedApk(23914): 	Suppressed: java.io.IOException: No original dex files found for dex location (arm64) /data/app/~~b1CrgLsS814eB-5rNGrkzw==/com.bilibili.app.in-ZwePhLHyZH7PpMAioyXKAA==/split_config.ja.apk
05-17 22:50:00.460 E/LoadedApk(23914): 		at dalvik.system.DexFile.openDexFileNative(Native Method)
05-17 22:50:00.460 E/LoadedApk(23914): 		at dalvik.system.DexFile.openDexFile(DexFile.java:367)
05-17 22:50:00.460 E/LoadedApk(23914): 		at dalvik.system.DexFile.<init>(DexFile.java:109)
05-17 22:50:00.460 E/LoadedApk(23914): 		at dalvik.system.DexFile.<init>(DexFile.java:82)
05-17 22:50:00.460 E/LoadedApk(23914): 		at dalvik.system.DexPathList.loadDexFile(DexPathList.java:439)
05-17 22:50:00.460 E/LoadedApk(23914): 		at dalvik.system.DexPathList.makeDexElements(DexPathList.java:398)
05-17 22:50:00.460 E/LoadedApk(23914): 		at dalvik.system.DexPathList.<init>(DexPathList.java:166)
05-17 22:50:00.460 E/LoadedApk(23914): 		at dalvik.system.BaseDexClassLoader.<init>(BaseDexClassLoader.java:129)
05-17 22:50:00.460 E/LoadedApk(23914): 		at dalvik.system.BaseDexClassLoader.<init>(BaseDexClassLoader.java:104)
05-17 22:50:00.460 E/LoadedApk(23914): 		at dalvik.system.PathClassLoader.<init>(PathClassLoader.java:74)
05-17 22:50:00.460 E/LoadedApk(23914): 		at com.android.internal.os.ClassLoaderFactory.createClassLoader(ClassLoaderFactory.java:87)
05-17 22:50:00.460 E/LoadedApk(23914): 		at com.android.internal.os.ClassLoaderFactory.createClassLoader(ClassLoaderFactory.java:116)
05-17 22:50:00.460 E/LoadedApk(23914): 		at android.app.ApplicationLoaders.getClassLoader(ApplicationLoaders.java:114)
05-17 22:50:00.460 E/LoadedApk(23914): 		at android.app.ApplicationLoaders.getClassLoaderWithSharedLibraries(ApplicationLoaders.java:60)
05-17 22:50:00.460 E/LoadedApk(23914): 		at android.app.LoadedApk.createOrUpdateClassLoaderLocked(LoadedApk.java:898)
05-17 22:50:00.460 E/LoadedApk(23914): 		... 13 more
05-17 22:50:00.460 E/LoadedApk(23914): 	Suppressed: java.io.IOException: No original dex files found for dex location (arm64) /data/app/~~b1CrgLsS814eB-5rNGrkzw==/com.bilibili.app.in-ZwePhLHyZH7PpMAioyXKAA==/split_config.xxhdpi.apk
05-17 22:50:00.460 E/LoadedApk(23914): 		at dalvik.system.DexFile.openDexFileNative(Native Method)
05-17 22:50:00.460 E/LoadedApk(23914): 		at dalvik.system.DexFile.openDexFile(DexFile.java:367)
05-17 22:50:00.460 E/LoadedApk(23914): 		at dalvik.system.DexFile.<init>(DexFile.java:109)
05-17 22:50:00.460 E/LoadedApk(23914): 		at dalvik.system.DexFile.<init>(DexFile.java:82)
05-17 22:50:00.460 E/LoadedApk(23914): 		at dalvik.system.DexPathList.loadDexFile(DexPathList.java:439)
05-17 22:50:00.460 E/LoadedApk(23914): 		at dalvik.system.DexPathList.makeDexElements(DexPathList.java:398)
05-17 22:50:00.460 E/LoadedApk(23914): 		at dalvik.system.DexPathList.<init>(DexPathList.java:166)
05-17 22:50:00.460 E/LoadedApk(23914): 		at dalvik.system.BaseDexClassLoader.<init>(BaseDexClassLoader.java:129)
05-17 22:50:00.460 E/LoadedApk(23914): 		at dalvik.system.BaseDexClassLoader.<init>(BaseDexClassLoader.java:104)
05-17 22:50:00.460 E/LoadedApk(23914): 		at dalvik.system.PathClassLoader.<init>(PathClassLoader.java:74)
05-17 22:50:00.460 E/LoadedApk(23914): 		at com.android.internal.os.ClassLoaderFactory.createClassLoader(ClassLoaderFactory.java:87)
05-17 22:50:00.460 E/LoadedApk(23914): 		at com.android.internal.os.ClassLoaderFactory.createClassLoader(ClassLoaderFactory.java:116)
05-17 22:50:00.460 E/LoadedApk(23914): 		at android.app.ApplicationLoaders.getClassLoader(ApplicationLoaders.java:114)
05-17 22:50:00.460 E/LoadedApk(23914): 		at android.app.ApplicationLoaders.getClassLoaderWithSharedLibraries(ApplicationLoaders.java:60)
05-17 22:50:00.460 E/LoadedApk(23914): 		at android.app.LoadedApk.createOrUpdateClassLoaderLocked(LoadedApk.java:898)
05-17 22:50:00.460 E/LoadedApk(23914): 		... 13 more
05-17 22:50:00.460 E/LoadedApk(23914): 	Suppressed: java.io.IOException: No original dex files found for dex location (arm64) /data/app/~~b1CrgLsS814eB-5rNGrkzw==/com.bilibili.app.in-ZwePhLHyZH7PpMAioyXKAA==/split_config.zh.apk
05-17 22:50:00.460 E/LoadedApk(23914): 		at dalvik.system.DexFile.openDexFileNative(Native Method)
05-17 22:50:00.460 E/LoadedApk(23914): 		at dalvik.system.DexFile.openDexFile(DexFile.java:367)
05-17 22:50:00.460 E/LoadedApk(23914): 		at dalvik.system.DexFile.<init>(DexFile.java:109)
05-17 22:50:00.460 E/LoadedApk(23914): 		at dalvik.system.DexFile.<init>(DexFile.java:82)
05-17 22:50:00.460 E/LoadedApk(23914): 		at dalvik.system.DexPathList.loadDexFile(DexPathList.java:439)
05-17 22:50:00.460 E/LoadedApk(23914): 		at dalvik.system.DexPathList.makeDexElements(DexPathList.java:398)
05-17 22:50:00.460 E/LoadedApk(23914): 		at dalvik.system.DexPathList.<init>(DexPathList.java:166)
05-17 22:50:00.460 E/LoadedApk(23914): 		at dalvik.system.BaseDexClassLoader.<init>(BaseDexClassLoader.java:129)
05-17 22:50:00.460 E/LoadedApk(23914): 		at dalvik.system.BaseDexClassLoader.<init>(BaseDexClassLoader.java:104)
05-17 22:50:00.460 E/LoadedApk(23914): 		at dalvik.system.PathClassLoader.<init>(PathClassLoader.java:74)
05-17 22:50:00.460 E/LoadedApk(23914): 		at com.android.internal.os.ClassLoaderFactory.createClassLoader(ClassLoaderFactory.java:87)
05-17 22:50:00.460 E/LoadedApk(23914): 		at com.android.internal.os.ClassLoaderFactory.createClassLoader(ClassLoaderFactory.java:116)
05-17 22:50:00.460 E/LoadedApk(23914): 		at android.app.ApplicationLoaders.getClassLoader(ApplicationLoaders.java:114)
05-17 22:50:00.460 E/LoadedApk(23914): 		at android.app.ApplicationLoaders.getClassLoaderWithSharedLibraries(ApplicationLoaders.java:60)
05-17 22:50:00.460 E/LoadedApk(23914): 		at android.app.LoadedApk.createOrUpdateClassLoaderLocked(LoadedApk.java:898)
05-17 22:50:00.460 E/LoadedApk(23914): 		... 13 more
05-17 22:50:00.847 I/chatty  ( 1681): uid=1000(system) Binder:1681_1A expire 9 lines
05-17 22:50:04.432 I/chatty  ( 1681): uid=1000(system) Binder:1681_16 expire 2 lines
05-17 22:50:04.568 E/ActivityThread( 4243): Failed to find provider info for com.huawei.android.launcher.settings
05-17 22:50:09.167 E/NetlinkEvent(  929): NetlinkEvent::FindParam(): Parameter 'INTERFACE' not found
05-17 22:50:09.167 E/NetlinkEvent(  929): NetlinkEvent::FindParam(): Parameter 'STATE' not found
05-17 22:50:09.167 E/NetlinkEvent(  929): NetlinkEvent::FindParam(): Parameter 'TIME_NS' not found
05-17 22:50:09.167 E/NetlinkEvent(  929): NetlinkEvent::FindParam(): Parameter 'UID' not found
05-17 22:50:09.176 I/chatty  ( 1681): uid=1000(system) ConnectivitySer expire 11 lines
05-17 22:50:09.271 I/vendor.google.wifi_ext@1.0-service-vendor(  995): Wifi: Setting SAR Scenario to 3
05-17 22:50:26.607 E/ActivityThread( 4243): Failed to find provider info for com.huawei.android.launcher.settings
05-17 22:50:27.280 I/chatty  ( 1681): uid=1000(system) ConnectivitySer expire 180 lines
05-17 22:50:42.264 I/chatty  ( 1681): uid=1000(system) Binder:1681_1F expire 16 lines
05-17 22:51:13.119 I/chatty  ( 1681): uid=1000(system) Binder:1681_1B expire 1 line
05-17 22:52:38.314 I/chatty  ( 1681): uid=1000(system) batterystats-wo expire 162 lines
05-17 22:52:38.935 I/chatty  ( 1681): uid=1000(system) ActivityManager expire 11 lines
05-17 22:53:00.612 I/chatty  ( 1681): uid=1000(system) Binder:1681_18 expire 3 lines
05-17 22:53:40.280 I/chatty  ( 1681): uid=1000(system) ActivityManager expire 6 lines
05-17 22:58:39.399 E/ActivityThread(25778): Failed to find provider info for com.vivo.push.sdk.service.SystemPushConfig
05-17 22:58:39.867 I/chatty  ( 1681): uid=1000(system) ConnectivitySer expire 28 lines
05-17 23:00:00.344 I/chatty  ( 1681): uid=1000(system) android.display expire 6 lines
05-17 23:00:04.434 I/chatty  ( 1681): uid=1000(system) ConnectivitySer expire 79 lines
05-17 23:00:09.064 I/chatty  ( 1681): uid=1000(system) batterystats-wo expire 108 lines
05-17 23:00:10.430 I/chatty  ( 1681): uid=1000(system) Binder:1681_18 expire 3 lines
05-17 23:01:13.649 I/chatty  ( 1681): uid=1000(system) Binder:1681_8 expire 2 lines
05-17 23:01:14.578 I/chatty  ( 1681): uid=1000(system) Binder:1681_1 expire 6 lines
05-17 23:01:14.595 I/chatty  ( 1681): uid=1000(system) Binder:1681_17 expire 2 lines
05-17 23:01:39.696 I/chatty  ( 1681): uid=1000(system) Binder:1681_E expire 9 lines
05-17 23:01:40.839 I/chatty  ( 1681): uid=1000(system) Binder:1681_1F expire 3 lines
05-17 23:01:55.175 I/chatty  ( 1681): uid=1000(system) AlarmManager expire 1 line
05-17 23:01:55.325 I/chatty  ( 1681): uid=1000(system) ActivityManager expire 13 lines
05-17 23:01:55.357 I/chatty  ( 1681): uid=1000(system) Binder:1681_10 expire 1 line
05-17 23:03:54.529 I/chatty  ( 1681): uid=1000(system) android.bg expire 2 lines
05-17 23:03:56.664 E/ActivityThread(15554): Failed to find provider info for com.android.badge
05-17 23:03:56.982 I/chatty  ( 1681): uid=1000(system) ConnectivitySer expire 56 lines
05-17 23:05:05.581 I/chatty  ( 1681): uid=1000(system) Binder:1681_1A expire 5 lines
05-17 23:05:05.596 I/chatty  ( 1681): uid=1000(system) Binder:1681_F expire 3 lines
05-17 23:05:51.741 I/chatty  ( 1681): uid=1000(system) ActivityManager expire 4 lines
05-17 23:06:09.824 I/chatty  ( 1681): uid=1000(system) ActivityManager expire 2 lines
05-17 23:06:44.419 I/vendor.google.wifi_ext@1.0-service-vendor(  995): Wifi: Reseting SAR Scenario to default
05-17 23:06:46.138 I/chatty  ( 1681): uid=1000(system) ConnectivitySer expire 13 lines
05-17 23:07:13.323 I/chatty  ( 1681): uid=1000(system) ActivityManager expire 9 lines
05-17 23:07:23.311 I/vendor.google.wifi_ext@1.0-service-vendor(  995): Wifi: Setting SAR Scenario to 3
05-17 23:07:25.410 I/chatty  ( 1681): uid=1000(system) ConnectivitySer expire 18 lines
05-17 23:07:35.353 I/chatty  ( 1681): uid=1000(system) Binder:1681_16 expire 2 lines
05-17 23:07:35.400 I/chatty  ( 1681): uid=1000(system) Binder:1681_1 expire 3 lines
05-17 23:07:35.400 I/chatty  ( 1681): uid=1000(system) Binder:1681_E expire 1 line
05-17 23:07:35.401 I/chatty  ( 1681): uid=1000(system) Binder:1681_1F expire 1 line
05-17 23:07:37.585 I/chatty  ( 1681): uid=1000(system) Binder:1681_13 expire 1 line
05-17 23:07:37.585 I/chatty  ( 1681): uid=1000(system) Binder:1681_1E expire 4 lines
05-17 23:07:37.586 I/chatty  ( 1681): uid=1000(system) Binder:1681_5 expire 1 line
05-17 23:07:39.811 I/chatty  ( 1681): uid=1000(system) batterystats-wo expire 54 lines
05-17 23:07:47.407 I/chatty  ( 1681): uid=1000(system) Binder:1681_A expire 2 lines
05-17 23:08:00.207 I/chatty  ( 1681): uid=1000(system) Binder:1681_6 expire 1 line
05-17 23:08:02.969 I/vendor.google.wifi_ext@1.0-service-vendor(  995): Wifi: Reseting SAR Scenario to default
05-17 23:08:04.685 I/chatty  ( 1681): uid=1000(system) ConnectivitySer expire 14 lines
05-17 23:08:30.829 I/chatty  ( 1681): uid=1000(system) android.bg expire 1 line
05-17 23:08:36.673 I/chatty  ( 1681): uid=1000(system) Binder:1681_C expire 4 lines
05-17 23:08:37.675 I/chatty  ( 1681): uid=1000(system) ActivityManager expire 2 lines
05-17 23:08:38.854 I/chatty  ( 1681): uid=1000(system) Binder:1681_8 expire 4 lines
05-17 23:08:39.646 E/ActivityThread(27712): Failed to find provider info for com.vivo.push.sdk.service.SystemPushConfig
05-17 23:08:40.944 I/chatty  ( 1681): uid=1000(system) ConnectivitySer expire 15 lines
05-17 23:08:43.303 I/vendor.google.wifi_ext@1.0-service-vendor(  995): Wifi: Setting SAR Scenario to 3
05-17 23:08:51.344 I/chatty  ( 1681): uid=1000(system) Binder:1681_1C expire 7 lines
05-17 23:09:23.991 I/vendor.google.wifi_ext@1.0-service-vendor(  995): Wifi: Reseting SAR Scenario to default
05-17 23:09:26.259 I/chatty  ( 1681): uid=1000(system) ConnectivitySer expire 29 lines
05-17 23:10:08.907 I/chatty  ( 1681): uid=1000(system) Binder:1681_14 expire 1 line
05-17 23:10:52.749 I/chatty  ( 1681): uid=1000(system) Binder:1681_3 expire 8 lines
05-17 23:10:53.614 I/vendor.google.wifi_ext@1.0-service-vendor(  995): Wifi: Setting SAR Scenario to 3
05-17 23:10:53.937 I/chatty  ( 1681): uid=1000(system) ConnectivitySer expire 13 lines
05-17 23:11:06.823 I/vendor.google.wifi_ext@1.0-service-vendor(  995): Wifi: Reseting SAR Scenario to default
05-17 23:11:12.677 I/chatty  ( 1681): uid=1000(system) batterystats-wo expire 54 lines
05-17 23:11:26.601 I/vendor.google.wifi_ext@1.0-service-vendor(  995): Wifi: Setting SAR Scenario to 3
05-17 23:11:27.177 I/chatty  ( 1681): uid=1000(system) ConnectivitySer expire 10 lines
05-17 23:11:57.200 I/chatty  ( 1681): uid=1000(system) Binder:1681_6 expire 3 lines
05-17 23:11:57.244 I/chatty  ( 1681): uid=1000(system) Binder:1681_D expire 2 lines
05-17 23:11:57.251 E/ActivityThread( 4243): Failed to find provider info for com.huawei.android.launcher.settings
05-17 23:11:57.351 I/chatty  ( 1681): uid=1000(system) ConnectivitySer expire 16 lines
05-17 23:11:58.389 I/chatty  ( 1681): uid=1000(system) Binder:1681_1A expire 1 line
05-17 23:11:58.444 I/chatty  ( 1681): uid=1000(system) Binder:1681_8 expire 1 line
05-17 23:11:59.514 I/chatty  ( 1681): uid=1000(system) Binder:1681_11 expire 2 lines
05-17 23:11:59.793 I/chatty  ( 1681): uid=1000(system) ActivityManager expire 18 lines
05-17 23:12:02.256 I/chatty  ( 1681): uid=1000(system) Binder:1681_19 expire 7 lines
05-17 23:12:02.406 I/chatty  ( 1681): uid=1000(system) android.fg expire 6 lines
05-17 23:12:03.225 I/vendor.google.wifi_ext@1.0-service-vendor(  995): Wifi: Reseting SAR Scenario to default
05-17 23:12:32.184 I/chatty  ( 1681): uid=1000(system) Binder:1681_1D expire 1 line
05-17 23:12:33.667 I/chatty  ( 1681): uid=1000(system) Binder:1681_A expire 1 line
05-17 23:12:35.228 I/vendor.google.wifi_ext@1.0-service-vendor(  995): Wifi: Setting SAR Scenario to 3
05-17 23:12:35.330 I/chatty  ( 1681): uid=1000(system) Binder:1681_4 expire 3 lines
05-17 23:12:35.351 I/chatty  ( 1681): uid=1000(system) Binder:1681_21 expire 3 lines
05-17 23:12:36.304 I/chatty  ( 1681): uid=1000(system) Binder:1681_7 expire 5 lines
05-17 23:12:36.583 I/chatty  ( 1681): uid=1000(system) ConnectivitySer expire 16 lines
05-17 23:12:40.290 I/chatty  ( 1681): uid=1000(system) Binder:1681_17 expire 1 line
05-17 23:12:44.511 E/ActivityThread( 4243): Failed to find provider info for com.huawei.android.launcher.settings
05-17 23:12:48.968 I/chatty  ( 1681): uid=1000(system) Binder:1681_F expire 5 lines
05-17 23:12:50.656 I/chatty  ( 1681): uid=1000(system) Binder:1681_B expire 3 lines
05-17 23:12:54.041 I/chatty  ( 1681): uid=1000(system) Binder:1681_3 expire 10 lines
05-17 23:12:57.216 I/chatty  ( 1681): uid=1000(system) Binder:1681_1E expire 4 lines
05-17 23:12:57.217 I/chatty  ( 1681): uid=1000(system) Binder:1681_1C expire 10 lines
05-17 23:13:04.519 I/chatty  ( 1681): uid=1000(system) Binder:1681_E expire 1 line
05-17 23:13:07.781 I/vendor.google.wifi_ext@1.0-service-vendor(  995): Wifi: Reseting SAR Scenario to default
05-17 23:13:09.764 I/chatty  ( 1681): uid=1000(system) ConnectivitySer expire 20 lines
05-17 23:13:31.578 I/chatty  ( 1681): uid=1000(system) android.display expire 3 lines
05-17 23:14:07.653 I/vendor.google.wifi_ext@1.0-service-vendor(  995): Wifi: Setting SAR Scenario to 3
05-17 23:14:09.037 I/chatty  ( 1681): uid=1000(system) HwBinder:1681_3 expire 5 lines
05-17 23:14:10.165 I/chatty  ( 1681): uid=1000(system) ActivityManager expire 13 lines
05-17 23:14:10.198 I/chatty  ( 1681): uid=1000(system) ConnectivitySer expire 3 lines
05-17 23:14:10.358 I/chatty  ( 1681): uid=1000(system) Binder:1681_3 expire 10 lines
05-17 23:14:10.722 I/chatty  ( 1681): uid=1000(system) android.io expire 1 line
05-17 23:14:10.760 I/chatty  ( 1681): uid=1000(system) batterystats-wo expire 54 lines
05-17 23:14:10.771 D/PowerUI ( 2202): can't show warning due to - plugged: true status unknown: false
05-17 23:14:10.986 D/PowerUI ( 2202): can't show warning due to - plugged: true status unknown: false
05-17 23:14:11.344 I/chatty  ( 1681): uid=1000(system) Binder:1681_C expire 1 line
05-17 23:14:11.573 D/ActivityThread(29508): Loading provider contacts;com.android.contacts: com.android.providers.contacts.ContactsProvider2
05-17 23:14:11.983 D/PowerUI ( 2202): can't show warning due to - plugged: true status unknown: false
05-17 23:14:12.450 D/PowerUI ( 2202): can't show warning due to - plugged: true status unknown: false
05-17 23:14:17.647 W/Looper  ( 1681): Slow delivery took 4792ms android.fg h=com.android.server.AppStateTracker$MyHandler c=null m=11
05-17 23:14:17.648 W/Looper  ( 1681): Drained
05-17 23:14:18.667 D/ConnectivityService( 1681): requestNetwork for uid/pid:10157/3394 NetworkRequest [ REQUEST id=296, [ Transports: CELLULAR Capabilities: INTERNET&NOT_RESTRICTED&TRUSTED&NOT_VPN Uid: 10157 AdministratorUids: [] RequestorUid: 10157 RequestorPackageName: com.google.android.googlequicksearchbox] ]
05-17 23:14:18.668 D/ConnectivityService( 1681): NetReassign [296 : null  100]
05-17 23:14:18.671 D/ConnectivityService( 1681): reportNetworkConnectivity(101, false) by 10157
05-17 23:14:19.244 D/ConnectivityService( 1681): NetReassign [no changes]
05-17 23:14:19.301 W/BroadcastQueue( 1681): Background execution not allowed: receiving Intent { act=android.net.conn.NETWORK_CONDITIONS_MEASURED flg=0x10 (has extras) } to com.google.android.gms/.chimera.GmsIntentOperationService$PersistentTrustedReceiver
05-17 23:14:19.303 D/ConnectivityService( 1681): [101 WIFI] validation passed
05-17 23:14:21.130 D/ConditionProviders( 1681): Disabling component com.google.android.apps.wellbeing/.dnd.impl.DndConditionProviderService
05-17 23:14:22.260 D/ConnectivityService( 1681): NetReassign [no changes]
05-17 23:14:22.652 W/Looper  ( 1681): Slow dispatch took 5001ms android.fg h=android.os.Handler c=java.util.concurrent.FutureTask@1908399 m=0
05-17 23:14:22.652 W/Looper  ( 1681): Slow delivery took 3714ms android.fg h=com.android.server.AppStateTracker$MyHandler c=null m=11
05-17 23:14:22.653 W/Looper  ( 1681): Drained
05-17 23:14:25.279 D/ConnectivityService( 1681): NetReassign [no changes]
05-17 23:14:26.865 D/ConditionProviders( 1681): Enabling component com.google.android.apps.wellbeing/.dnd.impl.DndConditionProviderService
05-17 23:14:26.866 V/ConditionProviders( 1681): binding: Intent { act=android.service.notification.ConditionProviderService cmp=com.google.android.apps.wellbeing/.dnd.impl.DndConditionProviderService (has extras) }
05-17 23:14:26.871 V/ConditionProviders( 1681): 0 condition provider service connected: ComponentInfo{com.google.android.apps.wellbeing/com.google.android.apps.wellbeing.dnd.impl.DndConditionProviderService}
05-17 23:14:26.874 D/ConditionProviders( 1681): Subscribing to condition://com.google.android.apps.wellbeing.dnd/winddown with ComponentInfo{com.google.android.apps.wellbeing/com.google.android.apps.wellbeing.dnd.impl.DndConditionProviderService}
05-17 23:14:26.874 D/ColorDisplayService( 1681): Setting saturation level: 100
05-17 23:14:27.656 W/Looper  ( 1681): Slow dispatch took 5002ms android.fg h=android.os.Handler c=java.util.concurrent.FutureTask@4777f21 m=0
05-17 23:14:27.657 W/Looper  ( 1681): Slow delivery took 822ms android.fg h=com.android.server.AppStateTracker$MyHandler c=null m=11
05-17 23:14:27.657 W/Looper  ( 1681): Drained
05-17 23:14:28.299 D/ConnectivityService( 1681): NetReassign [no changes]
05-17 23:14:29.905 D/ColorDisplayService( 1681): GlobalSaturationTintController Animation cancelled: false to matrix: 
05-17 23:14:29.905 D/ColorDisplayService( 1681):        1.000000 0.000000 0.000000 0.000000 0.000000 1.000000 0.000000 0.000000 0.000000 0.000000 1.000000 0.000000 0.000000 0.000000 0.000000 1.000000 min matrix coefficients: 
05-17 23:14:29.905 D/ColorDisplayService( 1681):        0.231000 0.000000 0.000000 0.000000 0.000000 0.715000 0.000000 0.000000 0.000000 0.000000 0.072000 0.000000 0.000000 0.000000 0.000000 1.000000 max matrix coefficients: 
05-17 23:14:29.905 D/ColorDisplayService( 1681):        1.000000 0.231000 0.231000 0.000000 0.715000 1.000000 0.715000 0.000000 0.072000 0.072000 1.000000 0.000000 0.000000 0.000000 0.000000 1.000000
05-17 23:14:31.325 D/ConnectivityService( 1681): NetReassign [no changes]
05-17 23:14:31.780 V/SoundTriggerService( 1681): 9f6ad62a-1f0b-11e7-87c5-40a8f03d3f15: Generic sound trigger event: GenericRecognitionEvent ::RecognitionEvent [status=0, soundModelHandle=12, captureAvailable=true, captureSession=753, captureDelayMs=0, capturePreambleMs=0, triggerInData=false, sampleRate=16000, encoding=2, channelMask=16, data=19]
05-17 23:14:31.787 V/SoundTriggerService( 1681): 9f6ad62a-1f0b-11e7-87c5-40a8f03d3f15: onServiceConnected(android.os.BinderProxy@e246000)
05-17 23:14:31.788 V/SoundTriggerService( 1681): 9f6ad62a-1f0b-11e7-87c5-40a8f03d3f15: runOp 0
05-17 23:14:32.661 W/Looper  ( 1681): Slow dispatch took 5001ms android.fg h=android.os.Handler c=java.util.concurrent.FutureTask@6bc7b2e m=0
05-17 23:14:32.661 W/Looper  ( 1681): Slow delivery took 3754ms android.fg h=com.android.server.AppStateTracker$MyHandler c=null m=11
05-17 23:14:32.906 W/ActivityManager( 1681): Stopping service due to app idle: u0a241 -49m44s733ms com.bilibili.app.in/com.bilibili.lib.neuron.internal.NeuronLocalService
05-17 23:14:32.906 W/ActivityManager( 1681): Stopping service due to app idle: u0a241 -3m2s628ms com.bilibili.app.in/com.bilibili.lib.infoeyes.InfoEyesRemoteService
05-17 23:14:32.906 W/ActivityManager( 1681): Stopping service due to app idle: u0a241 -28m59s560ms com.bilibili.app.in/com.bilibili.videodownloader.service.VideoDownloadService
05-17 23:14:32.906 W/ActivityManager( 1681): Stopping service due to app idle: u0a241 -28m59s345ms com.bilibili.app.in/com.bilibili.adcommon.apkdownload.ADDownloadService
05-17 23:14:33.528 I/SoundTriggerService( 1681): startRecognition(): id = 9f6ad62a-1f0b-11e7-87c5-40a8f03d3f15
05-17 23:14:33.529 W/SoundTriggerHelper( 1681): Canceling previous recognition for model id: 9f6ad62a-1f0b-11e7-87c5-40a8f03d3f15
05-17 23:14:33.529 V/SoundTriggerService( 1681): 9f6ad62a-1f0b-11e7-87c5-40a8f03d3f15: onError: -2147483648
05-17 23:14:33.529 W/SoundTriggerService( 1681): 9f6ad62a-1f0b-11e7-87c5-40a8f03d3f15: Dropped operation as already destroyed or marked for destruction
05-17 23:14:33.531 V/SoundTriggerService( 1681): 9f6ad62a-1f0b-11e7-87c5-40a8f03d3f15: destroy
05-17 23:14:33.587 I/SoundTriggerHelper( 1681): startRecognition successful.
05-17 23:14:33.587 E/SoundTriggerService( 1681): error onStart(): Model 9f6ad62a-1f0b-11e7-87c5-40a8f03d3f15 already started
05-17 23:14:34.344 D/ConnectivityService( 1681): NetReassign [no changes]
05-17 23:14:36.419 I/ActivityTaskManager( 1681): START u0 {act=android.intent.action.MAIN cat=[android.intent.category.LAUNCHER] flg=0x10200000 cmp=com.huawei.welink/huawei.w3.ui.welcome.W3SplashScreenActivity bnds=[842,1139][1043,1466]} from uid 10201
05-17 23:14:36.429 W/ActivityTaskManager( 1681): Tried to set launchTime (0) < mLastActivityLaunchTime (6316130)
05-17 23:14:36.886 D/ConditionProviders( 1681): Disabling component com.google.android.apps.wellbeing/.dnd.impl.DndConditionProviderService
05-17 23:14:37.351 D/ConnectivityService( 1681): NetReassign [no changes]
05-17 23:14:37.664 W/Looper  ( 1681): Drained
05-17 23:14:37.664 W/Looper  ( 1681): Slow dispatch took 5002ms android.fg h=android.os.Handler c=java.util.concurrent.FutureTask@c19ca16 m=0
05-17 23:14:37.664 W/Looper  ( 1681): Slow delivery took 4789ms android.fg h=com.android.server.AppStateTracker$MyHandler c=null m=11
05-17 23:14:37.665 W/Looper  ( 1681): Drained
05-17 23:14:40.375 D/ConnectivityService( 1681): NetReassign [no changes]
05-17 23:14:42.670 W/Looper  ( 1681): Slow dispatch took 5002ms android.fg h=android.os.Handler c=java.util.concurrent.FutureTask@6d1a2f8 m=0
05-17 23:14:43.391 D/ConnectivityService( 1681): NetReassign [no changes]
05-17 23:14:43.668 I/ActivityTaskManager( 1681): START u0 {cmp=com.huawei.welink/com.huawei.search.view.HomeActivity (has extras)} from uid 10257
05-17 23:14:43.682 W/ActivityTaskManager( 1681): Tried to set launchTime (0) < mLastActivityLaunchTime (6377336)
05-17 23:14:43.881 D/ContentCapturePerUserService( 1681): Notified activity assist data for activity: Token{96c2c0d ActivityRecord{788e7c2 u0 com.huawei.welink/com.huawei.search.view.HomeActivity t5427}} without a session Id
05-17 23:14:46.415 D/ConnectivityService( 1681): NetReassign [no changes]
05-17 23:14:47.675 W/Looper  ( 1681): Slow dispatch took 5001ms android.fg h=android.os.Handler c=java.util.concurrent.FutureTask@62353ef m=0
05-17 23:14:47.675 W/Looper  ( 1681): Slow delivery took 3750ms android.fg h=com.android.server.AppStateTracker$MyHandler c=null m=11
05-17 23:14:47.675 W/Looper  ( 1681): Drained
05-17 23:14:49.325 I/vendor.google.wifi_ext@1.0-service-vendor(  995): Wifi: Reseting SAR Scenario to default
05-17 23:14:49.436 D/ConnectivityService( 1681): NetReassign [no changes]
05-17 23:14:52.471 D/ConnectivityService( 1681): NetReassign [no changes]
05-17 23:14:52.680 W/Looper  ( 1681): Slow dispatch took 5004ms android.fg h=android.os.Handler c=java.util.concurrent.FutureTask@f402163 m=0
05-17 23:14:52.680 W/Looper  ( 1681): Slow delivery took 3338ms android.fg h=com.android.server.AppStateTracker$MyHandler c=null m=11
05-17 23:14:52.680 W/Looper  ( 1681): Drained
05-17 23:14:54.383 D/ActivityThread( 3285): Loading provider com.google.android.inputmethod.latin.clipboard_content: com.google.android.apps.inputmethod.libs.clipboard.ClipboardContentProvider
05-17 23:14:55.487 D/ConnectivityService( 1681): NetReassign [no changes]
05-17 23:14:58.517 D/ConnectivityService( 1681): NetReassign [no changes]
05-17 23:14:58.679 D/ConnectivityService( 1681): releasing NetworkRequest [ REQUEST id=296, [ Transports: CELLULAR Capabilities: INTERNET&NOT_RESTRICTED&TRUSTED&NOT_VPN Uid: 10157 AdministratorUids: [] RequestorUid: 10157 RequestorPackageName: com.google.android.googlequicksearchbox] ] (release request)
05-17 23:15:00.927 I/ActivityTaskManager( 1681): START u0 {flg=0x10000000 cmp=com.huawei.welink/com.huawei.hwespace.module.chat.ui.ChatActivity (has extras)} from uid 10257
05-17 23:15:00.939 W/ActivityTaskManager( 1681): Tried to set launchTime (0) < mLastActivityLaunchTime (6384590)
05-17 23:15:01.221 D/ContentCapturePerUserService( 1681): Notified activity assist data for activity: Token{efed99b ActivityRecord{1b21138 u0 com.huawei.welink/com.huawei.hwespace.module.chat.ui.ChatActivity t5427}} without a session Id
05-17 23:15:01.527 D/ConnectivityService( 1681): NetReassign [no changes]
05-17 23:15:03.101 I/vendor.google.wifi_ext@1.0-service-vendor(  995): Wifi: Setting SAR Scenario to 3
05-17 23:15:04.546 D/ConnectivityService( 1681): NetReassign [no changes]
05-17 23:15:07.561 I/chatty  ( 1681): uid=1000(system) ConnectivitySer identical 1 line
05-17 23:15:10.570 D/ConnectivityService( 1681): NetReassign [no changes]
05-17 23:15:10.740 D/PowerUI ( 2202): can't show warning due to - plugged: true status unknown: false
05-17 23:15:13.583 D/ConnectivityService( 1681): NetReassign [no changes]
05-17 23:15:16.592 I/chatty  ( 1681): uid=1000(system) ConnectivitySer identical 1 line
05-17 23:15:19.612 D/ConnectivityService( 1681): NetReassign [no changes]
05-17 23:15:22.133 I/ActivityTaskManager( 1681): START u0 {flg=0x20000000 cmp=com.huawei.welink/com.huawei.hwespace.module.chat.ui.MediaBrowseActivity (has extras)} from uid 10257
05-17 23:15:22.144 W/ActivityTaskManager( 1681): Tried to set launchTime (0) < mLastActivityLaunchTime (6401846)
05-17 23:15:22.630 D/ConnectivityService( 1681): NetReassign [no changes]
05-17 23:15:25.598 D/NotificationService( 1681): 0|com.tencent.mm|1594674064|null|10231: granting content://settings/system/notification_sound
05-17 23:15:25.599 I/chatty  ( 1681): uid=1000(system) Binder:1681_3 identical 3 lines
05-17 23:15:25.599 D/NotificationService( 1681): 0|com.tencent.mm|1594674064|null|10231: granting content://settings/system/notification_sound
05-17 23:15:25.601 W/NotificationHistory( 1681): Attempted to add notif for locked/gone/disabled user 0
05-17 23:15:25.651 D/ConnectivityService( 1681): NetReassign [no changes]
05-17 23:15:26.902 W/NotificationHistory( 1681): Attempted to add notif for locked/gone/disabled user 0
05-17 23:15:27.009 I/ActivityTaskManager( 1681): START u0 {flg=0x20000000 cmp=com.huawei.welink/com.huawei.hwespace.module.chat.ui.MediaBrowseActivity (has extras)} from uid 10257
05-17 23:15:27.016 W/ActivityTaskManager( 1681): Tried to set launchTime (0) < mLastActivityLaunchTime (6423052)
05-17 23:15:28.241 V/SoundTriggerService( 1681): 9f6ad62a-1f0b-11e7-87c5-40a8f03d3f15: Generic sound trigger event: GenericRecognitionEvent ::RecognitionEvent [status=0, soundModelHandle=12, captureAvailable=true, captureSession=753, captureDelayMs=0, capturePreambleMs=0, triggerInData=false, sampleRate=16000, encoding=2, channelMask=16, data=19]
05-17 23:15:28.247 V/SoundTriggerService( 1681): 9f6ad62a-1f0b-11e7-87c5-40a8f03d3f15: onServiceConnected(android.os.BinderProxy@9cf5f4c)
05-17 23:15:28.248 V/SoundTriggerService( 1681): 9f6ad62a-1f0b-11e7-87c5-40a8f03d3f15: runOp 0
05-17 23:15:28.672 D/ConnectivityService( 1681): NetReassign [no changes]
05-17 23:15:29.760 V/SoundTriggerService( 1681): 9f6ad62a-1f0b-11e7-87c5-40a8f03d3f15: destroy
05-17 23:15:29.762 I/SoundTriggerService( 1681): startRecognition(): id = 9f6ad62a-1f0b-11e7-87c5-40a8f03d3f15
05-17 23:15:29.762 W/SoundTriggerHelper( 1681): Canceling previous recognition for model id: 9f6ad62a-1f0b-11e7-87c5-40a8f03d3f15
05-17 23:15:29.762 V/SoundTriggerService( 1681): 9f6ad62a-1f0b-11e7-87c5-40a8f03d3f15: onError: -2147483648
05-17 23:15:29.768 W/SoundTriggerService( 1681): 9f6ad62a-1f0b-11e7-87c5-40a8f03d3f15: Dropped operation as already destroyed or marked for destruction
05-17 23:15:29.827 I/SoundTriggerHelper( 1681): startRecognition successful.
05-17 23:15:29.828 E/SoundTriggerService( 1681): error onStart(): Model 9f6ad62a-1f0b-11e7-87c5-40a8f03d3f15 already started
05-17 23:15:31.424 W/NotificationHistory( 1681): Attempted to add notif for locked/gone/disabled user 0
05-17 23:15:31.698 D/ConnectivityService( 1681): NetReassign [no changes]
05-17 23:15:40.762 I/chatty  ( 1681): uid=1000(system) ConnectivitySer identical 3 lines
05-17 23:15:43.774 D/ConnectivityService( 1681): NetReassign [no changes]
05-17 23:15:44.777 I/vendor.google.wifi_ext@1.0-service-vendor(  995): Wifi: Reseting SAR Scenario to default
05-17 23:15:46.786 D/ConnectivityService( 1681): NetReassign [no changes]
05-17 23:15:49.819 I/chatty  ( 1681): uid=1000(system) ConnectivitySer identical 1 line
05-17 23:15:52.849 D/ConnectivityService( 1681): NetReassign [no changes]
05-17 23:15:53.072 I/ActivityTaskManager( 1681): START u0 {flg=0x20000000 cmp=com.huawei.welink/com.huawei.hwespace.module.chat.ui.MediaBrowseActivity (has extras)} from uid 10257
05-17 23:15:53.085 W/ActivityTaskManager( 1681): Tried to set launchTime (0) < mLastActivityLaunchTime (6427923)
05-17 23:15:55.860 D/ConnectivityService( 1681): NetReassign [no changes]
05-17 23:15:58.886 D/ConnectivityService( 1681): NetReassign [no changes]
05-17 23:15:59.786 I/vendor.google.wifi_ext@1.0-service-vendor(  995): Wifi: Setting SAR Scenario to 3
05-17 23:16:01.905 D/ConnectivityService( 1681): NetReassign [no changes]
05-17 23:16:04.929 I/chatty  ( 1681): uid=1000(system) ConnectivitySer identical 1 line
05-17 23:16:07.945 D/ConnectivityService( 1681): NetReassign [no changes]
05-17 23:16:10.729 D/PowerUI ( 2202): can't show warning due to - plugged: true status unknown: false
05-17 23:16:10.976 D/ConnectivityService( 1681): NetReassign [no changes]
05-17 23:16:13.987 D/ConnectivityService( 1681): NetReassign [no changes]
05-17 23:16:14.380 I/UsbPortManager( 1681): ClientCallback V1_2: port0
05-17 23:16:14.391 D/PowerUI ( 2202): can't show warning due to - plugged: true status unknown: false
05-17 23:16:17.001 D/ConnectivityService( 1681): NetReassign [no changes]
05-17 23:16:23.031 I/chatty  ( 1681): uid=1000(system) ConnectivitySer identical 2 lines
05-17 23:16:26.050 D/ConnectivityService( 1681): NetReassign [no changes]
05-17 23:16:27.914 V/SoundTriggerService( 1681): 9f6ad62a-1f0b-11e7-87c5-40a8f03d3f15: Generic sound trigger event: GenericRecognitionEvent ::RecognitionEvent [status=0, soundModelHandle=12, captureAvailable=true, captureSession=753, captureDelayMs=0, capturePreambleMs=0, triggerInData=false, sampleRate=16000, encoding=2, channelMask=16, data=19]
05-17 23:16:27.920 V/SoundTriggerService( 1681): 9f6ad62a-1f0b-11e7-87c5-40a8f03d3f15: onServiceConnected(android.os.BinderProxy@67ee886)
05-17 23:16:27.921 V/SoundTriggerService( 1681): 9f6ad62a-1f0b-11e7-87c5-40a8f03d3f15: runOp 0
05-17 23:16:29.075 D/ConnectivityService( 1681): NetReassign [no changes]
05-17 23:16:29.730 I/SoundTriggerService( 1681): startRecognition(): id = 9f6ad62a-1f0b-11e7-87c5-40a8f03d3f15
05-17 23:16:29.730 V/SoundTriggerService( 1681): 9f6ad62a-1f0b-11e7-87c5-40a8f03d3f15: destroy
05-17 23:16:29.731 W/SoundTriggerHelper( 1681): Canceling previous recognition for model id: 9f6ad62a-1f0b-11e7-87c5-40a8f03d3f15
05-17 23:16:29.731 V/SoundTriggerService( 1681): 9f6ad62a-1f0b-11e7-87c5-40a8f03d3f15: onError: -2147483648
05-17 23:16:29.734 W/SoundTriggerService( 1681): 9f6ad62a-1f0b-11e7-87c5-40a8f03d3f15: Dropped operation as already destroyed or marked for destruction
05-17 23:16:29.787 I/SoundTriggerHelper( 1681): startRecognition successful.
05-17 23:16:29.787 E/SoundTriggerService( 1681): error onStart(): Model 9f6ad62a-1f0b-11e7-87c5-40a8f03d3f15 already started
05-17 23:16:31.653 I/ActivityTaskManager( 1681): START u0 {flg=0x20000000 cmp=com.huawei.welink/com.huawei.hwespace.module.chat.ui.MediaBrowseActivity (has extras)} from uid 10257
05-17 23:16:31.661 W/ActivityTaskManager( 1681): Tried to set launchTime (0) < mLastActivityLaunchTime (6453992)
05-17 23:16:32.085 D/ConnectivityService( 1681): NetReassign [no changes]
05-17 23:16:35.107 D/ConnectivityService( 1681): NetReassign [no changes]
05-17 23:16:38.034 D/NotificationService( 1681): 0|com.huawei.welink|3452698|com.huawei.works.im_zhongkun@d269553246|10257: granting content://settings/system/notification_sound
05-17 23:16:38.036 I/chatty  ( 1681): uid=1000(system) Binder:1681_3 identical 3 lines
05-17 23:16:38.036 D/NotificationService( 1681): 0|com.huawei.welink|3452698|com.huawei.works.im_zhongkun@d269553246|10257: granting content://settings/system/notification_sound
05-17 23:16:38.038 W/NotificationHistory( 1681): Attempted to add notif for locked/gone/disabled user 0
05-17 23:16:38.126 D/ConnectivityService( 1681): NetReassign [no changes]
05-17 23:16:40.461 I/vendor.google.wifi_ext@1.0-service-vendor(  995): Wifi: Reseting SAR Scenario to default
05-17 23:16:41.135 D/ConnectivityService( 1681): NetReassign [no changes]
05-17 23:16:43.703 I/ActivityTaskManager( 1681): START u0 {flg=0x20000000 cmp=com.huawei.welink/com.huawei.hwespace.module.chat.ui.MediaBrowseActivity (has extras)} from uid 10257
05-17 23:16:43.717 W/ActivityTaskManager( 1681): Tried to set launchTime (0) < mLastActivityLaunchTime (6492568)
05-17 23:16:44.149 D/ConnectivityService( 1681): NetReassign [no changes]
05-17 23:16:47.181 D/ConnectivityService( 1681): NetReassign [no changes]
05-17 23:16:49.133 I/vendor.google.wifi_ext@1.0-service-vendor(  995): Wifi: Setting SAR Scenario to 3
05-17 23:16:50.230 D/ConnectivityService( 1681): NetReassign [no changes]
05-17 23:16:53.261 D/ConnectivityService( 1681): NetReassign [no changes]
05-17 23:16:53.404 I/ActivityTaskManager( 1681): START u0 {flg=0x20000000 cmp=com.huawei.welink/com.huawei.hwespace.module.chat.ui.MediaBrowseActivity (has extras)} from uid 10257
05-17 23:16:53.413 W/ActivityTaskManager( 1681): Tried to set launchTime (0) < mLastActivityLaunchTime (6504624)
05-17 23:16:53.419 I/ActivityManager( 1681): Killing 22482:com.eg.android.AlipayGphone/u0a253 (adj 995): empty for 1801s
05-17 23:16:53.419 I/ActivityManager( 1681): Killing 22565:com.eg.android.AlipayGphone:push/u0a253 (adj 995): empty for 1801s
05-17 23:16:53.504 W/ActivityManager( 1681): Exception when unbinding service com.eg.android.AlipayGphone/com.alipay.mobile.common.fgbg.FgBgMonitorService
05-17 23:16:53.504 W/ActivityManager( 1681): android.os.DeadObjectException
05-17 23:16:53.504 W/ActivityManager( 1681): 	at android.os.BinderProxy.transactNative(Native Method)
05-17 23:16:53.504 W/ActivityManager( 1681): 	at android.os.BinderProxy.transact(BinderProxy.java:550)
05-17 23:16:53.504 W/ActivityManager( 1681): 	at android.app.IApplicationThread$Stub$Proxy.scheduleUnbindService(IApplicationThread.java:1646)
05-17 23:16:53.504 W/ActivityManager( 1681): 	at com.android.server.am.ActiveServices.removeConnectionLocked(ActiveServices.java:3505)
05-17 23:16:53.504 W/ActivityManager( 1681): 	at com.android.server.am.ActiveServices.killServicesLocked(ActiveServices.java:3907)
05-17 23:16:53.504 W/ActivityManager( 1681): 	at com.android.server.am.ActivityManagerService.cleanUpApplicationRecordLocked(ActivityManagerService.java:14756)
05-17 23:16:53.504 W/ActivityManager( 1681): 	at com.android.server.am.ActivityManagerService.handleAppDiedLocked(ActivityManagerService.java:3756)
05-17 23:16:53.504 W/ActivityManager( 1681): 	at com.android.server.am.ActivityManagerService.appDiedLocked(ActivityManagerService.java:3910)
05-17 23:16:53.504 W/ActivityManager( 1681): 	at com.android.server.am.ActivityManagerService$AppDeathRecipient.binderDied(ActivityManagerService.java:1601)
05-17 23:16:53.504 W/ActivityManager( 1681): 	at android.os.IBinder$DeathRecipient.binderDied(IBinder.java:305)
05-17 23:16:53.504 W/ActivityManager( 1681): 	at android.os.BinderProxy.sendDeathNotice(BinderProxy.java:664)
05-17 23:16:53.505 W/ActivityManager( 1681): Scheduling restart of crashed service com.eg.android.AlipayGphone/com.alipay.pushsdk.push.NotificationService in 1000ms for connection
05-17 23:16:56.274 D/ConnectivityService( 1681): NetReassign [no changes]
05-17 23:16:59.293 D/ConnectivityService( 1681): NetReassign [no changes]
05-17 23:16:59.320 I/ActivityTaskManager( 1681): START u0 {act=android.intent.action.MAIN cat=[android.intent.category.HOME] flg=0x4000000 cmp=com.google.android.apps.nexuslauncher/.NexusLauncherActivity} from uid 10257
05-17 23:17:00.348 I/vendor.google.wifi_ext@1.0-service-vendor(  995): Wifi: Reseting SAR Scenario to default
05-17 23:17:00.490 I/ActivityTaskManager( 1681): START u0 {act=android.intent.action.MAIN cat=[android.intent.category.LAUNCHER] flg=0x10200000 cmp=com.huawei.welink/huawei.w3.ui.welcome.W3SplashScreenActivity bnds=[842,1139][1043,1466]} from uid 10201
05-17 23:17:00.503 W/ActivityTaskManager( 1681): Tried to set launchTime (0) < mLastActivityLaunchTime (6514321)
05-17 23:17:01.309 I/vendor.google.wifi_ext@1.0-service-vendor(  995): Wifi: Setting SAR Scenario to 3
05-17 23:17:01.555 D/ConnectivityService( 1681): requestNetwork for uid/pid:10157/3394 NetworkRequest [ REQUEST id=297, [ Transports: CELLULAR Capabilities: INTERNET&NOT_RESTRICTED&TRUSTED&NOT_VPN Uid: 10157 AdministratorUids: [] RequestorUid: 10157 RequestorPackageName: com.google.android.googlequicksearchbox] ]
05-17 23:17:01.557 D/ConnectivityService( 1681): NetReassign [297 : null  100]
05-17 23:17:01.562 D/ConnectivityService( 1681): reportNetworkConnectivity(101, false) by 10157
05-17 23:17:02.319 D/ConnectivityService( 1681): NetReassign [no changes]
05-17 23:17:02.835 W/BroadcastQueue( 1681): Background execution not allowed: receiving Intent { act=android.net.conn.NETWORK_CONDITIONS_MEASURED flg=0x10 (has extras) } to com.google.android.gms/.chimera.GmsIntentOperationService$PersistentTrustedReceiver
05-17 23:17:02.841 D/ConnectivityService( 1681): [101 WIFI] validation passed
05-17 23:17:03.989 I/ActivityTaskManager( 1681): START u0 {act=com.huawei.espace.module.chat.chatfragment cmp=com.huawei.welink/com.huawei.hwespace.module.chat.ui.ChatActivity (has extras)} from uid 10257
05-17 23:17:04.000 W/ActivityTaskManager( 1681): Tried to set launchTime (0) < mLastActivityLaunchTime (6521410)
05-17 23:17:04.289 D/ContentCapturePerUserService( 1681): Notified activity assist data for activity: Token{dcf9217 ActivityRecord{4ae6604 u0 com.huawei.welink/com.huawei.hwespace.module.chat.ui.ChatActivity t5427}} without a session Id
05-17 23:17:04.984 I/ActivityTaskManager( 1681): START u0 {flg=0x20000000 cmp=com.huawei.welink/com.huawei.hwespace.module.chat.ui.MediaBrowseActivity (has extras)} from uid 10257
05-17 23:17:04.992 W/ActivityTaskManager( 1681): Tried to set launchTime (0) < mLastActivityLaunchTime (6524908)
05-17 23:17:05.325 D/ConnectivityService( 1681): NetReassign [no changes]
05-17 23:17:06.604 W/Looper  ( 1681): Slow dispatch took 5002ms android.fg h=android.os.Handler c=java.util.concurrent.FutureTask@2a75a92 m=0
05-17 23:17:06.605 W/Looper  ( 1681): Slow delivery took 1530ms android.fg h=android.os.Handler c=com.android.server.-$$Lambda$NetworkManagementService$NetdUnsolicitedEventListener$praKgcnQG9FTHNMGfCVPTVY8mK8@dc63c63 m=0
05-17 23:17:08.356 D/ConnectivityService( 1681): NetReassign [no changes]
05-17 23:17:10.725 W/Looper  ( 1681): Drained
05-17 23:17:10.728 D/PowerUI ( 2202): can't show warning due to - plugged: true status unknown: false
05-17 23:17:10.917 D/TwilightService( 1681): onLocationChanged: provider=fused accuracy=164.4 time=1621264630892
05-17 23:17:11.386 D/ConnectivityService( 1681): NetReassign [no changes]
05-17 23:17:12.517 I/vendor.google.wifi_ext@1.0-service-vendor(  995): Wifi: Reseting SAR Scenario to default
05-17 23:17:14.416 D/ConnectivityService( 1681): NetReassign [no changes]
05-17 23:17:17.428 I/chatty  ( 1681): uid=1000(system) ConnectivitySer identical 1 line
05-17 23:17:20.440 D/ConnectivityService( 1681): NetReassign [no changes]
05-17 23:17:20.517 I/vendor.google.wifi_ext@1.0-service-vendor(  995): Wifi: Setting SAR Scenario to 3
05-17 23:17:23.457 D/ConnectivityService( 1681): NetReassign [no changes]
05-17 23:17:23.749 V/SoundTriggerService( 1681): 9f6ad62a-1f0b-11e7-87c5-40a8f03d3f15: Generic sound trigger event: GenericRecognitionEvent ::RecognitionEvent [status=0, soundModelHandle=12, captureAvailable=true, captureSession=753, captureDelayMs=0, capturePreambleMs=0, triggerInData=false, sampleRate=16000, encoding=2, channelMask=16, data=19]
05-17 23:17:23.755 V/SoundTriggerService( 1681): 9f6ad62a-1f0b-11e7-87c5-40a8f03d3f15: onServiceConnected(android.os.BinderProxy@7a2f4b0)
05-17 23:17:23.756 V/SoundTriggerService( 1681): 9f6ad62a-1f0b-11e7-87c5-40a8f03d3f15: runOp 0
05-17 23:17:25.330 V/SoundTriggerService( 1681): 9f6ad62a-1f0b-11e7-87c5-40a8f03d3f15: destroy
05-17 23:17:25.331 I/SoundTriggerService( 1681): startRecognition(): id = 9f6ad62a-1f0b-11e7-87c5-40a8f03d3f15
05-17 23:17:25.331 W/SoundTriggerHelper( 1681): Canceling previous recognition for model id: 9f6ad62a-1f0b-11e7-87c5-40a8f03d3f15
05-17 23:17:25.331 V/SoundTriggerService( 1681): 9f6ad62a-1f0b-11e7-87c5-40a8f03d3f15: onError: -2147483648
05-17 23:17:25.334 W/SoundTriggerService( 1681): 9f6ad62a-1f0b-11e7-87c5-40a8f03d3f15: Dropped operation as already destroyed or marked for destruction
05-17 23:17:25.390 I/SoundTriggerHelper( 1681): startRecognition successful.
05-17 23:17:25.391 E/SoundTriggerService( 1681): error onStart(): Model 9f6ad62a-1f0b-11e7-87c5-40a8f03d3f15 already started
05-17 23:17:26.474 D/ConnectivityService( 1681): NetReassign [no changes]
05-17 23:17:28.090 I/ActivityTaskManager( 1681): START u0 {act=android.intent.action.MAIN cat=[android.intent.category.LAUNCHER] flg=0x10200000 cmp=com.tencent.mm/.ui.LauncherUI bnds=[641,1139][842,1466]} from uid 10201
05-17 23:17:29.490 D/ConnectivityService( 1681): NetReassign [no changes]
05-17 23:17:32.205 W/Looper  ( 1681): Slow dispatch took 5002ms android.fg h=android.os.Handler c=java.util.concurrent.FutureTask@9445b6 m=0
05-17 23:17:32.206 W/Looper  ( 1681): Slow delivery took 4988ms android.fg h=android.os.Handler c=android.app.-$$Lambda$LoadedApk$ReceiverDispatcher$Args$_BumDX2UKsnxLVrE6UJsJZkotuA@d2352b7 m=0
05-17 23:17:32.206 W/Looper  ( 1681): Drained
05-17 23:17:32.510 D/ConnectivityService( 1681): NetReassign [no changes]
05-17 23:17:35.526 D/ConnectivityService( 1681): NetReassign [no changes]
05-17 23:17:36.165 W/ActivityManager( 1681): Background start not allowed: service Intent { cmp=com.bilibili.app.in/com.bilibili.lib.infoeyes.InfoEyesRemoteService (has extras) } to com.bilibili.app.in/com.bilibili.lib.infoeyes.InfoEyesRemoteService from pid=4243 uid=10241 pkg=com.bilibili.app.in startFg?=false
