05-17 22:50:18.211  1681  2128 I chatty  : uid=1000(system) ConnectivitySer identical 2 lines
05-17 22:50:21.231  1681  2128 D ConnectivityService: NetReassign [no changes]
05-17 22:50:21.454  1681  2637 I ActivityTaskManager: START u0 {cmp=com.bilibili.app.in/com.bilibili.app.authorspace.ui.AuthorBigAvatarActivity (has extras)} from uid 10241
05-17 22:50:21.466  1681  2637 W ActivityTaskManager: Tried to set launchTime (0) < mLastActivityLaunchTime (4905339)
05-17 22:50:24.265  1681  2128 D ConnectivityService: NetReassign [no changes]
05-17 22:50:25.576  1681  4241 W ActivityManager: Receiver with filter android.content.IntentFilter@7b1754d already registered for pid 4243, callerPackage is com.bilibili.app.in
05-17 22:50:26.607  4243  4370 E ActivityThread: Failed to find provider info for com.huawei.android.launcher.settings
05-17 22:50:27.280  1681  2128 D ConnectivityService: NetReassign [no changes]
05-17 22:50:33.321  1681  2128 I chatty  : uid=1000(system) ConnectivitySer identical 2 lines
05-17 22:50:36.333  1681  2128 D ConnectivityService: NetReassign [no changes]
05-17 22:50:39.163  1681  2128 D ConnectivityService: handleLingerComplete for [100 CELLULAR]
05-17 22:50:39.357  1681  2128 D ConnectivityService: NetReassign [no changes]
05-17 22:50:41.926  1681  2637 I ActivityTaskManager: START u0 {dat=bilibili://video/757682984?player_height=1080&from_spmid=tm.recommend.0.0&player_preload=84211535&player_rotate=0&trackid=all_29.shylf-ai-recsys-893.1621262925320.288&jumpFrom=7&cid=326794847&player_width=1920&cover=http://i0.hdslb.com/bfs/archive/9524d913e43cace7c72a3f9d95903cf2d7254f4e.jpg&bili_only=1 cmp=com.bilibili.app.in/tv.danmaku.bili.ui.video.VideoDetailsActivity (has extras)} from uid 10241
05-17 22:50:41.941  1681  4115 W ActivityTaskManager: Tried to set launchTime (0) < mLastActivityLaunchTime (4922373)
05-17 22:50:42.264  1681  4244 W ActivityManager: Unable to start service Intent { act=com.bun.msa.action.start.service cmp=com.mdid.msa/.service.MsaKlService (has extras) } U=0: not found
05-17 22:50:42.269  1681  2637 W ActivityManager: Unable to start service Intent { act=com.bun.msa.action.bindto.service cmp=com.mdid.msa/.service.MsaIdService (has extras) } U=0: not found
05-17 22:50:42.374  1681  2128 D ConnectivityService: NetReassign [no changes]
05-17 22:50:42.574  1681  2637 W ActivityManager: Unable to start service Intent { act=com.bun.msa.action.start.service cmp=com.mdid.msa/.service.MsaKlService (has extras) } U=0: not found
05-17 22:50:42.576  1681  2637 W ActivityManager: Unable to start service Intent { act=com.bun.msa.action.bindto.service cmp=com.mdid.msa/.service.MsaIdService (has extras) } U=0: not found
05-17 22:50:43.250  1681  4241 W ActivityManager: Unable to start service Intent { act=com.bun.msa.action.start.service cmp=com.mdid.msa/.service.MsaKlService (has extras) } U=0: not found
05-17 22:50:43.252  1681  4241 W ActivityManager: Unable to start service Intent { act=com.bun.msa.action.bindto.service cmp=com.mdid.msa/.service.MsaIdService (has extras) } U=0: not found
05-17 22:50:43.301  1681  4115 W ActivityManager: Unable to start service Intent { act=com.bun.msa.action.start.service cmp=com.mdid.msa/.service.MsaKlService (has extras) } U=0: not found
05-17 22:50:43.302  1681  4115 W ActivityManager: Unable to start service Intent { act=com.bun.msa.action.bindto.service cmp=com.mdid.msa/.service.MsaIdService (has extras) } U=0: not found
05-17 22:50:45.391  1681  2128 D ConnectivityService: NetReassign [no changes]
05-17 22:50:48.410  1681  2128 I chatty  : uid=1000(system) ConnectivitySer identical 1 line
05-17 22:50:51.435  1681  2128 D ConnectivityService: NetReassign [no changes]
05-17 22:50:53.085  1681  2128 D ConnectivityService: reportNetworkConnectivity(101, false) by 10143
05-17 22:50:53.436  1681  1818 W BroadcastQueue: Background execution not allowed: receiving Intent { act=android.net.conn.NETWORK_CONDITIONS_MEASURED flg=0x10 (has extras) } to com.google.android.gms/.chimera.GmsIntentOperationService$PersistentTrustedReceiver
05-17 22:50:53.437  1681  2128 D ConnectivityService: [101 WIFI] validation passed
05-17 22:50:54.453  1681  2128 D ConnectivityService: NetReassign [no changes]
05-17 22:51:09.564  1681  2128 I chatty  : uid=1000(system) ConnectivitySer identical 5 lines
05-17 22:51:12.583  1681  2128 D ConnectivityService: NetReassign [no changes]
05-17 22:51:13.119  1681  4236 D ConnectivityService: requestNetwork for uid/pid:10195/20618 NetworkRequest [ TRACK_DEFAULT id=286, [ Capabilities: INTERNET&NOT_RESTRICTED&TRUSTED Uid: 10195 AdministratorUids: [] RequestorUid: 10195 RequestorPackageName: com.google.android.youtube] ]
05-17 22:51:13.120  1681  2128 D ConnectivityService: NetReassign [286 : null  101]
05-17 22:51:13.143  1681  2128 D ConnectivityService: releasing NetworkRequest [ TRACK_DEFAULT id=286, [ Capabilities: INTERNET&NOT_RESTRICTED&TRUSTED Uid: 10195 AdministratorUids: [] RequestorUid: 10195 RequestorPackageName: com.google.android.youtube] ] (release request)
05-17 22:51:15.608  1681  2128 D ConnectivityService: NetReassign [no changes]
05-17 22:51:33.753  1681  2128 I chatty  : uid=1000(system) ConnectivitySer identical 6 lines
05-17 22:51:36.768  1681  2128 D ConnectivityService: NetReassign [no changes]
05-17 22:51:37.679  1681  2128 D ConnectivityService: reportNetworkConnectivity(101, false) by 10143
05-17 22:51:38.315  1681  1818 W BroadcastQueue: Background execution not allowed: receiving Intent { act=android.net.conn.NETWORK_CONDITIONS_MEASURED flg=0x10 (has extras) } to com.google.android.gms/.chimera.GmsIntentOperationService$PersistentTrustedReceiver
05-17 22:51:38.317  1681  2128 D ConnectivityService: [101 WIFI] validation passed
05-17 22:51:39.792  1681  2128 D ConnectivityService: NetReassign [no changes]
05-17 22:51:48.855  1681  2128 I chatty  : uid=1000(system) ConnectivitySer identical 3 lines
05-17 22:51:51.874  1681  2128 D ConnectivityService: NetReassign [no changes]
05-17 22:51:54.584  1681  1681 D CompatibilityChangeReporter: Compat change id reported: 135634846; UID 10236; state: DISABLED
05-17 22:51:54.584  1681  1681 D CompatibilityChangeReporter: Compat change id reported: 135754954; UID 10236; state: DISABLED
05-17 22:51:54.585  1681  1819 D CompatibilityChangeReporter: Compat change id reported: 143937733; UID 10236; state: DISABLED
05-17 22:51:54.587  1681  1681 D CompatibilityChangeReporter: Compat change id reported: 135634846; UID 10152; state: DISABLED
05-17 22:51:54.588  1681  1681 D CompatibilityChangeReporter: Compat change id reported: 135754954; UID 10152; state: ENABLED
05-17 22:51:54.599  1681  1819 I ActivityManager: Start proc 24640:com.google.android.apps.walletnfcrel/u0a236 for service {com.google.android.apps.walletnfcrel/androidx.work.impl.background.systemjob.SystemJobService}
05-17 22:51:54.600  1681  1819 D CompatibilityChangeReporter: Compat change id reported: 143937733; UID 10152; state: ENABLED
05-17 22:51:54.617  1681  1819 I ActivityManager: Start proc 24658:com.google.android.dialer/u0a152 for service {com.google.android.dialer/androidx.work.impl.background.systemjob.SystemJobService}
05-17 22:51:54.695  1681  4115 W ActivityManager: Background start not allowed: service Intent { cmp=com.google.android.apps.messaging/.shared.datamodel.action.execution.ActionExecutorImpl$EmptyService (has extras) } to com.google.android.apps.messaging/.shared.datamodel.action.execution.ActionExecutorImpl$EmptyService from pid=20533 uid=10176 pkg=com.google.android.apps.messaging startFg?=false
05-17 22:51:54.894  1681  2128 D ConnectivityService: NetReassign [no changes]
05-17 22:51:55.145  1681  4244 D ConnectivityService: requestNetwork for uid/pid:10236/24640 NetworkRequest [ TRACK_DEFAULT id=287, [ Capabilities: INTERNET&NOT_RESTRICTED&TRUSTED Uid: 10236 AdministratorUids: [] RequestorUid: 10236 RequestorPackageName: com.google.android.apps.walletnfcrel] ]
05-17 22:51:55.145  1681  2128 D ConnectivityService: NetReassign [287 : null  101]
05-17 22:51:57.910  1681  2128 D ConnectivityService: NetReassign [no changes]
05-17 22:52:16.053  1681  2128 I chatty  : uid=1000(system) ConnectivitySer identical 6 lines
05-17 22:52:19.079  1681  2128 D ConnectivityService: NetReassign [no changes]
05-17 22:52:20.156  1681  4241 I ActivityTaskManager: START u0 {dat=bilibili://video/630536134?player_height=1080&from_spmid=tm.recommend.0.0&player_preload=102882071&player_rotate=0&trackid=all_29.shylf-ai-recsys-892.1621263119553.208&jumpFrom=7&cid=339509923&player_width=1920&cover=http://i0.hdslb.com/bfs/archive/c97fa5401500c35f1178b2c158eb28b7b866e865.jpg&bili_only=1 cmp=com.bilibili.app.in/tv.danmaku.bili.ui.video.VideoDetailsActivity (has extras)} from uid 10241
05-17 22:52:20.170  1681  4115 W ActivityTaskManager: Tried to set launchTime (0) < mLastActivityLaunchTime (4942849)
05-17 22:52:20.472  1681  4244 W ActivityManager: Unable to start service Intent { act=com.bun.msa.action.start.service cmp=com.mdid.msa/.service.MsaKlService (has extras) } U=0: not found
05-17 22:52:20.475  1681  4244 W ActivityManager: Unable to start service Intent { act=com.bun.msa.action.bindto.service cmp=com.mdid.msa/.service.MsaIdService (has extras) } U=0: not found
05-17 22:52:20.636  1681  4244 W ActivityManager: Unable to start service Intent { act=com.bun.msa.action.start.service cmp=com.mdid.msa/.service.MsaKlService (has extras) } U=0: not found
05-17 22:52:20.639  1681  4244 W ActivityManager: Unable to start service Intent { act=com.bun.msa.action.bindto.service cmp=com.mdid.msa/.service.MsaIdService (has extras) } U=0: not found
05-17 22:52:21.475  1681  4115 W ActivityManager: Unable to start service Intent { act=com.bun.msa.action.start.service cmp=com.mdid.msa/.service.MsaKlService (has extras) } U=0: not found
05-17 22:52:21.477  1681  4115 W ActivityManager: Unable to start service Intent { act=com.bun.msa.action.bindto.service cmp=com.mdid.msa/.service.MsaIdService (has extras) } U=0: not found
05-17 22:52:21.695  1681  4244 W ActivityManager: Unable to start service Intent { act=com.bun.msa.action.start.service cmp=com.mdid.msa/.service.MsaKlService (has extras) } U=0: not found
05-17 22:52:21.697  1681  4244 W ActivityManager: Unable to start service Intent { act=com.bun.msa.action.bindto.service cmp=com.mdid.msa/.service.MsaIdService (has extras) } U=0: not found
05-17 22:52:22.089  1681  2128 D ConnectivityService: NetReassign [no changes]
05-17 22:52:25.108  1681  2128 I chatty  : uid=1000(system) ConnectivitySer identical 1 line
05-17 22:52:28.132  1681  2128 D ConnectivityService: NetReassign [no changes]
05-17 22:52:30.256  1681  4244 I ActivityManager: Killing 17662:tv.acfundanmaku.video:push_helper/u0a294 (adj 985): empty for 1802s
05-17 22:52:30.256  1681  4244 I ActivityManager: Killing 17606:tv.acfundanmaku.video:messagesdk/u0a294 (adj 985): empty for 1803s
05-17 22:52:31.154  1681  2128 D ConnectivityService: NetReassign [no changes]
05-17 22:52:34.165  1681  2128 D ConnectivityService: NetReassign [no changes]
05-17 22:52:36.177  1681  2083 W ActivityManager: Unable to start service Intent { act=com.didapinche.booking.intent.action.COCKROACH flg=0x4 (has extras) } U=0: not found
05-17 22:52:37.183  1681  2128 D ConnectivityService: NetReassign [no changes]
05-17 22:52:38.093  1681  2128 D ConnectivityService: reportNetworkConnectivity(101, false) by 10143
05-17 22:52:38.314  1681  1854 D BatteryStatsImpl: Got freq readings for an isolated uid with no mapping: 99000
05-17 22:52:38.314  1681  1854 D BatteryStatsImpl: Got freq readings for an isolated uid with no mapping: 99001
05-17 22:52:38.314  1681  1854 D BatteryStatsImpl: Got freq readings for an isolated uid with no mapping: 99003
05-17 22:52:38.314  1681  1854 D BatteryStatsImpl: Got freq readings for an isolated uid with no mapping: 99004
05-17 22:52:38.314  1681  1854 D BatteryStatsImpl: Got freq readings for an isolated uid with no mapping: 99005
05-17 22:52:38.314  1681  1854 D BatteryStatsImpl: Got freq readings for an isolated uid with no mapping: 99006
05-17 22:52:38.314  1681  1854 D BatteryStatsImpl: Got freq readings for an isolated uid with no mapping: 99007
05-17 22:52:38.314  1681  1854 D BatteryStatsImpl: Got freq readings for an isolated uid with no mapping: 99008
05-17 22:52:38.314  1681  1854 D BatteryStatsImpl: Got freq readings for an isolated uid with no mapping: 99009
05-17 22:52:38.314  1681  1854 D BatteryStatsImpl: Got freq readings for an isolated uid with no mapping: 99010
05-17 22:52:38.314  1681  1854 D BatteryStatsImpl: Got freq readings for an isolated uid with no mapping: 99011
05-17 22:52:38.314  1681  1854 D BatteryStatsImpl: Got freq readings for an isolated uid with no mapping: 99012
05-17 22:52:38.314  1681  1854 D BatteryStatsImpl: Got freq readings for an isolated uid with no mapping: 99013
05-17 22:52:38.314  1681  1854 D BatteryStatsImpl: Got freq readings for an isolated uid with no mapping: 99014
05-17 22:52:38.314  1681  1854 D BatteryStatsImpl: Got freq readings for an isolated uid with no mapping: 99015
05-17 22:52:38.314  1681  1854 D BatteryStatsImpl: Got freq readings for an isolated uid with no mapping: 99016
05-17 22:52:38.314  1681  1854 D BatteryStatsImpl: Got freq readings for an isolated uid with no mapping: 99017
05-17 22:52:38.314  1681  1854 D BatteryStatsImpl: Got freq readings for an isolated uid with no mapping: 99018
05-17 22:52:38.316  1681  1854 W BatteryStatsImpl: Got active times for an isolated uid with no mapping: 99000
05-17 22:52:38.316  1681  1854 W BatteryStatsImpl: Got active times for an isolated uid with no mapping: 99001
05-17 22:52:38.316  1681  1854 W BatteryStatsImpl: Got active times for an isolated uid with no mapping: 99003
05-17 22:52:38.316  1681  1854 W BatteryStatsImpl: Got active times for an isolated uid with no mapping: 99004
05-17 22:52:38.316  1681  1854 W BatteryStatsImpl: Got active times for an isolated uid with no mapping: 99005
05-17 22:52:38.316  1681  1854 W BatteryStatsImpl: Got active times for an isolated uid with no mapping: 99006
05-17 22:52:38.316  1681  1854 W BatteryStatsImpl: Got active times for an isolated uid with no mapping: 99007
05-17 22:52:38.316  1681  1854 W BatteryStatsImpl: Got active times for an isolated uid with no mapping: 99008
05-17 22:52:38.316  1681  1854 W BatteryStatsImpl: Got active times for an isolated uid with no mapping: 99009
05-17 22:52:38.316  1681  1854 W BatteryStatsImpl: Got active times for an isolated uid with no mapping: 99010
05-17 22:52:38.316  1681  1854 W BatteryStatsImpl: Got active times for an isolated uid with no mapping: 99011
05-17 22:52:38.316  1681  1854 W BatteryStatsImpl: Got active times for an isolated uid with no mapping: 99012
05-17 22:52:38.316  1681  1854 W BatteryStatsImpl: Got active times for an isolated uid with no mapping: 99013
05-17 22:52:38.316  1681  1854 W BatteryStatsImpl: Got active times for an isolated uid with no mapping: 99014
05-17 22:52:38.316  1681  1854 W BatteryStatsImpl: Got active times for an isolated uid with no mapping: 99015
05-17 22:52:38.316  1681  1854 W BatteryStatsImpl: Got active times for an isolated uid with no mapping: 99016
05-17 22:52:38.316  1681  1854 W BatteryStatsImpl: Got active times for an isolated uid with no mapping: 99017
05-17 22:52:38.316  1681  1854 W BatteryStatsImpl: Got active times for an isolated uid with no mapping: 99018
05-17 22:52:38.317  1681  1854 W BatteryStatsImpl: Got cluster times for an isolated uid with no mapping: 99000
05-17 22:52:38.317  1681  1854 W BatteryStatsImpl: Got cluster times for an isolated uid with no mapping: 99001
05-17 22:52:38.317  1681  1854 W BatteryStatsImpl: Got cluster times for an isolated uid with no mapping: 99003
05-17 22:52:38.317  1681  1854 W BatteryStatsImpl: Got cluster times for an isolated uid with no mapping: 99004
05-17 22:52:38.317  1681  1854 W BatteryStatsImpl: Got cluster times for an isolated uid with no mapping: 99005
05-17 22:52:38.317  1681  1854 W BatteryStatsImpl: Got cluster times for an isolated uid with no mapping: 99006
05-17 22:52:38.317  1681  1854 W BatteryStatsImpl: Got cluster times for an isolated uid with no mapping: 99007
05-17 22:52:38.317  1681  1854 W BatteryStatsImpl: Got cluster times for an isolated uid with no mapping: 99008
05-17 22:52:38.317  1681  1854 W BatteryStatsImpl: Got cluster times for an isolated uid with no mapping: 99009
05-17 22:52:38.317  1681  1854 W BatteryStatsImpl: Got cluster times for an isolated uid with no mapping: 99010
05-17 22:52:38.317  1681  1854 W BatteryStatsImpl: Got cluster times for an isolated uid with no mapping: 99011
05-17 22:52:38.317  1681  1854 W BatteryStatsImpl: Got cluster times for an isolated uid with no mapping: 99012
05-17 22:52:38.317  1681  1854 W BatteryStatsImpl: Got cluster times for an isolated uid with no mapping: 99013
05-17 22:52:38.317  1681  1854 W BatteryStatsImpl: Got cluster times for an isolated uid with no mapping: 99014
05-17 22:52:38.317  1681  1854 W BatteryStatsImpl: Got cluster times for an isolated uid with no mapping: 99015
05-17 22:52:38.317  1681  1854 W BatteryStatsImpl: Got cluster times for an isolated uid with no mapping: 99016
05-17 22:52:38.317  1681  1854 W BatteryStatsImpl: Got cluster times for an isolated uid with no mapping: 99017
05-17 22:52:38.317  1681  1854 W BatteryStatsImpl: Got cluster times for an isolated uid with no mapping: 99018
05-17 22:52:38.935  1681  1818 W BroadcastQueue: Background execution not allowed: receiving Intent { act=android.net.conn.NETWORK_CONDITIONS_MEASURED flg=0x10 (has extras) } to com.google.android.gms/.chimera.GmsIntentOperationService$PersistentTrustedReceiver
05-17 22:52:38.938  1681  2128 D ConnectivityService: [101 WIFI] validation passed
05-17 22:52:40.211  1681  2128 D ConnectivityService: NetReassign [no changes]
05-17 22:52:55.308  1681  2128 I chatty  : uid=1000(system) ConnectivitySer identical 5 lines
05-17 22:52:58.332  1681  2128 D ConnectivityService: NetReassign [no changes]
05-17 22:53:00.612  1681  4127 I ActivityManager: Killing 17793:com.google.android.apps.wallpaper/u0a202 (adj 999): empty for 1800s
05-17 22:53:01.351  1681  2128 D ConnectivityService: NetReassign [no changes]
05-17 22:53:13.432  1681  2128 I chatty  : uid=1000(system) ConnectivitySer identical 4 lines
05-17 22:53:16.459  1681  2128 D ConnectivityService: NetReassign [no changes]
05-17 22:53:17.453  1681  4244 I ActivityTaskManager: START u0 {dat=bilibili://video/930165403?player_height=1920&from_spmid=tm.recommend.0.0&player_preload=225677527&player_rotate=0&trackid=all_29.shylf-ai-recsys-892.1621263119553.208&jumpFrom=7&cid=326820540&player_width=1080&cover=http://i2.hdslb.com/bfs/archive/847f5940497fa7473935978e131f42a2bbed7e67.jpg&bili_only=1 cmp=com.bilibili.app.in/tv.danmaku.bili.ui.video.VideoDetailsActivity (has extras)} from uid 10241
05-17 22:53:17.465  1681  4244 W ActivityTaskManager: Tried to set launchTime (0) < mLastActivityLaunchTime (5041077)
05-17 22:53:17.786  1681  4244 W ActivityManager: Unable to start service Intent { act=com.bun.msa.action.start.service cmp=com.mdid.msa/.service.MsaKlService (has extras) } U=0: not found
05-17 22:53:17.788  1681  4244 W ActivityManager: Unable to start service Intent { act=com.bun.msa.action.bindto.service cmp=com.mdid.msa/.service.MsaIdService (has extras) } U=0: not found
05-17 22:53:18.788  1681  4244 W ActivityManager: Unable to start service Intent { act=com.bun.msa.action.start.service cmp=com.mdid.msa/.service.MsaKlService (has extras) } U=0: not found
05-17 22:53:18.790  1681  4244 W ActivityManager: Unable to start service Intent { act=com.bun.msa.action.bindto.service cmp=com.mdid.msa/.service.MsaIdService (has extras) } U=0: not found
05-17 22:53:19.473  1681  2128 D ConnectivityService: NetReassign [no changes]
05-17 22:53:22.498  1681  2128 D ConnectivityService: NetReassign [no changes]
05-17 22:53:25.094  1681  2406 D ConnectivityService: requestNetwork for uid/pid:10157/3394 NetworkRequest [ REQUEST id=288, [ Transports: CELLULAR Capabilities: INTERNET&NOT_RESTRICTED&TRUSTED&NOT_VPN Uid: 10157 AdministratorUids: [] RequestorUid: 10157 RequestorPackageName: com.google.android.googlequicksearchbox] ]
05-17 22:53:25.094  1681  2128 D ConnectivityService: NetReassign [288 : null  100]
05-17 22:53:25.095  1681  2128 D ConnectivityService: reportNetworkConnectivity(101, false) by 10157
05-17 22:53:25.509  1681  2128 D ConnectivityService: NetReassign [no changes]
05-17 22:53:25.695  1681  1818 W BroadcastQueue: Background execution not allowed: receiving Intent { act=android.net.conn.NETWORK_CONDITIONS_MEASURED flg=0x10 (has extras) } to com.google.android.gms/.chimera.GmsIntentOperationService$PersistentTrustedReceiver
05-17 22:53:25.696  1681  2128 D ConnectivityService: [101 WIFI] validation passed
05-17 22:53:28.525  1681  2128 D ConnectivityService: NetReassign [no changes]
05-17 22:53:34.569  1681  2128 I chatty  : uid=1000(system) ConnectivitySer identical 2 lines
05-17 22:53:37.587  1681  2128 D ConnectivityService: NetReassign [no changes]
05-17 22:53:40.280  1681  2406 D CompatibilityChangeReporter: Compat change id reported: 135634846; UID 10091; state: DISABLED
05-17 22:53:40.280  1681  2406 D CompatibilityChangeReporter: Compat change id reported: 135754954; UID 10091; state: ENABLED
05-17 22:53:40.280  1681  1819 D CompatibilityChangeReporter: Compat change id reported: 143937733; UID 10091; state: ENABLED
05-17 22:53:40.289  1681  1819 I ActivityManager: Start proc 25172:com.android.providers.calendar/u0a91 for content provider {com.android.providers.calendar/com.android.providers.calendar.CalendarProvider2}
05-17 22:53:40.609  1681  1818 W BroadcastQueue: Background execution not allowed: receiving Intent { act=android.net.wifi.RSSI_CHANGED flg=0x4000010 (has extras) } to com.tencent.androidqqmail/com.tencent.qqmail.utilities.qmbroadcastreceiver.WifiChangeReceiver
05-17 22:53:40.635  1681  2128 D ConnectivityService: NetReassign [no changes]
05-17 22:53:43.620  1681  1818 W BroadcastQueue: Background execution not allowed: receiving Intent { act=android.net.wifi.RSSI_CHANGED flg=0x4000010 (has extras) } to com.tencent.androidqqmail/com.tencent.qqmail.utilities.qmbroadcastreceiver.WifiChangeReceiver
05-17 22:53:43.655  1681  2128 D ConnectivityService: NetReassign [no changes]
05-17 22:53:46.645  1681  1818 W BroadcastQueue: Background execution not allowed: receiving Intent { act=android.net.wifi.RSSI_CHANGED flg=0x4000010 (has extras) } to com.tencent.androidqqmail/com.tencent.qqmail.utilities.qmbroadcastreceiver.WifiChangeReceiver
05-17 22:53:46.686  1681  2128 D ConnectivityService: NetReassign [no changes]
05-17 22:53:58.740  1681  2128 I chatty  : uid=1000(system) ConnectivitySer identical 4 lines
05-17 22:54:01.764  1681  2128 D ConnectivityService: NetReassign [no changes]
05-17 22:54:03.694  1681  1681 I ActivityManager: Killing 18468:com.google.android.apps.work.clouddpc/u0a192 (adj 999): empty for 1801s
05-17 22:54:04.783  1681  2128 D ConnectivityService: NetReassign [no changes]
05-17 22:54:05.134  1681  2128 D ConnectivityService: releasing NetworkRequest [ REQUEST id=288, [ Transports: CELLULAR Capabilities: INTERNET&NOT_RESTRICTED&TRUSTED&NOT_VPN Uid: 10157 AdministratorUids: [] RequestorUid: 10157 RequestorPackageName: com.google.android.googlequicksearchbox] ] (release request)
05-17 22:54:07.805  1681  2128 D ConnectivityService: NetReassign [no changes]
05-17 22:54:25.927  1681  2128 I chatty  : uid=1000(system) ConnectivitySer identical 6 lines
05-17 22:54:28.948  1681  2128 D ConnectivityService: NetReassign [no changes]
05-17 22:54:31.969  1681  1818 W BroadcastQueue: Background execution not allowed: receiving Intent { act=android.net.wifi.RSSI_CHANGED flg=0x4000010 (has extras) } to com.tencent.androidqqmail/com.tencent.qqmail.utilities.qmbroadcastreceiver.WifiChangeReceiver
05-17 22:54:32.015  1681  2128 D ConnectivityService: NetReassign [no changes]
05-17 22:56:05.670  1681  2128 I chatty  : uid=1000(system) ConnectivitySer identical 31 lines
05-17 22:56:08.689  1681  2128 D ConnectivityService: NetReassign [no changes]
05-17 22:56:11.171  1681  1854 D BatteryStatsImpl: Got freq readings for an isolated uid with no mapping: 99000
05-17 22:56:11.171  1681  1854 D BatteryStatsImpl: Got freq readings for an isolated uid with no mapping: 99001
05-17 22:56:11.171  1681  1854 D BatteryStatsImpl: Got freq readings for an isolated uid with no mapping: 99003
05-17 22:56:11.171  1681  1854 D BatteryStatsImpl: Got freq readings for an isolated uid with no mapping: 99004
05-17 22:56:11.171  1681  1854 D BatteryStatsImpl: Got freq readings for an isolated uid with no mapping: 99005
05-17 22:56:11.171  1681  1854 D BatteryStatsImpl: Got freq readings for an isolated uid with no mapping: 99006
05-17 22:56:11.171  1681  1854 D BatteryStatsImpl: Got freq readings for an isolated uid with no mapping: 99007
05-17 22:56:11.171  1681  1854 D BatteryStatsImpl: Got freq readings for an isolated uid with no mapping: 99008
05-17 22:56:11.171  1681  1854 D BatteryStatsImpl: Got freq readings for an isolated uid with no mapping: 99009
05-17 22:56:11.171  1681  1854 D BatteryStatsImpl: Got freq readings for an isolated uid with no mapping: 99010
05-17 22:56:11.171  1681  1854 D BatteryStatsImpl: Got freq readings for an isolated uid with no mapping: 99011
05-17 22:56:11.171  1681  1854 D BatteryStatsImpl: Got freq readings for an isolated uid with no mapping: 99012
05-17 22:56:11.171  1681  1854 D BatteryStatsImpl: Got freq readings for an isolated uid with no mapping: 99013
05-17 22:56:11.171  1681  1854 D BatteryStatsImpl: Got freq readings for an isolated uid with no mapping: 99014
05-17 22:56:11.171  1681  1854 D BatteryStatsImpl: Got freq readings for an isolated uid with no mapping: 99015
05-17 22:56:11.172  1681  1854 D BatteryStatsImpl: Got freq readings for an isolated uid with no mapping: 99016
05-17 22:56:11.172  1681  1854 D BatteryStatsImpl: Got freq readings for an isolated uid with no mapping: 99017
05-17 22:56:11.172  1681  1854 D BatteryStatsImpl: Got freq readings for an isolated uid with no mapping: 99018
05-17 22:56:11.173  1681  1854 W BatteryStatsImpl: Got active times for an isolated uid with no mapping: 99000
05-17 22:56:11.174  1681  1854 W BatteryStatsImpl: Got active times for an isolated uid with no mapping: 99001
05-17 22:56:11.174  1681  1854 W BatteryStatsImpl: Got active times for an isolated uid with no mapping: 99003
05-17 22:56:11.174  1681  1854 W BatteryStatsImpl: Got active times for an isolated uid with no mapping: 99004
05-17 22:56:11.174  1681  1854 W BatteryStatsImpl: Got active times for an isolated uid with no mapping: 99005
05-17 22:56:11.174  1681  1854 W BatteryStatsImpl: Got active times for an isolated uid with no mapping: 99006
05-17 22:56:11.174  1681  1854 W BatteryStatsImpl: Got active times for an isolated uid with no mapping: 99007
05-17 22:56:11.174  1681  1854 W BatteryStatsImpl: Got active times for an isolated uid with no mapping: 99008
05-17 22:56:11.174  1681  1854 W BatteryStatsImpl: Got active times for an isolated uid with no mapping: 99009
05-17 22:56:11.174  1681  1854 W BatteryStatsImpl: Got active times for an isolated uid with no mapping: 99010
05-17 22:56:11.174  1681  1854 W BatteryStatsImpl: Got active times for an isolated uid with no mapping: 99011
05-17 22:56:11.174  1681  1854 W BatteryStatsImpl: Got active times for an isolated uid with no mapping: 99012
05-17 22:56:11.174  1681  1854 W BatteryStatsImpl: Got active times for an isolated uid with no mapping: 99013
05-17 22:56:11.174  1681  1854 W BatteryStatsImpl: Got active times for an isolated uid with no mapping: 99014
05-17 22:56:11.174  1681  1854 W BatteryStatsImpl: Got active times for an isolated uid with no mapping: 99015
05-17 22:56:11.174  1681  1854 W BatteryStatsImpl: Got active times for an isolated uid with no mapping: 99016
05-17 22:56:11.174  1681  1854 W BatteryStatsImpl: Got active times for an isolated uid with no mapping: 99017
05-17 22:56:11.174  1681  1854 W BatteryStatsImpl: Got active times for an isolated uid with no mapping: 99018
05-17 22:56:11.176  1681  1854 W BatteryStatsImpl: Got cluster times for an isolated uid with no mapping: 99000
05-17 22:56:11.176  1681  1854 W BatteryStatsImpl: Got cluster times for an isolated uid with no mapping: 99001
05-17 22:56:11.176  1681  1854 W BatteryStatsImpl: Got cluster times for an isolated uid with no mapping: 99003
05-17 22:56:11.176  1681  1854 W BatteryStatsImpl: Got cluster times for an isolated uid with no mapping: 99004
05-17 22:56:11.176  1681  1854 W BatteryStatsImpl: Got cluster times for an isolated uid with no mapping: 99005
05-17 22:56:11.176  1681  1854 W BatteryStatsImpl: Got cluster times for an isolated uid with no mapping: 99006
05-17 22:56:11.176  1681  1854 W BatteryStatsImpl: Got cluster times for an isolated uid with no mapping: 99007
05-17 22:56:11.176  1681  1854 W BatteryStatsImpl: Got cluster times for an isolated uid with no mapping: 99008
05-17 22:56:11.176  1681  1854 W BatteryStatsImpl: Got cluster times for an isolated uid with no mapping: 99009
05-17 22:56:11.176  1681  1854 W BatteryStatsImpl: Got cluster times for an isolated uid with no mapping: 99010
05-17 22:56:11.176  1681  1854 W BatteryStatsImpl: Got cluster times for an isolated uid with no mapping: 99011
05-17 22:56:11.176  1681  1854 W BatteryStatsImpl: Got cluster times for an isolated uid with no mapping: 99012
05-17 22:56:11.176  1681  1854 W BatteryStatsImpl: Got cluster times for an isolated uid with no mapping: 99013
05-17 22:56:11.176  1681  1854 W BatteryStatsImpl: Got cluster times for an isolated uid with no mapping: 99014
05-17 22:56:11.176  1681  1854 W BatteryStatsImpl: Got cluster times for an isolated uid with no mapping: 99015
05-17 22:56:11.176  1681  1854 W BatteryStatsImpl: Got cluster times for an isolated uid with no mapping: 99016
05-17 22:56:11.176  1681  1854 W BatteryStatsImpl: Got cluster times for an isolated uid with no mapping: 99017
05-17 22:56:11.176  1681  1854 W BatteryStatsImpl: Got cluster times for an isolated uid with no mapping: 99018
05-17 22:56:11.716  1681  2128 D ConnectivityService: NetReassign [no changes]
05-17 22:57:42.450  1681  2128 I chatty  : uid=1000(system) ConnectivitySer identical 30 lines
05-17 22:57:45.484  1681  2128 D ConnectivityService: NetReassign [no changes]
05-17 22:57:46.716  1681  4130 I ActivityTaskManager: START u0 {dat=bilibili://video/803031425?player_height=1080&from_spmid=tm.recommend.0.0&player_preload=76829520&player_rotate=0&trackid=all_29.shylf-ai-recsys-892.1621263448416.363&jumpFrom=7&cid=339549566&player_width=1920&cover=http://i2.hdslb.com/bfs/archive/0f4febc77743876d0569231a3079178b7e506fc1.jpg&bili_only=1 cmp=com.bilibili.app.in/tv.danmaku.bili.ui.video.VideoDetailsActivity (has extras)} from uid 10241
05-17 22:57:46.732  1681  4130 W ActivityTaskManager: Tried to set launchTime (0) < mLastActivityLaunchTime (5098372)
05-17 22:57:47.087  1681  4130 W ActivityManager: Unable to start service Intent { act=com.bun.msa.action.start.service cmp=com.mdid.msa/.service.MsaKlService (has extras) } U=0: not found
05-17 22:57:47.089  1681  4130 W ActivityManager: Unable to start service Intent { act=com.bun.msa.action.bindto.service cmp=com.mdid.msa/.service.MsaIdService (has extras) } U=0: not found
05-17 22:57:47.353  1681  2985 W ActivityManager: Unable to start service Intent { act=com.bun.msa.action.start.service cmp=com.mdid.msa/.service.MsaKlService (has extras) } U=0: not found
05-17 22:57:47.355  1681  2402 W ActivityManager: Unable to start service Intent { act=com.bun.msa.action.bindto.service cmp=com.mdid.msa/.service.MsaIdService (has extras) } U=0: not found
05-17 22:57:48.093  1681  3430 W ActivityManager: Unable to start service Intent { act=com.bun.msa.action.start.service cmp=com.mdid.msa/.service.MsaKlService (has extras) } U=0: not found
05-17 22:57:48.094  1681  2985 W ActivityManager: Unable to start service Intent { act=com.bun.msa.action.bindto.service cmp=com.mdid.msa/.service.MsaIdService (has extras) } U=0: not found
05-17 22:57:48.253  1681  2985 W ActivityManager: Unable to start service Intent { act=com.bun.msa.action.start.service cmp=com.mdid.msa/.service.MsaKlService (has extras) } U=0: not found
05-17 22:57:48.255  1681  2985 W ActivityManager: Unable to start service Intent { act=com.bun.msa.action.bindto.service cmp=com.mdid.msa/.service.MsaIdService (has extras) } U=0: not found
05-17 22:57:48.502  1681  2128 D ConnectivityService: NetReassign [no changes]
05-17 22:58:15.691  1681  2128 I chatty  : uid=1000(system) ConnectivitySer identical 9 lines
05-17 22:58:18.712  1681  2128 D ConnectivityService: NetReassign [no changes]
05-17 22:58:19.249  1681  1854 D BatteryStatsImpl: Got freq readings for an isolated uid with no mapping: 99000
05-17 22:58:19.249  1681  1854 D BatteryStatsImpl: Got freq readings for an isolated uid with no mapping: 99001
05-17 22:58:19.249  1681  1854 D BatteryStatsImpl: Got freq readings for an isolated uid with no mapping: 99003
05-17 22:58:19.249  1681  1854 D BatteryStatsImpl: Got freq readings for an isolated uid with no mapping: 99004
05-17 22:58:19.249  1681  1854 D BatteryStatsImpl: Got freq readings for an isolated uid with no mapping: 99005
05-17 22:58:19.249  1681  1854 D BatteryStatsImpl: Got freq readings for an isolated uid with no mapping: 99006
05-17 22:58:19.249  1681  1854 D BatteryStatsImpl: Got freq readings for an isolated uid with no mapping: 99007
05-17 22:58:19.249  1681  1854 D BatteryStatsImpl: Got freq readings for an isolated uid with no mapping: 99008
05-17 22:58:19.249  1681  1854 D BatteryStatsImpl: Got freq readings for an isolated uid with no mapping: 99009
05-17 22:58:19.249  1681  1854 D BatteryStatsImpl: Got freq readings for an isolated uid with no mapping: 99010
05-17 22:58:19.249  1681  1854 D BatteryStatsImpl: Got freq readings for an isolated uid with no mapping: 99011
05-17 22:58:19.249  1681  1854 D BatteryStatsImpl: Got freq readings for an isolated uid with no mapping: 99012
05-17 22:58:19.249  1681  1854 D BatteryStatsImpl: Got freq readings for an isolated uid with no mapping: 99013
05-17 22:58:19.249  1681  1854 D BatteryStatsImpl: Got freq readings for an isolated uid with no mapping: 99014
05-17 22:58:19.249  1681  1854 D BatteryStatsImpl: Got freq readings for an isolated uid with no mapping: 99015
05-17 22:58:19.249  1681  1854 D BatteryStatsImpl: Got freq readings for an isolated uid with no mapping: 99016
05-17 22:58:19.249  1681  1854 D BatteryStatsImpl: Got freq readings for an isolated uid with no mapping: 99017
05-17 22:58:19.249  1681  1854 D BatteryStatsImpl: Got freq readings for an isolated uid with no mapping: 99018
05-17 22:58:19.252  1681  1854 W BatteryStatsImpl: Got active times for an isolated uid with no mapping: 99000
05-17 22:58:19.252  1681  1854 W BatteryStatsImpl: Got active times for an isolated uid with no mapping: 99001
05-17 22:58:19.252  1681  1854 W BatteryStatsImpl: Got active times for an isolated uid with no mapping: 99003
05-17 22:58:19.252  1681  1854 W BatteryStatsImpl: Got active times for an isolated uid with no mapping: 99004
05-17 22:58:19.252  1681  1854 W BatteryStatsImpl: Got active times for an isolated uid with no mapping: 99005
05-17 22:58:19.252  1681  1854 W BatteryStatsImpl: Got active times for an isolated uid with no mapping: 99006
05-17 22:58:19.252  1681  1854 W BatteryStatsImpl: Got active times for an isolated uid with no mapping: 99007
05-17 22:58:19.252  1681  1854 W BatteryStatsImpl: Got active times for an isolated uid with no mapping: 99008
05-17 22:58:19.252  1681  1854 W BatteryStatsImpl: Got active times for an isolated uid with no mapping: 99009
05-17 22:58:19.252  1681  1854 W BatteryStatsImpl: Got active times for an isolated uid with no mapping: 99010
05-17 22:58:19.252  1681  1854 W BatteryStatsImpl: Got active times for an isolated uid with no mapping: 99011
05-17 22:58:19.252  1681  1854 W BatteryStatsImpl: Got active times for an isolated uid with no mapping: 99012
05-17 22:58:19.252  1681  1854 W BatteryStatsImpl: Got active times for an isolated uid with no mapping: 99013
05-17 22:58:19.252  1681  1854 W BatteryStatsImpl: Got active times for an isolated uid with no mapping: 99014
05-17 22:58:19.252  1681  1854 W BatteryStatsImpl: Got active times for an isolated uid with no mapping: 99015
05-17 22:58:19.252  1681  1854 W BatteryStatsImpl: Got active times for an isolated uid with no mapping: 99016
05-17 22:58:19.252  1681  1854 W BatteryStatsImpl: Got active times for an isolated uid with no mapping: 99017
05-17 22:58:19.252  1681  1854 W BatteryStatsImpl: Got active times for an isolated uid with no mapping: 99018
05-17 22:58:19.255  1681  1854 W BatteryStatsImpl: Got cluster times for an isolated uid with no mapping: 99000
05-17 22:58:19.255  1681  1854 W BatteryStatsImpl: Got cluster times for an isolated uid with no mapping: 99001
05-17 22:58:19.255  1681  1854 W BatteryStatsImpl: Got cluster times for an isolated uid with no mapping: 99003
05-17 22:58:19.255  1681  1854 W BatteryStatsImpl: Got cluster times for an isolated uid with no mapping: 99004
05-17 22:58:19.255  1681  1854 W BatteryStatsImpl: Got cluster times for an isolated uid with no mapping: 99005
05-17 22:58:19.255  1681  1854 W BatteryStatsImpl: Got cluster times for an isolated uid with no mapping: 99006
05-17 22:58:19.255  1681  1854 W BatteryStatsImpl: Got cluster times for an isolated uid with no mapping: 99007
05-17 22:58:19.255  1681  1854 W BatteryStatsImpl: Got cluster times for an isolated uid with no mapping: 99008
05-17 22:58:19.255  1681  1854 W BatteryStatsImpl: Got cluster times for an isolated uid with no mapping: 99009
05-17 22:58:19.255  1681  1854 W BatteryStatsImpl: Got cluster times for an isolated uid with no mapping: 99010
05-17 22:58:19.255  1681  1854 W BatteryStatsImpl: Got cluster times for an isolated uid with no mapping: 99011
05-17 22:58:19.255  1681  1854 W BatteryStatsImpl: Got cluster times for an isolated uid with no mapping: 99012
05-17 22:58:19.255  1681  1854 W BatteryStatsImpl: Got cluster times for an isolated uid with no mapping: 99013
05-17 22:58:19.255  1681  1854 W BatteryStatsImpl: Got cluster times for an isolated uid with no mapping: 99014
05-17 22:58:19.255  1681  1854 W BatteryStatsImpl: Got cluster times for an isolated uid with no mapping: 99015
05-17 22:58:19.255  1681  1854 W BatteryStatsImpl: Got cluster times for an isolated uid with no mapping: 99016
05-17 22:58:19.255  1681  1854 W BatteryStatsImpl: Got cluster times for an isolated uid with no mapping: 99017
05-17 22:58:19.255  1681  1854 W BatteryStatsImpl: Got cluster times for an isolated uid with no mapping: 99018
05-17 22:58:19.436  1681  2402 I ActivityManager: Killing 18938:com.google.android.apps.gcs/u0a129 (adj 999): empty for 1800s
05-17 22:58:19.467  1681  2985 D ConnectivityService: ConnectivityService NetworkRequestInfo binderDied(NetworkRequest [ TRACK_DEFAULT id=259, [ Capabilities: INTERNET&NOT_RESTRICTED&TRUSTED Uid: 10129 AdministratorUids: [] RequestorUid: 10129 RequestorPackageName: com.google.android.apps.gcs] ], android.os.BinderProxy@ff06b43)
05-17 22:58:19.468  1681  2128 D ConnectivityService: releasing NetworkRequest [ TRACK_DEFAULT id=259, [ Capabilities: INTERNET&NOT_RESTRICTED&TRUSTED Uid: 10129 AdministratorUids: [] RequestorUid: 10129 RequestorPackageName: com.google.android.apps.gcs] ] (release request)
05-17 22:58:21.744  1681  2128 D ConnectivityService: NetReassign [no changes]
05-17 22:58:30.806  1681  2128 I chatty  : uid=1000(system) ConnectivitySer identical 3 lines
05-17 22:58:33.835  1681  2128 D ConnectivityService: NetReassign [no changes]
05-17 22:58:36.431  1681  1818 I ActivityManager: Killing 23173:com.taobao.idlefish/u0a300 (adj 955): excessive cpu 6060 during 300087 dur=5417337 limit=2
05-17 22:58:36.505  1681  2411 D ConnectivityService: ConnectivityService NetworkRequestInfo binderDied(NetworkRequest [ TRACK_DEFAULT id=280, [ Capabilities: INTERNET&NOT_RESTRICTED&TRUSTED Uid: 10300 AdministratorUids: [] RequestorUid: 10300 RequestorPackageName: com.taobao.idlefish] ], android.os.BinderProxy@f8d0c76)
05-17 22:58:36.506  1681  2128 D ConnectivityService: releasing NetworkRequest [ TRACK_DEFAULT id=280, [ Capabilities: INTERNET&NOT_RESTRICTED&TRUSTED Uid: 10300 AdministratorUids: [] RequestorUid: 10300 RequestorPackageName: com.taobao.idlefish] ] (release request)
05-17 22:58:36.507  1681  4130 W ActivityManager: Scheduling restart of crashed service com.taobao.idlefish/com.taobao.orange.service.OrangeApiService in 1000ms for connection
05-17 22:58:36.507  1681  4130 W ActivityManager: Scheduling restart of crashed service com.taobao.idlefish/mtopsdk.xstate.XStateService in 11000ms for connection
05-17 22:58:36.507  1681  4130 W ActivityManager: Scheduling restart of crashed service com.taobao.idlefish/anetwork.channel.aidl.NetworkService in 21000ms for connection
05-17 22:58:36.850  1681  2128 D ConnectivityService: NetReassign [no changes]
05-17 22:58:37.510  1681  1818 D CompatibilityChangeReporter: Compat change id reported: 135634846; UID 10300; state: DISABLED
05-17 22:58:37.511  1681  1819 D CompatibilityChangeReporter: Compat change id reported: 143937733; UID 10300; state: DISABLED
05-17 22:58:37.524  1681  1819 I ActivityManager: Start proc 25778:com.taobao.idlefish/u0a300 for service {com.taobao.idlefish/com.taobao.orange.service.OrangeApiService}
05-17 22:58:37.863  1681  2989 D ConnectivityService: requestNetwork for uid/pid:10300/25778 NetworkRequest [ TRACK_DEFAULT id=289, [ Capabilities: INTERNET&NOT_RESTRICTED&TRUSTED Uid: 10300 AdministratorUids: [] RequestorUid: 10300 RequestorPackageName: com.taobao.idlefish] ]
05-17 22:58:37.863  1681  2128 D ConnectivityService: NetReassign [289 : null  101]
05-17 22:58:39.334  1681  2402 W ActivityManager: Background start not allowed: service Intent { cmp=com.taobao.idlefish/com.taobao.process.interaction.service.RemoteCallService } to com.taobao.idlefish/com.taobao.process.interaction.service.RemoteCallService from pid=25778 uid=10300 pkg=com.taobao.idlefish startFg?=false
05-17 22:58:39.399 25778 25817 E ActivityThread: Failed to find provider info for com.vivo.push.sdk.service.SystemPushConfig
05-17 22:58:39.867  1681  2128 D ConnectivityService: NetReassign [no changes]
05-17 22:59:10.057  1681  2128 I chatty  : uid=1000(system) ConnectivitySer identical 10 lines
05-17 22:59:13.087  1681  2128 D ConnectivityService: NetReassign [no changes]
05-17 22:59:14.896  1681  1818 I ActivityManager: Killing 19112:com.google.android.apps.wellbeing/u0a135 (adj 999): empty for 1806s
05-17 22:59:16.095  1681  2128 D ConnectivityService: NetReassign [no changes]
05-17 22:59:55.362  1681  2128 I chatty  : uid=1000(system) ConnectivitySer identical 13 lines
05-17 22:59:58.382  1681  2128 D ConnectivityService: NetReassign [no changes]
05-17 22:59:58.506  1681  2411 I ActivityManager: Killing 16701:android.process.acore/u0a83 (adj 999): empty for 1808s
05-17 22:59:58.506  1681  2411 I ActivityManager: Killing 19228:com.google.android.partnersetup/u0a119 (adj 999): empty for 1808s
05-17 23:00:00.006  1681  1818 D CompatibilityChangeReporter: Compat change id reported: 135634846; UID 10135; state: DISABLED
05-17 23:00:00.006  1681  1818 D CompatibilityChangeReporter: Compat change id reported: 135754954; UID 10135; state: ENABLED
05-17 23:00:00.007  1681  1819 D CompatibilityChangeReporter: Compat change id reported: 143937733; UID 10135; state: ENABLED
05-17 23:00:00.039  1681  1819 I ActivityManager: Start proc 26252:com.google.android.apps.wellbeing/u0a135 for broadcast {com.google.android.apps.wellbeing/com.google.android.apps.wellbeing.winddown.impl.WindDownAlarmBroadcastReceiver_Receiver}
05-17 23:00:00.324  1681  4127 D ConditionProviders: Enabling component com.google.android.apps.wellbeing/.dnd.impl.DndConditionProviderService
05-17 23:00:00.325  1681  4127 V ConditionProviders: binding: Intent { act=android.service.notification.ConditionProviderService cmp=com.google.android.apps.wellbeing/.dnd.impl.DndConditionProviderService (has extras) }
05-17 23:00:00.332  1681  1681 V ConditionProviders: 0 condition provider service connected: ComponentInfo{com.google.android.apps.wellbeing/com.google.android.apps.wellbeing.dnd.impl.DndConditionProviderService}
05-17 23:00:00.334  1681  1681 D ConditionProviders: Subscribing to condition://com.google.android.apps.wellbeing.dnd/winddown with ComponentInfo{com.google.android.apps.wellbeing/com.google.android.apps.wellbeing.dnd.impl.DndConditionProviderService}
05-17 23:00:00.344  1681  1787 D ColorDisplayService: Setting saturation level: 100
05-17 23:00:00.429  1681  1787 D ColorDisplayService: Setting saturation level: 100
05-17 23:00:00.429  1681  1787 D ColorDisplayService: GlobalSaturationTintController Animation cancelled: true to matrix: 
05-17 23:00:00.429  1681  1787 D ColorDisplayService:        1.000000 0.000000 0.000000 0.000000 0.000000 1.000000 0.000000 0.000000 0.000000 0.000000 1.000000 0.000000 0.000000 0.000000 0.000000 1.000000 min matrix coefficients: 
05-17 23:00:00.429  1681  1787 D ColorDisplayService:        1.000000 0.000000 0.000000 0.000000 0.000000 1.000000 0.000000 0.000000 0.000000 0.000000 1.000000 0.000000 0.000000 0.000000 0.000000 1.000000 max matrix coefficients: 
05-17 23:00:00.429  1681  1787 D ColorDisplayService:        1.000000 0.000000 0.000000 0.000000 0.000000 1.000000 0.000000 0.000000 0.000000 0.000000 1.000000 0.000000 0.000000 0.000000 0.000000 1.000000
05-17 23:00:01.403  1681  2128 D ConnectivityService: NetReassign [no changes]
05-17 23:00:03.439  1681  1787 D ColorDisplayService: GlobalSaturationTintController Animation cancelled: false to matrix: 
05-17 23:00:03.439  1681  1787 D ColorDisplayService:        1.000000 0.000000 0.000000 0.000000 0.000000 1.000000 0.000000 0.000000 0.000000 0.000000 1.000000 0.000000 0.000000 0.000000 0.000000 1.000000 min matrix coefficients: 
05-17 23:00:03.439  1681  1787 D ColorDisplayService:        1.000000 0.000000 0.000000 0.000000 0.000000 1.000000 0.000000 0.000000 0.000000 0.000000 1.000000 0.000000 0.000000 0.000000 0.000000 1.000000 max matrix coefficients: 
05-17 23:00:03.439  1681  1787 D ColorDisplayService:        1.000000 0.000000 0.000000 0.000000 0.000000 1.000000 0.000000 0.000000 0.000000 0.000000 1.000000 0.000000 0.000000 0.000000 0.000000 1.000000
05-17 23:00:04.434  1681  2128 D ConnectivityService: NetReassign [no changes]
05-17 23:00:07.456  1681  2128 D ConnectivityService: NetReassign [no changes]
05-17 23:00:09.064  1681  1854 D BatteryStatsImpl: Got freq readings for an isolated uid with no mapping: 99000
05-17 23:00:09.064  1681  1854 D BatteryStatsImpl: Got freq readings for an isolated uid with no mapping: 99001
05-17 23:00:09.064  1681  1854 D BatteryStatsImpl: Got freq readings for an isolated uid with no mapping: 99003
05-17 23:00:09.064  1681  1854 D BatteryStatsImpl: Got freq readings for an isolated uid with no mapping: 99004
05-17 23:00:09.064  1681  1854 D BatteryStatsImpl: Got freq readings for an isolated uid with no mapping: 99005
05-17 23:00:09.064  1681  1854 D BatteryStatsImpl: Got freq readings for an isolated uid with no mapping: 99006
05-17 23:00:09.064  1681  1854 D BatteryStatsImpl: Got freq readings for an isolated uid with no mapping: 99007
05-17 23:00:09.064  1681  1854 D BatteryStatsImpl: Got freq readings for an isolated uid with no mapping: 99008
05-17 23:00:09.065  1681  1854 D BatteryStatsImpl: Got freq readings for an isolated uid with no mapping: 99009
05-17 23:00:09.065  1681  1854 D BatteryStatsImpl: Got freq readings for an isolated uid with no mapping: 99010
05-17 23:00:09.065  1681  1854 D BatteryStatsImpl: Got freq readings for an isolated uid with no mapping: 99011
05-17 23:00:09.065  1681  1854 D BatteryStatsImpl: Got freq readings for an isolated uid with no mapping: 99012
05-17 23:00:09.065  1681  1854 D BatteryStatsImpl: Got freq readings for an isolated uid with no mapping: 99013
05-17 23:00:09.065  1681  1854 D BatteryStatsImpl: Got freq readings for an isolated uid with no mapping: 99014
05-17 23:00:09.065  1681  1854 D BatteryStatsImpl: Got freq readings for an isolated uid with no mapping: 99015
05-17 23:00:09.065  1681  1854 D BatteryStatsImpl: Got freq readings for an isolated uid with no mapping: 99016
05-17 23:00:09.065  1681  1854 D BatteryStatsImpl: Got freq readings for an isolated uid with no mapping: 99017
05-17 23:00:09.065  1681  1854 D BatteryStatsImpl: Got freq readings for an isolated uid with no mapping: 99018
05-17 23:00:09.067  1681  1854 W BatteryStatsImpl: Got active times for an isolated uid with no mapping: 99000
05-17 23:00:09.067  1681  1854 W BatteryStatsImpl: Got active times for an isolated uid with no mapping: 99001
05-17 23:00:09.067  1681  1854 W BatteryStatsImpl: Got active times for an isolated uid with no mapping: 99003
05-17 23:00:09.067  1681  1854 W BatteryStatsImpl: Got active times for an isolated uid with no mapping: 99004
05-17 23:00:09.067  1681  1854 W BatteryStatsImpl: Got active times for an isolated uid with no mapping: 99005
05-17 23:00:09.067  1681  1854 W BatteryStatsImpl: Got active times for an isolated uid with no mapping: 99006
05-17 23:00:09.067  1681  1854 W BatteryStatsImpl: Got active times for an isolated uid with no mapping: 99007
05-17 23:00:09.067  1681  1854 W BatteryStatsImpl: Got active times for an isolated uid with no mapping: 99008
05-17 23:00:09.067  1681  1854 W BatteryStatsImpl: Got active times for an isolated uid with no mapping: 99009
05-17 23:00:09.067  1681  1854 W BatteryStatsImpl: Got active times for an isolated uid with no mapping: 99010
05-17 23:00:09.067  1681  1854 W BatteryStatsImpl: Got active times for an isolated uid with no mapping: 99011
