05-17 23:22:11.386  2735  2735 D RecentsOrientedState: current RecentsOrientedState: [this=RecentsOrientedState@89e138a mOrientationHandler=PortraitPagedViewHandler@bfe8dfb mDisplayRotation=0 mTouchRotation=0 mRecentsActivityRotation=0 isRecentsActivityRotationAllowed=false mSystemRotation=false mFlags=355]
05-17 23:22:11.386  2735  2735 D RecentsOrientedState: current RecentsOrientedState: [this=RecentsOrientedState@89e138a mOrientationHandler=PortraitPagedViewHandler@bfe8dfb mDisplayRotation=0 mTouchRotation=0 mRecentsActivityRotation=0 isRecentsActivityRotationAllowed=false mSystemRotation=false mFlags=355]
05-17 23:22:11.396  2302  2302 I WallpaperService: engine paused
05-17 23:22:11.403  1681  1785 V OneTimePermissionUserManager: Importance changed for com.huawei.welink (10257). importance=300
05-17 23:22:11.403  1681  1785 V OneTimePermissionUserManager: Importance changed for com.huawei.welink (10257). importance=300
05-17 23:22:11.410 29834 30050 I chatty  : uid=10257(com.huawei.welink) expire 10 lines
05-17 23:22:11.413  2735  2735 D RecentsOrientedState: current RecentsOrientedState: [this=RecentsOrientedState@89e138a mOrientationHandler=PortraitPagedViewHandler@bfe8dfb mDisplayRotation=0 mTouchRotation=0 mRecentsActivityRotation=0 isRecentsActivityRotationAllowed=false mSystemRotation=false mFlags=291]
05-17 23:22:11.413  3475  5167 I AssistantForeground: Get launcher package: com.google.android.apps.nexuslauncher
05-17 23:22:11.413  2735  2735 D RecentsOrientedState: current RecentsOrientedState: [this=RecentsOrientedState@89e138a mOrientationHandler=PortraitPagedViewHandler@bfe8dfb mDisplayRotation=0 mTouchRotation=0 mRecentsActivityRotation=0 isRecentsActivityRotationAllowed=false mSystemRotation=false mFlags=291]
05-17 23:22:11.413  2735  2735 D RecentsOrientedState: current RecentsOrientedState: [this=RecentsOrientedState@89e138a mOrientationHandler=PortraitPagedViewHandler@bfe8dfb mDisplayRotation=0 mTouchRotation=0 mRecentsActivityRotation=0 isRecentsActivityRotationAllowed=false mSystemRotation=false mFlags=291]
05-17 23:22:11.598  5708 24223 I mars::stn: [longlink_connect_monitor.cc, OnHeartbeatAlarmSet, 448]:longlink_progress on_heartbeat_set, time: 6832505, time interval:210000
05-17 23:22:11.602  1681  2415 W BestClock: java.time.DateTimeException: Missing NTP fix
05-17 23:22:11.610  1681  2415 W BestClock: java.time.DateTimeException: Missing NTP fix
05-17 23:22:11.613  1681  2119 W BestClock: java.time.DateTimeException: Missing NTP fix
05-17 23:22:11.630  1681  2119 W BestClock: java.time.DateTimeException: Missing NTP fix
05-17 23:22:11.633  4421  4421 E libprocessgroup: set_timerslack_ns write failed: Operation not permitted
05-17 23:22:11.642  5708 24223 I mars::stn: [longlink_connect_monitor.cc, OnHeartbeatAlarmSet, 448]:longlink_progress on_heartbeat_set, time: 6832549, time interval:210000
05-17 23:22:11.646  3285  3285 I GoogleInputMethodService: GoogleInputMethodService.onFinishInput():3362 
05-17 23:22:11.646  3285  3285 I GoogleInputMethodService: GoogleInputMethodService.onStartInput():1943 
05-17 23:22:11.768  2202  2202 D InterruptionStateProvider: No bubble up: not allowed to bubble: 0|com.internet.speed.meter.lite|1|null|10240
05-17 23:22:11.768  2202  2202 D InterruptionStateProvider: No heads up: unimportant notification: 0|com.internet.speed.meter.lite|1|null|10240
05-17 23:22:12.110   976   976 I sensors-hal: [hal]activate_physical_sensor:216, android.sensor.accelerometer/11 en=0
05-17 23:22:12.117   976   976 I sensors-hal: [hal]activate_physical_sensor:227, android.sensor.accelerometer/11 en=0 completed
05-17 23:22:12.123   637   660 I BpBinder: onLastStrongRef automatically unlinking death recipients: <uncached descriptor>
05-17 23:22:12.130   637   660 I BpBinder: onLastStrongRef automatically unlinking death recipients: <uncached descriptor>
05-17 23:22:12.132   976  1056 D CHRE    : @ 6836.057: [ActivityPlatform] type 4, confidence 95
05-17 23:22:12.136   637   661 I BpBinder: onLastStrongRef automatically unlinking death recipients: <uncached descriptor>
05-17 23:22:12.141   637  2896 I BpBinder: onLastStrongRef automatically unlinking death recipients: <uncached descriptor>
05-17 23:22:12.147   637   660 I BpBinder: onLastStrongRef automatically unlinking death recipients: <uncached descriptor>
05-17 23:22:12.154   637  2896 I BpBinder: onLastStrongRef automatically unlinking death recipients: <uncached descriptor>
05-17 23:22:12.158   637  2896 I BpBinder: onLastStrongRef automatically unlinking death recipients: <uncached descriptor>
05-17 23:22:12.163   637  1354 I BpBinder: onLastStrongRef automatically unlinking death recipients: <uncached descriptor>
05-17 23:22:12.168   637  2896 I BpBinder: onLastStrongRef automatically unlinking death recipients: <uncached descriptor>
05-17 23:22:12.176  1681  2097 D InputDispatcher: Waiting to send key to Window{8ee793c u0 com.tencent.mm/com.tencent.mm.ui.LauncherUI} because there are unprocessed events that may cause focus to change
05-17 23:22:12.176   637  2896 I BpBinder: onLastStrongRef automatically unlinking death recipients: <uncached descriptor>
05-17 23:22:12.177  1681  2097 D InputDispatcher: Waiting to send key to Window{8ee793c u0 com.tencent.mm/com.tencent.mm.ui.LauncherUI} because there are unprocessed events that may cause focus to change
05-17 23:22:12.254  4243  4243 W bilibili.app.i: Accessing hidden method Landroid/telephony/SignalStrength;->getDbm()I (greylist-max-p, reflection, denied)
05-17 23:22:12.254  4243  4243 W System.err: java.lang.NoSuchMethodException: android.telephony.SignalStrength.getDbm []
05-17 23:22:12.255  4243  4243 W System.err: 	at java.lang.Class.getMethod(Class.java:2072)
05-17 23:22:12.255  4243  4243 W System.err: 	at java.lang.Class.getMethod(Class.java:1693)
05-17 23:22:12.255  4243  4243 W System.err: 	at com.bilibili.bililive.eye.base.utils.meter.NetworkMeter$phoneStateListener$1.onSignalStrengthsChanged(BL:2)
05-17 23:22:12.255  4243  4243 W System.err: 	at android.telephony.PhoneStateListener$IPhoneStateListenerStub.lambda$onSignalStrengthsChanged$18(PhoneStateListener.java:1222)
05-17 23:22:12.255  4243  4243 W System.err: 	at android.telephony.-$$Lambda$PhoneStateListener$IPhoneStateListenerStub$lP7_Xy6P82nXGbUQ_ZUY6rZR4bI.run(Unknown Source:4)
05-17 23:22:12.255  4243  4243 W System.err: 	at android.os.Handler.handleCallback(Handler.java:938)
05-17 23:22:12.255  4243  4243 W System.err: 	at android.os.Handler.dispatchMessage(Handler.java:99)
05-17 23:22:12.255  4243  4243 W System.err: 	at android.os.Looper.loop(Looper.java:223)
05-17 23:22:12.255  4243  4243 W System.err: 	at android.app.ActivityThread.main(ActivityThread.java:7660)
05-17 23:22:12.255  4243  4243 W System.err: 	at java.lang.reflect.Method.invoke(Native Method)
05-17 23:22:12.255  4243  4243 W System.err: 	at com.android.internal.os.RuntimeInit$MethodAndArgsCaller.run(RuntimeInit.java:592)
05-17 23:22:12.255  4243  4243 W System.err: 	at com.android.internal.os.ZygoteInit.main(ZygoteInit.java:947)
05-17 23:22:12.776  2202  2202 D InterruptionStateProvider: No bubble up: not allowed to bubble: 0|com.internet.speed.meter.lite|1|null|10240
05-17 23:22:12.776  2202  2202 D InterruptionStateProvider: No heads up: unimportant notification: 0|com.internet.speed.meter.lite|1|null|10240
05-17 23:22:13.285  2478  2478 D GRIL-S  : [0118]> UPDATE_DEVICE_STATE DeviceState: Usb:1, Wifi: 1, Wifi AP: 0, Earpiece: 0, Bluetooth: 0, Wireless charging: 0, Screen: 1, Camera: 0, 0, -, -, Motion: 0, Bluetooth tethering: 0, Voice: 0, Wifi 2.4G: 1, Radio: 1, Bluetooth connected: 0, Bluetooth media: 0
05-17 23:22:13.292   995   995 I vendor.google.wifi_ext@1.0-service-vendor: Wifi: Reseting SAR Scenario to default
05-17 23:22:13.296  2478  6731 D GRIL-S  : [0118]< UPDATE_DEVICE_STATE 
05-17 23:22:13.422  2567  2795 I LocationAccessPolicy: com.didapinche.booking is aware of fine but the app-ops permission is specifically denied.
05-17 23:22:13.426  1681  2411 E WifiService: Permission violation - getScanResults not allowed for uid=10246, packageName=com.didapinche.booking, reason=java.lang.SecurityException: UID 10246 has no location permission
05-17 23:22:13.498  1681  2128 D ConnectivityService: NetReassign [no changes]
05-17 23:22:13.787  2202  2202 D InterruptionStateProvider: No bubble up: not allowed to bubble: 0|com.internet.speed.meter.lite|1|null|10240
05-17 23:22:13.787  2202  2202 D InterruptionStateProvider: No heads up: unimportant notification: 0|com.internet.speed.meter.lite|1|null|10240
05-17 23:22:14.574  3734 30408 W SubscribedFeeds: Soft failure: java.net.SocketTimeoutException: failed to connect to android.clients.google.com/172.217.27.142 (port 443) from /192.168.1.45 (port 46456) after 60000ms [CONTEXT service_id=250 ]
05-17 23:22:14.574  3734 30408 W SubscribedFeeds: java.net.SocketTimeoutException: failed to connect to android.clients.google.com/172.217.27.142 (port 443) from /192.168.1.45 (port 46456) after 60000ms
05-17 23:22:14.574  3734 30408 W SubscribedFeeds: 	at libcore.io.IoBridge.connectErrno(IoBridge.java:190)
05-17 23:22:14.574  3734 30408 W SubscribedFeeds: 	at libcore.io.IoBridge.connect(IoBridge.java:134)
05-17 23:22:14.574  3734 30408 W SubscribedFeeds: 	at java.net.PlainSocketImpl.socketConnect(PlainSocketImpl.java:142)
05-17 23:22:14.574  3734 30408 W SubscribedFeeds: 	at java.net.AbstractPlainSocketImpl.doConnect(AbstractPlainSocketImpl.java:390)
05-17 23:22:14.574  3734 30408 W SubscribedFeeds: 	at java.net.AbstractPlainSocketImpl.connectToAddress(AbstractPlainSocketImpl.java:230)
05-17 23:22:14.574  3734 30408 W SubscribedFeeds: 	at java.net.AbstractPlainSocketImpl.connect(AbstractPlainSocketImpl.java:212)
05-17 23:22:14.574  3734 30408 W SubscribedFeeds: 	at java.net.SocksSocketImpl.connect(SocksSocketImpl.java:436)
05-17 23:22:14.574  3734 30408 W SubscribedFeeds: 	at java.net.Socket.connect(Socket.java:621)
05-17 23:22:14.574  3734 30408 W SubscribedFeeds: 	at com.android.okhttp.internal.Platform.connectSocket(Platform.java:182)
05-17 23:22:14.574  3734 30408 W SubscribedFeeds: 	at com.android.okhttp.internal.io.RealConnection.connectSocket(RealConnection.java:145)
05-17 23:22:14.574  3734 30408 W SubscribedFeeds: 	at com.android.okhttp.internal.io.RealConnection.connect(RealConnection.java:116)
05-17 23:22:14.574  3734 30408 W SubscribedFeeds: 	at com.android.okhttp.internal.http.StreamAllocation.findConnection(StreamAllocation.java:186)
05-17 23:22:14.574  3734 30408 W SubscribedFeeds: 	at com.android.okhttp.internal.http.StreamAllocation.findHealthyConnection(StreamAllocation.java:128)
05-17 23:22:14.574  3734 30408 W SubscribedFeeds: 	at com.android.okhttp.internal.http.StreamAllocation.newStream(StreamAllocation.java:97)
05-17 23:22:14.574  3734 30408 W SubscribedFeeds: 	at com.android.okhttp.internal.http.HttpEngine.connect(HttpEngine.java:289)
05-17 23:22:14.574  3734 30408 W SubscribedFeeds: 	at com.android.okhttp.internal.http.HttpEngine.sendRequest(HttpEngine.java:232)
05-17 23:22:14.574  3734 30408 W SubscribedFeeds: 	at com.android.okhttp.internal.huc.HttpURLConnectionImpl.execute(HttpURLConnectionImpl.java:465)
05-17 23:22:14.574  3734 30408 W SubscribedFeeds: 	at com.android.okhttp.internal.huc.HttpURLConnectionImpl.connect(HttpURLConnectionImpl.java:131)
05-17 23:22:14.574  3734 30408 W SubscribedFeeds: 	at com.android.okhttp.internal.huc.DelegatingHttpsURLConnection.connect(DelegatingHttpsURLConnection.java:90)
05-17 23:22:14.574  3734 30408 W SubscribedFeeds: 	at com.android.okhttp.internal.huc.HttpsURLConnectionImpl.connect(HttpsURLConnectionImpl.java:30)
05-17 23:22:14.574  3734 30408 W SubscribedFeeds: 	at adpc.d(:com.google.android.gms@211515046@21.15.15 (150400-371058782):27)
05-17 23:22:14.574  3734 30408 W SubscribedFeeds: 	at adpc.execute(:com.google.android.gms@211515046@21.15.15 (150400-371058782):8)
05-17 23:22:14.574  3734 30408 W SubscribedFeeds: 	at adpc.execute(:com.google.android.gms@211515046@21.15.15 (150400-371058782):7)
05-17 23:22:14.574  3734 30408 W SubscribedFeeds: 	at axkt.a(:com.google.android.gms@211515046@21.15.15 (150400-371058782):6)
05-17 23:22:14.574  3734 30408 W SubscribedFeeds: 	at axkf.a(:com.google.android.gms@211515046@21.15.15 (150400-371058782):2)
05-17 23:22:14.574  3734 30408 W SubscribedFeeds: 	at axkg.b(:com.google.android.gms@211515046@21.15.15 (150400-371058782):1)
05-17 23:22:14.574  3734 30408 W SubscribedFeeds: 	at axki.b(:com.google.android.gms@211515046@21.15.15 (150400-371058782):47)
05-17 23:22:14.574  3734 30408 W SubscribedFeeds: 	at thm.onPerformSync(:com.google.android.gms@211515046@21.15.15 (150400-371058782):4)
05-17 23:22:14.574  3734 30408 W SubscribedFeeds: 	at android.content.AbstractThreadedSyncAdapter$SyncThread.run(AbstractThreadedSyncAdapter.java:334)
05-17 23:22:14.601  1681  2179 W SyncManager: failed sync operation JobId=103531 ***/com.google u0 [subscribedfeeds] OTHER ExpectedIn=-6m01s STANDBY-EXEMPTED(TOP) Reason=10143 Retries=5, SyncResult: stats [ numIoExceptions: 1]
05-17 23:22:14.642   951   951 V ContextHubHal: sendMessageToHub
05-17 23:22:14.645   976  1056 D CHRE    : @ 6838.570: Parsed nanoapp message from host: app ID 0x476f6f676c00100b, endpoint 0x1, msgType 112, payload size 10
05-17 23:22:14.645   976  1056 I CHRE    : @ 6838.571: [NanoMinion] received MSG Type 0x70, Version 1, 6 bytes
05-17 23:22:14.645   976  1056 I CHRE    : @ 6838.571: [AR] request.flush
05-17 23:22:14.645   976  1056 I CHRE    : @ 6838.571: [AR] send to host, reason=3, sampleSize=11, transitionSize=0, lastAccelTime = 6835532, lastAudioTime = 0 
05-17 23:22:14.645   976  1056 I CHRE    : @ 6838.572: [NanoMinion] sent MSG Type 0x72, Version 0, 188 bytes, MessageId 107
05-17 23:22:14.653   951   951 V ContextHubHal: queryApps
05-17 23:22:14.654   976  1056 D CHRE    : @ 6838.581: Nanoapp list request from client ID 2
05-17 23:22:14.671  1681  2411 W AppOps  : Noting op not finished: uid 10143 pkg com.google.android.gms code 79 startTime of in progress event=1621260329888
05-17 23:22:14.678  1681  2415 W AppOps  : Noting op not finished: uid 10143 pkg com.google.android.gms code 79 startTime of in progress event=1621262830685
05-17 23:22:14.693   951   951 V ContextHubHal: queryApps
05-17 23:22:14.694   976  1056 D CHRE    : @ 6838.620: Nanoapp list request from client ID 2
05-17 23:22:14.802  2202  2202 D InterruptionStateProvider: No bubble up: not allowed to bubble: 0|com.internet.speed.meter.lite|1|null|10240
05-17 23:22:14.804  2202  2202 D InterruptionStateProvider: No heads up: unimportant notification: 0|com.internet.speed.meter.lite|1|null|10240
05-17 23:22:15.043  4243  4243 W bilibili.app.i: Accessing hidden method Landroid/telephony/SignalStrength;->getDbm()I (greylist-max-p, reflection, denied)
05-17 23:22:15.043  4243  4243 W System.err: java.lang.NoSuchMethodException: android.telephony.SignalStrength.getDbm []
05-17 23:22:15.043  4243  4243 W System.err: 	at java.lang.Class.getMethod(Class.java:2072)
05-17 23:22:15.044  4243  4243 W System.err: 	at java.lang.Class.getMethod(Class.java:1693)
05-17 23:22:15.044  4243  4243 W System.err: 	at com.bilibili.bililive.eye.base.utils.meter.NetworkMeter$phoneStateListener$1.onSignalStrengthsChanged(BL:2)
05-17 23:22:15.044  4243  4243 W System.err: 	at android.telephony.PhoneStateListener$IPhoneStateListenerStub.lambda$onSignalStrengthsChanged$18(PhoneStateListener.java:1222)
05-17 23:22:15.044  4243  4243 W System.err: 	at android.telephony.-$$Lambda$PhoneStateListener$IPhoneStateListenerStub$lP7_Xy6P82nXGbUQ_ZUY6rZR4bI.run(Unknown Source:4)
05-17 23:22:15.044  4243  4243 W System.err: 	at android.os.Handler.handleCallback(Handler.java:938)
05-17 23:22:15.044  4243  4243 W System.err: 	at android.os.Handler.dispatchMessage(Handler.java:99)
05-17 23:22:15.044  4243  4243 W System.err: 	at android.os.Looper.loop(Looper.java:223)
05-17 23:22:15.044  4243  4243 W System.err: 	at android.app.ActivityThread.main(ActivityThread.java:7660)
05-17 23:22:15.044  4243  4243 W System.err: 	at java.lang.reflect.Method.invoke(Native Method)
05-17 23:22:15.044  4243  4243 W System.err: 	at com.android.internal.os.RuntimeInit$MethodAndArgsCaller.run(RuntimeInit.java:592)
05-17 23:22:15.044  4243  4243 W System.err: 	at com.android.internal.os.ZygoteInit.main(ZygoteInit.java:947)
05-17 23:22:15.328   976  1056 D CHRE    : @ 6839.254: [ActivityPlatform] type 4, confidence 95
05-17 23:22:15.802  2202  2202 D InterruptionStateProvider: No bubble up: not allowed to bubble: 0|com.internet.speed.meter.lite|1|null|10240
05-17 23:22:15.803  2202  2202 D InterruptionStateProvider: No heads up: unimportant notification: 0|com.internet.speed.meter.lite|1|null|10240
05-17 23:22:16.512  1681  2128 D ConnectivityService: NetReassign [no changes]
05-17 23:22:16.604  5916  7128 W Settings: Setting android_id has moved from android.provider.Settings.System to android.provider.Settings.Secure, returning read-only value.
05-17 23:22:16.688  5916  5916 I DiDa-MapSelectPointFragment: 1
05-17 23:22:16.805  2202  2202 D InterruptionStateProvider: No bubble up: not allowed to bubble: 0|com.internet.speed.meter.lite|1|null|10240
05-17 23:22:16.806  2202  2202 D InterruptionStateProvider: No heads up: unimportant notification: 0|com.internet.speed.meter.lite|1|null|10240
05-17 23:22:17.410  4243  4243 W bilibili.app.i: Accessing hidden method Landroid/telephony/SignalStrength;->getDbm()I (greylist-max-p, reflection, denied)
05-17 23:22:17.410  4243  4243 W System.err: java.lang.NoSuchMethodException: android.telephony.SignalStrength.getDbm []
05-17 23:22:17.411  4243  4243 W System.err: 	at java.lang.Class.getMethod(Class.java:2072)
05-17 23:22:17.411  4243  4243 W System.err: 	at java.lang.Class.getMethod(Class.java:1693)
05-17 23:22:17.411  4243  4243 W System.err: 	at com.bilibili.bililive.eye.base.utils.meter.NetworkMeter$phoneStateListener$1.onSignalStrengthsChanged(BL:2)
05-17 23:22:17.411  4243  4243 W System.err: 	at android.telephony.PhoneStateListener$IPhoneStateListenerStub.lambda$onSignalStrengthsChanged$18(PhoneStateListener.java:1222)
05-17 23:22:17.411  4243  4243 W System.err: 	at android.telephony.-$$Lambda$PhoneStateListener$IPhoneStateListenerStub$lP7_Xy6P82nXGbUQ_ZUY6rZR4bI.run(Unknown Source:4)
05-17 23:22:17.411  4243  4243 W System.err: 	at android.os.Handler.handleCallback(Handler.java:938)
05-17 23:22:17.411  4243  4243 W System.err: 	at android.os.Handler.dispatchMessage(Handler.java:99)
05-17 23:22:17.411  4243  4243 W System.err: 	at android.os.Looper.loop(Looper.java:223)
05-17 23:22:17.411  4243  4243 W System.err: 	at android.app.ActivityThread.main(ActivityThread.java:7660)
05-17 23:22:17.411  4243  4243 W System.err: 	at java.lang.reflect.Method.invoke(Native Method)
05-17 23:22:17.411  4243  4243 W System.err: 	at com.android.internal.os.RuntimeInit$MethodAndArgsCaller.run(RuntimeInit.java:592)
05-17 23:22:17.411  4243  4243 W System.err: 	at com.android.internal.os.ZygoteInit.main(ZygoteInit.java:947)
05-17 23:22:17.823  2202  2202 D InterruptionStateProvider: No bubble up: not allowed to bubble: 0|com.internet.speed.meter.lite|1|null|10240
05-17 23:22:17.824  2202  2202 D InterruptionStateProvider: No heads up: unimportant notification: 0|com.internet.speed.meter.lite|1|null|10240
05-17 23:22:18.420  2567  1193 I LocationAccessPolicy: com.didapinche.booking is aware of fine but the app-ops permission is specifically denied.
05-17 23:22:18.423  1681  2415 E WifiService: Permission violation - getScanResults not allowed for uid=10246, packageName=com.didapinche.booking, reason=java.lang.SecurityException: UID 10246 has no location permission
05-17 23:22:18.528   976  1056 D CHRE    : @ 6842.454: [ActivityPlatform] type 4, confidence 95
05-17 23:22:18.831  2202  2202 D InterruptionStateProvider: No bubble up: not allowed to bubble: 0|com.internet.speed.meter.lite|1|null|10240
05-17 23:22:18.832  2202  2202 D InterruptionStateProvider: No heads up: unimportant notification: 0|com.internet.speed.meter.lite|1|null|10240
05-17 23:22:19.835  2202  2202 D InterruptionStateProvider: No bubble up: not allowed to bubble: 0|com.internet.speed.meter.lite|1|null|10240
05-17 23:22:19.835  2202  2202 D InterruptionStateProvider: No heads up: unimportant notification: 0|com.internet.speed.meter.lite|1|null|10240
05-17 23:22:20.637  3932  3949 W e.process.gapp: Reducing the number of considered missed Gc histogram windows from 136 to 100
05-17 23:22:21.062  3734  3734 D BoundBrokerSvc: onUnbind: Intent { act=com.google.firebase.dynamiclinks.service.START pkg=com.google.android.gms }
05-17 23:22:21.728   976  1056 I CHRE    : @ 6845.654: [AR] ON => IDLE
05-17 23:22:21.731   976  1056 D ASH     : @ 6845.657: SensorType 195 resampler quality 0
05-17 23:22:21.731   976  1056 I CHRE    : @ 6845.657: [AR] audiofusion:HandleIdleStateChange: state = 1 
05-17 23:22:21.732   976  1056 D CHRE    : @ 6845.658: [ActivityPlatform] type 4, confidence 95
05-17 23:22:21.851  2202  2202 D InterruptionStateProvider: No bubble up: not allowed to bubble: 0|com.internet.speed.meter.lite|1|null|10240
05-17 23:22:21.851  2202  2202 D InterruptionStateProvider: No heads up: unimportant notification: 0|com.internet.speed.meter.lite|1|null|10240
05-17 23:22:22.009 29834 30050 I chatty  : uid=10257(com.huawei.welink) expire 3 lines
05-17 23:22:22.684 30706 30706 W securityaio_sg_: type=1400 audit(0.0:3752): avc: denied { read } for name="tcp" dev="proc" ino=4026532122 scontext=u:r:untrusted_app_27:s0:c512,c768 tcontext=u:object_r:proc_net_tcp_udp:s0 tclass=file permissive=0 app=tv.acfundanmaku.video
05-17 23:22:22.865  2202  2202 D InterruptionStateProvider: No bubble up: not allowed to bubble: 0|com.internet.speed.meter.lite|1|null|10240
05-17 23:22:22.866  2202  2202 D InterruptionStateProvider: No heads up: unimportant notification: 0|com.internet.speed.meter.lite|1|null|10240
05-17 23:22:23.196  2567  2795 I LocationAccessPolicy: com.didapinche.booking is aware of fine but the app-ops permission is specifically denied.
05-17 23:22:23.200  1681  2415 E WifiService: Permission violation - getScanResults not allowed for uid=10246, packageName=com.didapinche.booking, reason=java.lang.SecurityException: UID 10246 has no location permission
05-17 23:22:23.431  2567  2795 I LocationAccessPolicy: com.didapinche.booking is aware of fine but the app-ops permission is specifically denied.
05-17 23:22:23.436  1681  2415 E WifiService: Permission violation - getScanResults not allowed for uid=10246, packageName=com.didapinche.booking, reason=java.lang.SecurityException: UID 10246 has no location permission
05-17 23:22:23.879  2202  2202 D InterruptionStateProvider: No bubble up: not allowed to bubble: 0|com.internet.speed.meter.lite|1|null|10240
05-17 23:22:23.880  2202  2202 D InterruptionStateProvider: No heads up: unimportant notification: 0|com.internet.speed.meter.lite|1|null|10240
05-17 23:22:24.882  2202  2202 D InterruptionStateProvider: No bubble up: not allowed to bubble: 0|com.internet.speed.meter.lite|1|null|10240
05-17 23:22:24.883  2202  2202 D InterruptionStateProvider: No heads up: unimportant notification: 0|com.internet.speed.meter.lite|1|null|10240
05-17 23:22:25.263  4243  5360 I cr_CronetUrlRequestContext: destroyNativeStreamLocked org.chromium.net.impl.CronetBidirectionalStream@2cdf685
05-17 23:22:25.894  2202  2202 D InterruptionStateProvider: No bubble up: not allowed to bubble: 0|com.internet.speed.meter.lite|1|null|10240
05-17 23:22:25.895  2202  2202 D InterruptionStateProvider: No heads up: unimportant notification: 0|com.internet.speed.meter.lite|1|null|10240
05-17 23:22:26.623  4243  4243 W bilibili.app.i: Accessing hidden method Landroid/telephony/SignalStrength;->getDbm()I (greylist-max-p, reflection, denied)
05-17 23:22:26.624  4243  4243 W System.err: java.lang.NoSuchMethodException: android.telephony.SignalStrength.getDbm []
05-17 23:22:26.624  4243  4243 W System.err: 	at java.lang.Class.getMethod(Class.java:2072)
05-17 23:22:26.624  4243  4243 W System.err: 	at java.lang.Class.getMethod(Class.java:1693)
05-17 23:22:26.625  4243  4243 W System.err: 	at com.bilibili.bililive.eye.base.utils.meter.NetworkMeter$phoneStateListener$1.onSignalStrengthsChanged(BL:2)
05-17 23:22:26.625  4243  4243 W System.err: 	at android.telephony.PhoneStateListener$IPhoneStateListenerStub.lambda$onSignalStrengthsChanged$18(PhoneStateListener.java:1222)
05-17 23:22:26.625  4243  4243 W System.err: 	at android.telephony.-$$Lambda$PhoneStateListener$IPhoneStateListenerStub$lP7_Xy6P82nXGbUQ_ZUY6rZR4bI.run(Unknown Source:4)
05-17 23:22:26.625  4243  4243 W System.err: 	at android.os.Handler.handleCallback(Handler.java:938)
05-17 23:22:26.625  4243  4243 W System.err: 	at android.os.Handler.dispatchMessage(Handler.java:99)
05-17 23:22:26.625  4243  4243 W System.err: 	at android.os.Looper.loop(Looper.java:223)
05-17 23:22:26.625  4243  4243 W System.err: 	at android.app.ActivityThread.main(ActivityThread.java:7660)
05-17 23:22:26.625  4243  4243 W System.err: 	at java.lang.reflect.Method.invoke(Native Method)
05-17 23:22:26.625  4243  4243 W System.err: 	at com.android.internal.os.RuntimeInit$MethodAndArgsCaller.run(RuntimeInit.java:592)
05-17 23:22:26.625  4243  4243 W System.err: 	at com.android.internal.os.ZygoteInit.main(ZygoteInit.java:947)
05-17 23:22:26.796 29834 30189 I chatty  : uid=10257(com.huawei.welink) expire 15 lines
05-17 23:22:26.900  2202  2202 D InterruptionStateProvider: No bubble up: not allowed to bubble: 0|com.internet.speed.meter.lite|1|null|10240
05-17 23:22:26.901  2202  2202 D InterruptionStateProvider: No heads up: unimportant notification: 0|com.internet.speed.meter.lite|1|null|10240
05-17 23:22:27.867 29398 29398 I GH.HatsManager: HaTS feature flag is not enabled. Not stopping HatsManager.
05-17 23:22:27.878 29398 29398 I GH.GhCarClientCtor: Disconnecting GearheadCarClientConnector.
05-17 23:22:27.878 29398 29398 I GH.GhCarClientCtor: Unbinding service connection.
05-17 23:22:27.888 29398 29398 I CAR.TOKEN: Disconnecting com.google.android.gms.car.api.impl.GearheadCarClientToken@ccb7a20 (cx attempt: 2).
05-17 23:22:27.889 29398 29398 I GH.GhCarClientCtor: Disconnecting GearheadCarClientConnector.
05-17 23:22:27.889 29398 29398 I GH.GhCarClientCtor: Unbinding service connection.
05-17 23:22:27.895 29465 29465 I GH.CAR  : onDestroy
05-17 23:22:27.896 29398 29398 I CAR.TOKEN: Disconnected kgc@c0f37f7 using class com.google.android.gms.car.api.impl.CarClientImpl@74898553/class com.google.android.gms.car.api.impl.GearheadCarClientConnector@221295936 (cx attempt 2)
05-17 23:22:27.896 29465 29465 I GH.CAR  : tearDown()
05-17 23:22:27.899 29398 29398 I GH.SharedService: Shared Service destroyed
05-17 23:22:27.902 29465 29465 I GH.CarService: tearDown()
05-17 23:22:27.903 29465 29465 I GH.DelegateMngCarSvc: tearDown()
05-17 23:22:27.908  2202  2202 D InterruptionStateProvider: No bubble up: not allowed to bubble: 0|com.internet.speed.meter.lite|1|null|10240
05-17 23:22:27.910  2202  2202 D InterruptionStateProvider: No heads up: unimportant notification: 0|com.internet.speed.meter.lite|1|null|10240
05-17 23:22:28.428  1681  2411 I WifiService: startScan uid=10246
05-17 23:22:28.431  1681  2411 E WifiService: Permission violation - startScan not allowed for uid=10246, packageName=com.didapinche.booking, reason=java.lang.SecurityException: UID 10246 has no location permission
05-17 23:22:28.521  3285  3308 I VoiceInputManagerWrapper: VoiceInputManagerWrapper.shutdownVoiceInternal():94 shutdownVoiceInternal()
05-17 23:22:28.652 13698 21942 I SocketReaderNew: SocketReader(535) continue
05-17 23:22:28.652 13698 21942 D MSF.C.NetConnTag: MsfCoreSocketReaderNew closeConn readError
05-17 23:22:28.652 13698 21942 D MSF.C.NetConnTag: conn is already closed on readError
05-17 23:22:28.652 13698 21942 W System.err: java.net.SocketException: Socket is closed
05-17 23:22:28.652 13698 21942 W System.err: 	at java.net.Socket.getSoTimeout(Socket.java:1196)
05-17 23:22:28.653 13698 21942 W System.err: 	at com.tencent.qphone.base.util.MsfSocketInputBuffer.isDataAvailable(P:71)
05-17 23:22:28.653 13698 21942 W System.err: 	at com.tencent.mobileqq.msf.core.net.m$b.run(P:478)
05-17 23:22:28.653 13698 21942 I SocketReaderNew: SocketReader(535) wait
05-17 23:22:28.917  2202  2202 D InterruptionStateProvider: No bubble up: not allowed to bubble: 0|com.internet.speed.meter.lite|1|null|10240
05-17 23:22:28.917  2202  2202 D InterruptionStateProvider: No heads up: unimportant notification: 0|com.internet.speed.meter.lite|1|null|10240
05-17 23:22:29.927  2202  2202 D InterruptionStateProvider: No bubble up: not allowed to bubble: 0|com.internet.speed.meter.lite|1|null|10240
05-17 23:22:29.928  2202  2202 D InterruptionStateProvider: No heads up: unimportant notification: 0|com.internet.speed.meter.lite|1|null|10240
05-17 23:22:30.701  4243  4243 W bilibili.app.i: Accessing hidden method Landroid/telephony/SignalStrength;->getDbm()I (greylist-max-p, reflection, denied)
05-17 23:22:30.702  4243  4243 W System.err: java.lang.NoSuchMethodException: android.telephony.SignalStrength.getDbm []
05-17 23:22:30.703  4243  4243 W System.err: 	at java.lang.Class.getMethod(Class.java:2072)
05-17 23:22:30.703  4243  4243 W System.err: 	at java.lang.Class.getMethod(Class.java:1693)
05-17 23:22:30.703  4243  4243 W System.err: 	at com.bilibili.bililive.eye.base.utils.meter.NetworkMeter$phoneStateListener$1.onSignalStrengthsChanged(BL:2)
05-17 23:22:30.703  4243  4243 W System.err: 	at android.telephony.PhoneStateListener$IPhoneStateListenerStub.lambda$onSignalStrengthsChanged$18(PhoneStateListener.java:1222)
05-17 23:22:30.703  4243  4243 W System.err: 	at android.telephony.-$$Lambda$PhoneStateListener$IPhoneStateListenerStub$lP7_Xy6P82nXGbUQ_ZUY6rZR4bI.run(Unknown Source:4)
05-17 23:22:30.703  4243  4243 W System.err: 	at android.os.Handler.handleCallback(Handler.java:938)
05-17 23:22:30.703  4243  4243 W System.err: 	at android.os.Handler.dispatchMessage(Handler.java:99)
05-17 23:22:30.703  4243  4243 W System.err: 	at android.os.Looper.loop(Looper.java:223)
05-17 23:22:30.703  4243  4243 W System.err: 	at android.app.ActivityThread.main(ActivityThread.java:7660)
05-17 23:22:30.703  4243  4243 W System.err: 	at java.lang.reflect.Method.invoke(Native Method)
05-17 23:22:30.703  4243  4243 W System.err: 	at com.android.internal.os.RuntimeInit$MethodAndArgsCaller.run(RuntimeInit.java:592)
05-17 23:22:30.703  4243  4243 W System.err: 	at com.android.internal.os.ZygoteInit.main(ZygoteInit.java:947)
05-17 23:22:30.940  2202  2202 D InterruptionStateProvider: No bubble up: not allowed to bubble: 0|com.internet.speed.meter.lite|1|null|10240
05-17 23:22:30.941  2202  2202 D InterruptionStateProvider: No heads up: unimportant notification: 0|com.internet.speed.meter.lite|1|null|10240
05-17 23:22:31.621  5916  7115 W Settings: Setting android_id has moved from android.provider.Settings.System to android.provider.Settings.Secure, returning read-only value.
05-17 23:22:31.697  5916  5916 I DiDa-MapSelectPointFragment: 1
05-17 23:22:31.945  2202  2202 D InterruptionStateProvider: No bubble up: not allowed to bubble: 0|com.internet.speed.meter.lite|1|null|10240
05-17 23:22:31.946  2202  2202 D InterruptionStateProvider: No heads up: unimportant notification: 0|com.internet.speed.meter.lite|1|null|10240
05-17 23:22:31.957  2567  2590 I LocationAccessPolicy: com.didapinche.booking is aware of fine but the app-ops permission is specifically denied.
05-17 23:22:31.961  1681  2984 E WifiService: Permission violation - getScanResults not allowed for uid=10246, packageName=com.didapinche.booking, reason=java.lang.SecurityException: UID 10246 has no location permission
05-17 23:22:32.951  2202  2202 D InterruptionStateProvider: No bubble up: not allowed to bubble: 0|com.internet.speed.meter.lite|1|null|10240
05-17 23:22:32.951  2202  2202 D InterruptionStateProvider: No heads up: unimportant notification: 0|com.internet.speed.meter.lite|1|null|10240
05-17 23:22:33.439  2567  2590 I LocationAccessPolicy: com.didapinche.booking is aware of fine but the app-ops permission is specifically denied.
05-17 23:22:33.443  1681  2415 E WifiService: Permission violation - getScanResults not allowed for uid=10246, packageName=com.didapinche.booking, reason=java.lang.SecurityException: UID 10246 has no location permission
05-17 23:22:33.780  4243  4243 W bilibili.app.i: Accessing hidden method Landroid/telephony/SignalStrength;->getDbm()I (greylist-max-p, reflection, denied)
05-17 23:22:33.781  4243  4243 W System.err: java.lang.NoSuchMethodException: android.telephony.SignalStrength.getDbm []
05-17 23:22:33.781  4243  4243 W System.err: 	at java.lang.Class.getMethod(Class.java:2072)
05-17 23:22:33.781  4243  4243 W System.err: 	at java.lang.Class.getMethod(Class.java:1693)
05-17 23:22:33.781  4243  4243 W System.err: 	at com.bilibili.bililive.eye.base.utils.meter.NetworkMeter$phoneStateListener$1.onSignalStrengthsChanged(BL:2)
05-17 23:22:33.781  4243  4243 W System.err: 	at android.telephony.PhoneStateListener$IPhoneStateListenerStub.lambda$onSignalStrengthsChanged$18(PhoneStateListener.java:1222)
05-17 23:22:33.781  4243  4243 W System.err: 	at android.telephony.-$$Lambda$PhoneStateListener$IPhoneStateListenerStub$lP7_Xy6P82nXGbUQ_ZUY6rZR4bI.run(Unknown Source:4)
05-17 23:22:33.781  4243  4243 W System.err: 	at android.os.Handler.handleCallback(Handler.java:938)
05-17 23:22:33.781  4243  4243 W System.err: 	at android.os.Handler.dispatchMessage(Handler.java:99)
05-17 23:22:33.781  4243  4243 W System.err: 	at android.os.Looper.loop(Looper.java:223)
05-17 23:22:33.781  4243  4243 W System.err: 	at android.app.ActivityThread.main(ActivityThread.java:7660)
05-17 23:22:33.781  4243  4243 W System.err: 	at java.lang.reflect.Method.invoke(Native Method)
05-17 23:22:33.781  4243  4243 W System.err: 	at com.android.internal.os.RuntimeInit$MethodAndArgsCaller.run(RuntimeInit.java:592)
05-17 23:22:33.781  4243  4243 W System.err: 	at com.android.internal.os.ZygoteInit.main(ZygoteInit.java:947)
05-17 23:22:33.965  2202  2202 D InterruptionStateProvider: No bubble up: not allowed to bubble: 0|com.internet.speed.meter.lite|1|null|10240
05-17 23:22:33.967  2202  2202 D InterruptionStateProvider: No heads up: unimportant notification: 0|com.internet.speed.meter.lite|1|null|10240
05-17 23:22:34.976  2202  2202 D InterruptionStateProvider: No bubble up: not allowed to bubble: 0|com.internet.speed.meter.lite|1|null|10240
05-17 23:22:34.977  2202  2202 D InterruptionStateProvider: No heads up: unimportant notification: 0|com.internet.speed.meter.lite|1|null|10240
05-17 23:22:36.941 13652 14108 I SmartThreadExecutor: handleMessage: start check 0
05-17 23:22:36.941 13652 14108 I SmartThreadExecutor: handleMessage: check end 0 -146 false
05-17 23:22:38.186   946  1810 D sound_trigger_hw: sound_trigger_event_alloc: payload_size = 19
05-17 23:22:38.186   946  1810 I sound_trigger_hw: callback_thread_loop: Send callback model: musdet
05-17 23:22:38.186   946  1810 D platform_realtek: platform_deactive: musdet
05-17 23:22:38.198  1681  2298 I SoundTriggerMiddlewareLogging: onRecognition[this=android.hardware.soundtrigger.SoundTriggerModule$EventHandlerDelegate@2fe25d4, caller=1000/1681](13, { audioConfig: { channelMask: 16, format: 1, frameCount: 0, offloadInfo: { bitRatePerSecond: 0, bitWidth: 0, bufferSize: 0, channelMask: 0, durationMicroseconds: 0, format: 0, hasVideo: false, isStreaming: false, sampleRateHz: 0, streamType: 0, usage: 0 }, sampleRateHz: 16000 }, captureAvailable: true, captureDelayMs: 0, capturePreambleMs: 0, captureSession: 937, data: [ 112, 111, 115, 95, 109, 117, 115, 105, 99, 44, 118, 97, 108, 58, 51, 50, ... (+3 entries) ], status: 0, triggerInData: false, type: 1 })
05-17 23:22:34.680  1681  2128 I chatty  : uid=1000(system) ConnectivitySer identical 6 lines
05-17 23:22:37.710  1681  2128 D ConnectivityService: NetReassign [no changes]
05-17 23:22:38.198  1681  1681 V SoundTriggerService: 9f6ad62a-1f0b-11e7-87c5-40a8f03d3f15: Generic sound trigger event: GenericRecognitionEvent ::RecognitionEvent [status=0, soundModelHandle=13, captureAvailable=true, captureSession=937, captureDelayMs=0, capturePreambleMs=0, triggerInData=false, sampleRate=16000, encoding=2, channelMask=16, data=19]
05-17 23:22:38.205  1681  1681 V SoundTriggerService: 9f6ad62a-1f0b-11e7-87c5-40a8f03d3f15: onServiceConnected(android.os.BinderProxy@8d3ffe3)
05-17 23:22:38.208  1681  1681 V SoundTriggerService: 9f6ad62a-1f0b-11e7-87c5-40a8f03d3f15: runOp 0
05-17 23:22:38.210  3419  3419 I AmbientMusicDetector: Received music trigger: 'RecognitionEvent{data=pos_music,val:32502, captureSession=937, captureFormat=AudioFormat: props=7 enc=2 chan=0x10 chan_index=0x0 rate=16000, status=0}'
05-17 23:22:38.213  3419  3419 I AudioBufferManager: Creating AudioRecord accessing DSP audio.
05-17 23:22:38.222   946  4564 D audio_hw_primary: adev_open_input_stream: enter: sample_rate(16000) channel_mask(0x10) devices(0x80000004)        stream_handle(0xee6c6bb0) io_handle(198) source(1999) format 4
05-17 23:22:38.222   946  4564 D audio_hw_primary: adev_open_input_stream: enter: sample_rate(16000) channel_mask(0x10) devices(0x80000004)        stream_handle(0xee6c6bb0) io_handle(198) source(1999) format 1
05-17 23:22:38.222   946  4564 D soundtrigger: audio_extn_sound_trigger_check_and_get_session: capture_handle 198 is sound trigger
05-17 23:22:38.222   946  4564 D audio_hw_primary: io_streams_map_insert: Added stream in io_streams_map with handle 198
05-17 23:22:38.222   946  4564 E device_utils: update_device_list: Invalid device: 0
05-17 23:22:38.225  1008 32425 I AudioFlinger: AudioFlinger's thread 0xb4000072da1ac040 tid=32425 ready to run
05-17 23:22:38.225   946  4564 D audio_hw_primary: in_standby: enter: stream (0xee6c6bb0) usecase(22: audio-record)
05-17 23:22:38.228  1681  2411 I system_server: oneway function results will be dropped but finished with status OK and parcel size 4
05-17 23:22:38.228  1681  2411 I system_server: oneway function results will be dropped but finished with status OK and parcel size 4
05-17 23:22:38.231   946  4564 D audio_hw_primary: in_standby: enter: stream (0xee6c6bb0) usecase(22: audio-record)
05-17 23:22:38.234  1681  2411 I system_server: oneway function results will be dropped but finished with status OK and parcel size 4
05-17 23:22:38.238  1681  2984 I system_server: oneway function results will be dropped but finished with status OK and parcel size 4
05-17 23:22:38.238  1681  2984 I system_server: oneway function results will be dropped but finished with status OK and parcel size 4
05-17 23:22:38.238   946  4564 D audio_hw_primary: adev_create_audio_patch: enter: num sources 1, num_sinks 1, handle 0
05-17 23:22:38.238   946  4564 D audio_hw_primary: update_patch: enter
05-17 23:22:38.238   946  4564 D audio_hw_primary: route_input_stream: exit: status(0)
05-17 23:22:38.238   946  4564 D audio_hw_primary: adev_create_audio_patch: Added a new patch with handle 50
05-17 23:22:38.239   946  4564 E device_utils: update_device_list: Invalid device: 0
05-17 23:22:38.240  1681  2411 I SoundTriggerMiddlewareLogging: setCaptureState[this=com.android.server.soundtrigger_middleware.SoundTriggerMiddlewareImpl@83d39f2, caller=1041/1008](true)
05-17 23:22:38.240  1681  2984 I AudioService.RecordingActivityMonitor: rec update riid:1071 uid:10161 session:937 src:HOTWORD pack:com.google.android.as
05-17 23:22:38.241   946  4564 E FMQ     : grantorIdx must be less than 3
05-17 23:22:38.241   946  4564 E FMQ     : grantorIdx must be less than 3
05-17 23:22:38.242  1008 32425 E FMQ     : grantorIdx must be less than 3
05-17 23:22:38.242  1008 32425 E FMQ     : grantorIdx must be less than 3
05-17 23:22:38.437  2567  3002 I LocationAccessPolicy: com.didapinche.booking is aware of fine but the app-ops permission is specifically denied.
05-17 23:22:38.444  2567  3002 I LocationAccessPolicy: com.didapinche.booking is aware of fine but the app-ops permission is specifically denied.
05-17 23:22:38.451  1681  2415 E WifiService: Permission violation - getScanResults not allowed for uid=10246, packageName=com.didapinche.booking, reason=java.lang.SecurityException: UID 10246 has no location permission
05-17 23:22:38.468  2567  3002 I LocationAccessPolicy: com.didapinche.booking is aware of fine but the app-ops permission is specifically denied.
05-17 23:22:38.477  3419  4537 I AudioBufferManager: Background #2: Audio recording finished, got 128000 samples.
05-17 23:22:38.478  3419  4537 I AmbientMusicDetector: Received music trigger with last matched track ID: 0
05-17 23:22:38.479  3419  4537 I NnfpMusicRecognizer: SoundSearch FP fallback configuration: AutoOnDemand: false  HistoryDonation: false  SoSe Fps: false
05-17 23:22:38.690   946  4564 D audio_hw_primary: in_standby: enter: stream (0xee6c6bb0) usecase(22: audio-record)
05-17 23:22:38.690  1681  2415 I system_server: oneway function results will be dropped but finished with status OK and parcel size 4
05-17 23:22:38.690   946  4564 D audio_hw_primary: in_standby: sound trigger pcm stop lab
05-17 23:22:38.690   946  4564 D sound_trigger_hw: idle_state_fn:[13] handle event id 7
05-17 23:22:38.690   946  4564 D sound_trigger_hw: idle_state_fn:[13] unhandled event
05-17 23:22:38.690   946  1810 I sound_trigger_hw: callback_thread_loop: Write done
05-17 23:22:38.694   946  1869 D audio_hw_primary: adev_release_audio_patch: Remove patch with handle 50
05-17 23:22:38.694   946  1869 D audio_hw_primary: route_input_stream: exit: status(0)
05-17 23:22:38.696  1681  2984 I system_server: oneway function results will be dropped but finished with status OK and parcel size 4
05-17 23:22:38.697  1681  2411 I SoundTriggerMiddlewareLogging: setCaptureState[this=com.android.server.soundtrigger_middleware.SoundTriggerMiddlewareImpl@83d39f2, caller=1041/1008](false)
05-17 23:22:38.702  1681  2415 I SoundTriggerMiddlewareLogging: setCaptureState[this=com.android.server.soundtrigger_middleware.SoundTriggerMiddlewareImpl@83d39f2, caller=1041/1008](false)
05-17 23:22:38.703   946  1869 D audio_hw_primary: adev_close_input_stream: enter:stream_handle(0xee6c6bb0)
05-17 23:22:38.703   946  1869 D audio_hw_primary: io_streams_map_remove: Removed stream with handle 198
05-17 23:22:38.704   946  1869 D soundtrigger: audio_extn_sound_trigger_check_ec_ref_enable: EC Reference is disabled
05-17 23:22:38.704   946  1869 D sound_trigger_hw: handle_audio_ec_ref_enabled: Enter
05-17 23:22:38.704  1681  2411 I system_server: oneway function results will be dropped but finished with status OK and parcel size 4
05-17 23:22:38.704  1681  2415 I system_server: oneway function results will be dropped but finished with status OK and parcel size 4
05-17 23:22:38.705  1681  2415 I system_server: oneway function results will be dropped but finished with status OK and parcel size 4
05-17 23:22:38.710   946  1810 D platform_realtek: platform_enable_dsp: Disable with mask 1
05-17 23:22:38.746   946  1810 D platform_realtek: platform_enable_dsp: Enable with mask 1
05-17 23:22:38.746   946  1869 D sound_trigger_hw: handle_audio_ec_ref_enabled: Exit audio ec ref=0
05-17 23:22:38.746   946  1869 D soundtrigger: audio_extn_sound_trigger_update_ec_ref_status: update audio echo ref status false
05-17 23:22:38.746   946  1869 D audio_hw_primary: in_standby: enter: stream (0xee6c6bb0) usecase(22: audio-record)
05-17 23:22:38.769   946  1810 I sound_trigger_hw: callback_thread_loop: Start poll
05-17 23:22:38.985  2202  2202 D InterruptionStateProvider: No bubble up: not allowed to bubble: 0|com.internet.speed.meter.lite|1|null|10240
05-17 23:22:38.986  2202  2202 D InterruptionStateProvider: No heads up: unimportant notification: 0|com.internet.speed.meter.lite|1|null|10240
05-17 23:22:39.995  2202  2202 D InterruptionStateProvider: No bubble up: not allowed to bubble: 0|com.internet.speed.meter.lite|1|null|10240
05-17 23:22:39.996  2202  2202 D InterruptionStateProvider: No heads up: unimportant notification: 0|com.internet.speed.meter.lite|1|null|10240
05-17 23:22:40.724  1681  2128 D ConnectivityService: NetReassign [no changes]
05-17 23:22:40.800  3419  4537 I NnfpMusicRecognizer: Finished recognition for region xa and DB version 178 with result: MUSIC_UNRECOGNIZED
05-17 23:22:40.802  3419  4491 I RecognitionStateHandler: Dsp model overrides: reloadDetectionModel = [false] : new squelch = [90000]
05-17 23:22:40.806  3419  4491 I MusicRecognitionHandler: Music not recognized. Nearest match (-7.486454010009766): egdKdJwyzow.
05-17 23:22:40.811  3419  4537 I AmbientMusicDetector: Pipeline run finished, restarting model: true
05-17 23:22:40.812  1681  2984 V SoundTriggerService: 9f6ad62a-1f0b-11e7-87c5-40a8f03d3f15: destroy
05-17 23:22:40.812  1681  2411 I SoundTriggerService: startRecognition(): id = 9f6ad62a-1f0b-11e7-87c5-40a8f03d3f15
05-17 23:22:40.813  1681  2411 W SoundTriggerHelper: Canceling previous recognition for model id: 9f6ad62a-1f0b-11e7-87c5-40a8f03d3f15
05-17 23:22:40.813  1681  2411 V SoundTriggerService: 9f6ad62a-1f0b-11e7-87c5-40a8f03d3f15: onError: -2147483648
05-17 23:22:40.818  1681  2411 W SoundTriggerService: 9f6ad62a-1f0b-11e7-87c5-40a8f03d3f15: Dropped operation as already destroyed or marked for destruction
05-17 23:22:40.821   946  4564 D sound_trigger_hw: stdev_start_recognition_extended: Running 2_3
05-17 23:22:40.821   946  4564 D sound_trigger_hw: stdev_start_recognition:[13] Enter
05-17 23:22:40.821   946  4564 D platform_realtek: platform_start_recognition: musdet
05-17 23:22:40.821   946  1810 I sound_trigger_hw: callback_thread_loop: Termination message
05-17 23:22:40.854   946  1810 D platform_realtek: platform_enable_dsp: Enable with mask 3
05-17 23:22:40.876   946  1810 I sound_trigger_hw: callback_thread_loop: Start poll
05-17 23:22:40.876   946  4564 D sound_trigger_hw: stdev_start_recognition:[13] Exit
05-17 23:22:40.877  1681  2411 I SoundTriggerMiddlewareLogging: startRecognition[this=com.android.server.soundtrigger_middleware.SoundTriggerModule$Session@bb4e37d, caller=10161/3419](13, { audioCapabilities: 0, captureRequested: true, data: [  ], phraseRecognitionExtras: [  ] })
05-17 23:22:40.878  1681  2411 I SoundTriggerHelper: startRecognition successful.
05-17 23:22:40.878  1681  2411 E SoundTriggerService: error onStart(): Model 9f6ad62a-1f0b-11e7-87c5-40a8f03d3f15 already started
05-17 23:22:41.007  2202  2202 D InterruptionStateProvider: No bubble up: not allowed to bubble: 0|com.internet.speed.meter.lite|1|null|10240
05-17 23:22:41.008  2202  2202 D InterruptionStateProvider: No heads up: unimportant notification: 0|com.internet.speed.meter.lite|1|null|10240
05-17 23:22:41.226  6260  6455 E PlayCommon: [1335] bcff.h(173): Failed to connect to server for log upload.
05-17 23:22:41.332   987 30937 I libpixelusb: event=1 on fd=8
05-17 23:22:41.337  2202  2202 I android_os_HwBinder: HwBinder: Starting thread pool for getting: vendor.google.google_battery@1.1::IGoogleBattery/default
05-17 23:22:41.352  2202 29160 D PowerUI : can't show warning due to - plugged: true status unknown: false
05-17 23:22:41.369   974   974 W libpixelpowerstats: getStats for Citadel exceeded time allowed: 10455us
05-17 23:22:41.455 27590 27590 I android_os_HwBinder: HwBinder: Starting thread pool for getting: vendor.google.google_battery@1.1::IGoogleBattery/default
05-17 23:22:42.013  2202  2202 D InterruptionStateProvider: No bubble up: not allowed to bubble: 0|com.internet.speed.meter.lite|1|null|10240
05-17 23:22:42.014  2202  2202 D InterruptionStateProvider: No heads up: unimportant notification: 0|com.internet.speed.meter.lite|1|null|10240
05-17 23:22:42.982  4243  4243 W bilibili.app.i: Accessing hidden method Landroid/telephony/SignalStrength;->getDbm()I (greylist-max-p, reflection, denied)
05-17 23:22:42.983  4243  4243 W System.err: java.lang.NoSuchMethodException: android.telephony.SignalStrength.getDbm []
05-17 23:22:42.983  4243  4243 W System.err: 	at java.lang.Class.getMethod(Class.java:2072)
05-17 23:22:42.983  4243  4243 W System.err: 	at java.lang.Class.getMethod(Class.java:1693)
05-17 23:22:42.983  4243  4243 W System.err: 	at com.bilibili.bililive.eye.base.utils.meter.NetworkMeter$phoneStateListener$1.onSignalStrengthsChanged(BL:2)
05-17 23:22:42.983  4243  4243 W System.err: 	at android.telephony.PhoneStateListener$IPhoneStateListenerStub.lambda$onSignalStrengthsChanged$18(PhoneStateListener.java:1222)
05-17 23:22:42.983  4243  4243 W System.err: 	at android.telephony.-$$Lambda$PhoneStateListener$IPhoneStateListenerStub$lP7_Xy6P82nXGbUQ_ZUY6rZR4bI.run(Unknown Source:4)
05-17 23:22:42.983  4243  4243 W System.err: 	at android.os.Handler.handleCallback(Handler.java:938)
05-17 23:22:42.983  4243  4243 W System.err: 	at android.os.Handler.dispatchMessage(Handler.java:99)
05-17 23:22:42.983  4243  4243 W System.err: 	at android.os.Looper.loop(Looper.java:223)
05-17 23:22:42.983  4243  4243 W System.err: 	at android.app.ActivityThread.main(ActivityThread.java:7660)
05-17 23:22:42.983  4243  4243 W System.err: 	at java.lang.reflect.Method.invoke(Native Method)
05-17 23:22:42.983  4243  4243 W System.err: 	at com.android.internal.os.RuntimeInit$MethodAndArgsCaller.run(RuntimeInit.java:592)
05-17 23:22:42.983  4243  4243 W System.err: 	at com.android.internal.os.ZygoteInit.main(ZygoteInit.java:947)
05-17 23:22:43.025  2202  2202 D InterruptionStateProvider: No bubble up: not allowed to bubble: 0|com.internet.speed.meter.lite|1|null|10240
05-17 23:22:43.026  2202  2202 D InterruptionStateProvider: No heads up: unimportant notification: 0|com.internet.speed.meter.lite|1|null|10240
05-17 23:22:43.437  2567  3002 I LocationAccessPolicy: com.didapinche.booking is aware of fine but the app-ops permission is specifically denied.
