05-17 21:31:02.750 20282 21119 W FileUtils: Failed to chmod(/data/user/0/com.tencent.mm/app_tbs_common_share): android.system.ErrnoException: chmod failed: EACCES (Permission denied)
05-17 21:31:02.780  1681  2406 I chatty  : uid=1000(system) Binder:1681_9 expire 4 lines
05-17 21:31:03.780  1681  4236 I chatty  : uid=1000(system) Binder:1681_1B expire 1 line
05-17 21:31:03.856   929 18742 W SocketClient: write error (Broken pipe)
05-17 21:31:03.860   929 18744 W SocketClient: write error (Broken pipe)
05-17 21:31:03.920  1681  2989 I chatty  : uid=1000(system) Binder:1681_10 expire 1 line
05-17 21:31:03.982  1681  2372 I chatty  : uid=1000(system) Binder:1681_7 expire 5 lines
05-17 21:31:04.004  1681  2406 I chatty  : uid=1000(system) Binder:1681_9 expire 3 lines
05-17 21:31:04.021  1681  1818 I chatty  : uid=1000(system) ActivityManager expire 10 lines
05-17 21:31:04.064  1681  2989 I chatty  : uid=1000(system) Binder:1681_10 expire 6 lines
05-17 21:31:04.197  1681  1819 I chatty  : uid=1000(system) ActivityManager expire 10 lines
05-17 21:31:04.206  1681  4130 I chatty  : uid=1000(system) Binder:1681_1A expire 3 lines
05-17 21:31:04.494  1681  2411 I chatty  : uid=1000(system) Binder:1681_A expire 1 line
05-17 21:31:04.658 20787 21149 W FileUtils: Failed to chmod(/data/user/0/com.tencent.mobileqq/app_tbs): android.system.ErrnoException: chmod failed: EACCES (Permission denied)
05-17 21:31:04.711 20787 21149 W FileUtils: Failed to chmod(/data/user/0/com.tencent.mobileqq/app_tbs_common_share): android.system.ErrnoException: chmod failed: EACCES (Permission denied)
05-17 21:31:04.790  1681  2637 I chatty  : uid=1000(system) Binder:1681_D expire 1 line
05-17 21:31:04.932  1681  2984 I chatty  : uid=1000(system) Binder:1681_E expire 5 lines
05-17 21:31:05.197  1681  3418 I chatty  : uid=1000(system) Binder:1681_12 expire 9 lines
05-17 21:31:05.254  1681  4240 I chatty  : uid=1000(system) Binder:1681_1D expire 2 lines
05-17 21:31:05.393  1681  3428 I chatty  : uid=1000(system) Binder:1681_15 expire 6 lines
05-17 21:31:05.673  1681  4115 I chatty  : uid=1000(system) Binder:1681_17 expire 1 line
05-17 21:31:05.673  1681  4241 I chatty  : uid=1000(system) Binder:1681_1E expire 8 lines
05-17 21:31:05.673  1681  2128 I chatty  : uid=1000(system) ConnectivitySer expire 18 lines
05-17 21:31:05.679  1681  2367 I chatty  : uid=1000(system) Binder:1681_5 expire 2 lines
05-17 21:31:05.679  1681  2985 I chatty  : uid=1000(system) Binder:1681_F expire 3 lines
05-17 21:31:12.516  1681  2139 I chatty  : uid=1000(system) Binder:1681_4 expire 2 lines
05-17 21:31:19.944  1681  4245 I chatty  : uid=1000(system) Binder:1681_20 expire 1 line
05-17 21:31:26.193  1681  1681 I chatty  : uid=1000(system) Binder:1681_3 expire 30 lines
05-17 21:31:26.696  1681 21845 I chatty  : uid=1000(system) Binder:1681_3 expire 1 line
05-17 21:31:27.215  1681  1730 I chatty  : uid=1000(system) Binder:1681_1 expire 2 lines
05-17 21:31:31.908  1681  1784 I chatty  : uid=1000(system) android.fg expire 13 lines
05-17 21:31:34.233  1681  3004 I chatty  : uid=1000(system) Binder:1681_11 expire 6 lines
05-17 21:31:34.679  1681  4237 I chatty  : uid=1000(system) Binder:1681_1C expire 2 lines
05-17 21:31:38.638  1681  4244 I chatty  : uid=1000(system) Binder:1681_1F expire 7 lines
05-17 21:31:43.533 22066 22066 E ActivityThread: Failed to find provider info for com.tencent.mm.coolassist.debugprovider
05-17 21:31:46.355  1681  1787 I chatty  : uid=1000(system) android.display expire 1 line
05-17 21:31:47.047  1681  1818 I chatty  : uid=1000(system) ActivityManager expire 6 lines
05-17 21:31:47.488  1681  1819 I chatty  : uid=1000(system) ActivityManager expire 23 lines
05-17 21:31:47.718  1681  3426 I chatty  : uid=1000(system) Binder:1681_14 expire 1 line
05-17 21:31:47.718  1681  2128 I chatty  : uid=1000(system) ConnectivitySer expire 3 lines
05-17 21:31:47.719  1681  2636 I chatty  : uid=1000(system) Binder:1681_C expire 2 lines
05-17 21:31:48.832  1681  4247 I chatty  : uid=1000(system) Binder:1681_21 expire 2 lines
05-17 21:31:51.281  1681  2402 I chatty  : uid=1000(system) Binder:1681_8 expire 1 line
05-17 21:31:52.187  1681  4236 I chatty  : uid=1000(system) Binder:1681_1B expire 8 lines
05-17 21:31:53.164 22653 22653 E LoadedApk: Unable to instantiate appComponentFactory
05-17 21:31:53.164 22653 22653 E LoadedApk: java.lang.ClassNotFoundException: Didn't find class "android.support.v4.app.CoreComponentFactory" on path: DexPathList[[zip file "/data/app/~~5t4BIwIm_B8rtFPQOR5Kag==/cn.com.pansky.sxzgyl-Z4uFtemvZ735MwhAGXv66w==/base.apk"],nativeLibraryDirectories=[/data/app/~~5t4BIwIm_B8rtFPQOR5Kag==/cn.com.pansky.sxzgyl-Z4uFtemvZ735MwhAGXv66w==/lib/arm64, /data/app/~~5t4BIwIm_B8rtFPQOR5Kag==/cn.com.pansky.sxzgyl-Z4uFtemvZ735MwhAGXv66w==/base.apk!/lib/arm64-v8a, /system/lib64, /system_ext/lib64, /product/lib64]]
05-17 21:31:53.164 22653 22653 E LoadedApk: 	at dalvik.system.BaseDexClassLoader.findClass(BaseDexClassLoader.java:207)
05-17 21:31:53.164 22653 22653 E LoadedApk: 	at java.lang.ClassLoader.loadClass(ClassLoader.java:379)
05-17 21:31:53.164 22653 22653 E LoadedApk: 	at java.lang.ClassLoader.loadClass(ClassLoader.java:312)
05-17 21:31:53.164 22653 22653 E LoadedApk: 	at android.app.LoadedApk.createAppFactory(LoadedApk.java:260)
05-17 21:31:53.164 22653 22653 E LoadedApk: 	at android.app.LoadedApk.createOrUpdateClassLoaderLocked(LoadedApk.java:902)
05-17 21:31:53.164 22653 22653 E LoadedApk: 	at android.app.LoadedApk.getClassLoader(LoadedApk.java:982)
05-17 21:31:53.164 22653 22653 E LoadedApk: 	at android.app.LoadedApk.getResources(LoadedApk.java:1214)
05-17 21:31:53.164 22653 22653 E LoadedApk: 	at android.app.ContextImpl.createAppContext(ContextImpl.java:2663)
05-17 21:31:53.164 22653 22653 E LoadedApk: 	at android.app.ContextImpl.createAppContext(ContextImpl.java:2655)
05-17 21:31:53.164 22653 22653 E LoadedApk: 	at android.app.ActivityThread.handleBindApplication(ActivityThread.java:6598)
05-17 21:31:53.164 22653 22653 E LoadedApk: 	at android.app.ActivityThread.access$1300(ActivityThread.java:237)
05-17 21:31:53.164 22653 22653 E LoadedApk: 	at android.app.ActivityThread$H.handleMessage(ActivityThread.java:1913)
05-17 21:31:53.164 22653 22653 E LoadedApk: 	at android.os.Handler.dispatchMessage(Handler.java:106)
05-17 21:31:53.164 22653 22653 E LoadedApk: 	at android.os.Looper.loop(Looper.java:223)
05-17 21:31:53.164 22653 22653 E LoadedApk: 	at android.app.ActivityThread.main(ActivityThread.java:7660)
05-17 21:31:53.164 22653 22653 E LoadedApk: 	at java.lang.reflect.Method.invoke(Native Method)
05-17 21:31:53.164 22653 22653 E LoadedApk: 	at com.android.internal.os.RuntimeInit$MethodAndArgsCaller.run(RuntimeInit.java:592)
05-17 21:31:53.164 22653 22653 E LoadedApk: 	at com.android.internal.os.ZygoteInit.main(ZygoteInit.java:947)
05-17 21:31:53.783 22673 22673 E ActivityThread: Failed to find provider info for com.tencent.mm.coolassist.debugprovider
05-17 21:31:55.128  1681  2415 I chatty  : uid=1000(system) Binder:1681_B expire 1 line
05-17 21:31:55.539  1681  1681 I chatty  : uid=1000(system) Binder:1681_3 expire 14 lines
05-17 21:31:55.568  1681  4130 I chatty  : uid=1000(system) Binder:1681_1A expire 12 lines
05-17 21:31:55.680  1681  4244 I chatty  : uid=1000(system) Binder:1681_1F expire 6 lines
05-17 21:31:55.762  1681  1818 I chatty  : uid=1000(system) ActivityManager expire 14 lines
05-17 21:31:56.348  1681  2128 I chatty  : uid=1000(system) ConnectivitySer expire 10 lines
05-17 21:31:56.349  1681  2415 I chatty  : uid=1000(system) Binder:1681_B expire 5 lines
05-17 21:31:56.865  1681  1819 I chatty  : uid=1000(system) ActivityManager expire 17 lines
05-17 21:31:57.628  1681  2989 I chatty  : uid=1000(system) Binder:1681_10 expire 4 lines
05-17 21:31:58.083  1681  1730 I chatty  : uid=1000(system) Binder:1681_1 expire 2 lines
05-17 21:31:58.345  1681  2767 I chatty  : uid=1000(system) BluetoothRouteM expire 2 lines
05-17 21:31:58.350  1681  2769 I chatty  : uid=1000(system) uteStateMachine expire 3 lines
05-17 21:31:58.869  1681  4245 I chatty  : uid=1000(system) Binder:1681_20 expire 7 lines
05-17 21:31:59.627  1681  2637 I chatty  : uid=1000(system) Binder:1681_D expire 12 lines
05-17 21:32:00.484  1681  2985 I chatty  : uid=1000(system) Binder:1681_F expire 4 lines
05-17 21:32:01.754  1681  2372 I chatty  : uid=1000(system) Binder:1681_7 expire 5 lines
05-17 21:32:03.176  1681  2984 I chatty  : uid=1000(system) Binder:1681_E expire 3 lines
05-17 21:32:03.176  1681  2406 I chatty  : uid=1000(system) Binder:1681_9 expire 2 lines
05-17 21:32:03.177  1681  3418 I chatty  : uid=1000(system) Binder:1681_12 expire 7 lines
05-17 21:32:03.334  1681  2369 I chatty  : uid=1000(system) Binder:1681_6 expire 5 lines
05-17 21:32:04.715  1681  3430 I chatty  : uid=1000(system) Binder:1681_16 expire 3 lines
05-17 21:32:12.206 23516 23581 E ActivityThread: Failed to find provider info for com.vivo.push.sdk.service.SystemPushConfig
05-17 21:32:17.579  1681  1819 I chatty  : uid=1000(system) ActivityManager expire 14 lines
05-17 21:32:23.168 24113 24788 W FileUtils: Failed to chmod(/data/user/0/com.tencent.mm/app_tbs): android.system.ErrnoException: chmod failed: EACCES (Permission denied)
05-17 21:32:23.168 24113 24788 W FileUtils: Failed to chmod(/data/user/0/com.tencent.mm/app_tbs_common_share): android.system.ErrnoException: chmod failed: EACCES (Permission denied)
05-17 21:32:25.024  1681  2128 I chatty  : uid=1000(system) ConnectivitySer expire 12 lines
05-17 21:32:26.142  1681  2402 I chatty  : uid=1000(system) Binder:1681_8 expire 3 lines
05-17 21:32:27.365  1681  4240 I chatty  : uid=1000(system) Binder:1681_1D expire 3 lines
05-17 21:32:28.228  1681  1681 I chatty  : uid=1000(system) Binder:1681_3 expire 8 lines
05-17 21:32:29.825  1681  1784 I chatty  : uid=1000(system) android.fg expire 3 lines
05-17 21:32:30.678  1681  1731 I chatty  : uid=1000(system) Binder:1681_2 expire 4 lines
05-17 21:32:31.559  1681  1787 I chatty  : uid=1000(system) android.display expire 1 line
05-17 21:32:31.680  1681  1818 I chatty  : uid=1000(system) ActivityManager expire 8 lines
05-17 21:32:31.792 25090 25090 E LoadedApk: Unable to instantiate appComponentFactory
05-17 21:32:31.792 25090 25090 E LoadedApk: java.lang.ClassNotFoundException: Didn't find class "com.honor.irportalapp.RP" on path: DexPathList[[zip file "/data/app/~~JizAQXFgM6sQJWxxUm8-MQ==/com.honor.irportalapp-PdsWP1gNxyNmliH2baZnbA==/base.apk"],nativeLibraryDirectories=[/data/app/~~JizAQXFgM6sQJWxxUm8-MQ==/com.honor.irportalapp-PdsWP1gNxyNmliH2baZnbA==/lib/arm, /data/app/~~JizAQXFgM6sQJWxxUm8-MQ==/com.honor.irportalapp-PdsWP1gNxyNmliH2baZnbA==/base.apk!/lib/armeabi-v7a, /system/lib, /system_ext/lib, /product/lib]]
05-17 21:32:31.792 25090 25090 E LoadedApk: 	at dalvik.system.BaseDexClassLoader.findClass(BaseDexClassLoader.java:207)
05-17 21:32:31.792 25090 25090 E LoadedApk: 	at java.lang.ClassLoader.loadClass(ClassLoader.java:379)
05-17 21:32:31.792 25090 25090 E LoadedApk: 	at java.lang.ClassLoader.loadClass(ClassLoader.java:312)
05-17 21:32:31.792 25090 25090 E LoadedApk: 	at android.app.LoadedApk.createAppFactory(LoadedApk.java:260)
05-17 21:32:31.792 25090 25090 E LoadedApk: 	at android.app.LoadedApk.createOrUpdateClassLoaderLocked(LoadedApk.java:902)
05-17 21:32:31.792 25090 25090 E LoadedApk: 	at android.app.LoadedApk.getClassLoader(LoadedApk.java:982)
05-17 21:32:31.792 25090 25090 E LoadedApk: 	at android.app.LoadedApk.getResources(LoadedApk.java:1214)
05-17 21:32:31.792 25090 25090 E LoadedApk: 	at android.app.ContextImpl.createAppContext(ContextImpl.java:2663)
05-17 21:32:31.792 25090 25090 E LoadedApk: 	at android.app.ContextImpl.createAppContext(ContextImpl.java:2655)
05-17 21:32:31.792 25090 25090 E LoadedApk: 	at android.app.ActivityThread.handleBindApplication(ActivityThread.java:6598)
05-17 21:32:31.792 25090 25090 E LoadedApk: 	at android.app.ActivityThread.access$1300(ActivityThread.java:237)
05-17 21:32:31.792 25090 25090 E LoadedApk: 	at android.app.ActivityThread$H.handleMessage(ActivityThread.java:1913)
05-17 21:32:31.792 25090 25090 E LoadedApk: 	at android.os.Handler.dispatchMessage(Handler.java:106)
05-17 21:32:31.792 25090 25090 E LoadedApk: 	at android.os.Looper.loop(Looper.java:223)
05-17 21:32:31.792 25090 25090 E LoadedApk: 	at android.app.ActivityThread.main(ActivityThread.java:7660)
05-17 21:32:31.792 25090 25090 E LoadedApk: 	at java.lang.reflect.Method.invoke(Native Method)
05-17 21:32:31.792 25090 25090 E LoadedApk: 	at com.android.internal.os.RuntimeInit$MethodAndArgsCaller.run(RuntimeInit.java:592)
05-17 21:32:31.792 25090 25090 E LoadedApk: 	at com.android.internal.os.ZygoteInit.main(ZygoteInit.java:947)
05-17 21:32:32.022  1681  3004 I chatty  : uid=1000(system) Binder:1681_11 expire 2 lines
05-17 21:32:33.057  1681  3428 I chatty  : uid=1000(system) Binder:1681_15 expire 3 lines
05-17 21:32:33.559  1681  1819 I chatty  : uid=1000(system) ActivityManager expire 8 lines
05-17 21:32:33.706 25253 25253 E LoadedApk: Unable to instantiate appComponentFactory
05-17 21:32:33.706 25253 25253 E LoadedApk: java.lang.ClassNotFoundException: Didn't find class "com.honor.irportalapp.RP" on path: DexPathList[[zip file "/data/app/~~JizAQXFgM6sQJWxxUm8-MQ==/com.honor.irportalapp-PdsWP1gNxyNmliH2baZnbA==/base.apk"],nativeLibraryDirectories=[/data/app/~~JizAQXFgM6sQJWxxUm8-MQ==/com.honor.irportalapp-PdsWP1gNxyNmliH2baZnbA==/lib/arm, /data/app/~~JizAQXFgM6sQJWxxUm8-MQ==/com.honor.irportalapp-PdsWP1gNxyNmliH2baZnbA==/base.apk!/lib/armeabi-v7a, /system/lib, /system_ext/lib, /product/lib]]
05-17 21:32:33.706 25253 25253 E LoadedApk: 	at dalvik.system.BaseDexClassLoader.findClass(BaseDexClassLoader.java:207)
05-17 21:32:33.706 25253 25253 E LoadedApk: 	at java.lang.ClassLoader.loadClass(ClassLoader.java:379)
05-17 21:32:33.706 25253 25253 E LoadedApk: 	at java.lang.ClassLoader.loadClass(ClassLoader.java:312)
05-17 21:32:33.706 25253 25253 E LoadedApk: 	at android.app.LoadedApk.createAppFactory(LoadedApk.java:260)
05-17 21:32:33.706 25253 25253 E LoadedApk: 	at android.app.LoadedApk.createOrUpdateClassLoaderLocked(LoadedApk.java:902)
05-17 21:32:33.706 25253 25253 E LoadedApk: 	at android.app.LoadedApk.getClassLoader(LoadedApk.java:982)
05-17 21:32:33.706 25253 25253 E LoadedApk: 	at android.app.LoadedApk.getResources(LoadedApk.java:1214)
05-17 21:32:33.706 25253 25253 E LoadedApk: 	at android.app.ContextImpl.createAppContext(ContextImpl.java:2663)
05-17 21:32:33.706 25253 25253 E LoadedApk: 	at android.app.ContextImpl.createAppContext(ContextImpl.java:2655)
05-17 21:32:33.706 25253 25253 E LoadedApk: 	at android.app.ActivityThread.handleBindApplication(ActivityThread.java:6598)
05-17 21:32:33.706 25253 25253 E LoadedApk: 	at android.app.ActivityThread.access$1300(ActivityThread.java:237)
05-17 21:32:33.706 25253 25253 E LoadedApk: 	at android.app.ActivityThread$H.handleMessage(ActivityThread.java:1913)
05-17 21:32:33.706 25253 25253 E LoadedApk: 	at android.os.Handler.dispatchMessage(Handler.java:106)
05-17 21:32:33.706 25253 25253 E LoadedApk: 	at android.os.Looper.loop(Looper.java:223)
05-17 21:32:33.706 25253 25253 E LoadedApk: 	at android.app.ActivityThread.main(ActivityThread.java:7660)
05-17 21:32:33.706 25253 25253 E LoadedApk: 	at java.lang.reflect.Method.invoke(Native Method)
05-17 21:32:33.706 25253 25253 E LoadedApk: 	at com.android.internal.os.RuntimeInit$MethodAndArgsCaller.run(RuntimeInit.java:592)
05-17 21:32:33.706 25253 25253 E LoadedApk: 	at com.android.internal.os.ZygoteInit.main(ZygoteInit.java:947)
05-17 21:32:34.977 25090 25090 E ActivityThread: Failed to find provider info for com.huawei.android.launcher.settings
05-17 21:32:35.001  1681  2636 I chatty  : uid=1000(system) Binder:1681_C expire 3 lines
05-17 21:32:35.318 15499 15667 E ActivityThread: Failed to find provider info for com.android.badge
05-17 21:32:39.432  1681  1819 I chatty  : uid=1000(system) ActivityManager expire 11 lines
05-17 21:32:39.532  1681  2128 I chatty  : uid=1000(system) ConnectivitySer expire 5 lines
05-17 21:32:39.582  1681  4241 I chatty  : uid=1000(system) Binder:1681_1E expire 1 line
05-17 21:32:39.631  1681  4236 I chatty  : uid=1000(system) Binder:1681_1B expire 2 lines
05-17 21:32:39.679  1681  1731 I chatty  : uid=1000(system) Binder:1681_2 expire 1 line
05-17 21:32:39.680  1681  2402 I chatty  : uid=1000(system) Binder:1681_8 expire 1 line
05-17 21:32:39.718  1681  1818 I chatty  : uid=1000(system) ActivityManager expire 23 lines
05-17 21:32:39.778  1681  2367 I chatty  : uid=1000(system) Binder:1681_5 expire 4 lines
05-17 21:32:40.012  1681  2415 I chatty  : uid=1000(system) Binder:1681_B expire 1 line
05-17 21:32:41.207  1681  4240 I chatty  : uid=1000(system) Binder:1681_1D expire 16 lines
05-17 21:32:41.237  1681  1681 I chatty  : uid=1000(system) Binder:1681_3 expire 22 lines
05-17 21:32:41.314  1681  4115 I chatty  : uid=1000(system) Binder:1681_17 expire 12 lines
05-17 21:32:41.360  1681 25844 I chatty  : uid=1000(system) Binder:1681_3 expire 34 lines
05-17 21:32:41.361  2567  2567 I TelecomFramework: TelephonyConnectionService: notifyCreateConnectionComplete TC@1_1: (...->CSW.hCCC)->CS.crCoC->H.CS.crCoC(cap/cast)@E-E-E-ALk
05-17 21:32:41.473  1681 25845 I chatty  : uid=1000(system) Binder:1681_3 expire 1 line
05-17 21:32:41.545  1681  3004 I chatty  : uid=1000(system) Binder:1681_11 expire 3 lines
05-17 21:32:41.883  1681  2769 I chatty  : uid=1000(system) uteStateMachine expire 21 lines
05-17 21:32:41.894  1681  2770 I chatty  : uid=1000(system) CallAudioModeSt expire 15 lines
05-17 21:32:41.951  2567  2567 I TelecomFramework: TelephonyConnectionService: onAudioStateChanged TC@1_1 [AudioState isMuted: false, route: EARPIECE, supportedRouteMask: EARPIECE, SPEAKER, activeBluetoothDevice: [null], supportedBluetoothDevices: []]: (NCSSF.aC->ICFG.sF->ICFG.sF->ICFG.sF->CARSM.pM_UPDATE_SYSTEM_AUDIO_ROUTE)->CS.cASC->H.CS.cASC(cast)@E-ALs
05-17 21:32:42.106  1681  1784 I chatty  : uid=1000(system) android.fg expire 4 lines
05-17 21:32:42.179  1681 25904 I chatty  : uid=1000(system) Binder:1681_3 expire 6 lines
05-17 21:32:42.305  1681 25865 I chatty  : uid=1000(system) Binder:1681_3 expire 2 lines
05-17 21:32:42.338  1681  2767 I chatty  : uid=1000(system) BluetoothRouteM expire 3 lines
05-17 21:32:42.354  2567  2567 I TelecomFramework: TelephonyConnectionService: onAudioStateChanged TC@1_1 [AudioState isMuted: false, route: BLUETOOTH, supportedRouteMask: EARPIECE, BLUETOOTH, SPEAKER, activeBluetoothDevice: [94:DB:56:79:B0:05], supportedBluetoothDevices: [94:DB:56:79:B0:05]]: (NCSSF.aC->ICFG.sF->ICFG.sF->ICFG.sF->CAMSM.pM_2002->CARSM.pM_SWITCH_FOCUS->CARSM.pM_BT_AUDIO_CONNECTED)->CS.cASC->H.CS.cASC(cast)@E-ALs
05-17 21:32:43.635  1681  2372 I chatty  : uid=1000(system) Binder:1681_7 expire 2 lines
05-17 21:32:44.691  1681  2771 I chatty  : uid=1000(system) ConnectionSvrFo expire 9 lines
05-17 21:32:44.692  2567  2567 I TelecomFramework: TelephonyConnectionService: answer TC@1_1: (ICA.aC->CSFM.rF)->CS.an->H.CS.an(cgad/cast)@E-AOs
05-17 21:32:44.716 25090 25090 E ActivityThread: Failed to find provider info for com.huawei.android.launcher.settings
05-17 21:32:44.756  1681  1787 I chatty  : uid=1000(system) android.display expire 2 lines
05-17 21:32:45.110  1681  1818 I chatty  : uid=1000(system) ActivityManager expire 18 lines
05-17 21:32:45.113  1681  4115 I chatty  : uid=1000(system) Binder:1681_17 expire 10 lines
05-17 21:32:45.125  1681  2415 I chatty  : uid=1000(system) Binder:1681_B expire 1 line
05-17 21:32:45.157  1681  1681 I chatty  : uid=1000(system) Binder:1681_3 expire 32 lines
05-17 21:32:45.181   995   995 I vendor.google.wifi_ext@1.0-service-vendor: Wifi: Setting SAR Scenario to 4
05-17 21:32:45.188  1681  2372 I chatty  : uid=1000(system) Binder:1681_7 expire 5 lines
05-17 21:32:45.189  1681  1819 I chatty  : uid=1000(system) ActivityManager expire 28 lines
05-17 21:32:45.196  3475  9350 I AlwaysOnHotwordDetector: onRecognitionPaused
05-17 21:32:45.238  1681  2769 I chatty  : uid=1000(system) uteStateMachine expire 8 lines
05-17 21:32:45.238  1681  2770 I chatty  : uid=1000(system) CallAudioModeSt expire 8 lines
05-17 21:32:46.771  1681  3004 I chatty  : uid=1000(system) Binder:1681_11 expire 2 lines
05-17 21:32:46.778  1681  2636 I chatty  : uid=1000(system) Binder:1681_C expire 9 lines
05-17 21:32:46.787  1681  2984 I chatty  : uid=1000(system) Binder:1681_E expire 1 line
05-17 21:32:52.704  1681  1784 I chatty  : uid=1000(system) android.fg expire 5 lines
05-17 21:32:53.312  1681  4240 I chatty  : uid=1000(system) Binder:1681_1D expire 20 lines
05-17 21:32:55.270  1681  2128 I chatty  : uid=1000(system) ConnectivitySer expire 4 lines
05-17 21:32:57.959  2567  2567 I TelecomFramework: TelephonyConnectionService: disconnect TC@1_1: (ICA.dC)->CS.d->H.CS.d(cgad/cast)@E-ATI
05-17 21:32:58.620  1681  1818 I chatty  : uid=1000(system) ActivityManager expire 29 lines
05-17 21:32:58.621  1681  2767 I chatty  : uid=1000(system) BluetoothRouteM expire 1 line
05-17 21:32:58.622  1681 26357 I chatty  : uid=1000(system) Binder:1681_3 expire 1 line
05-17 21:32:58.653   995   995 I vendor.google.wifi_ext@1.0-service-vendor: Wifi: Setting SAR Scenario to 3
05-17 21:32:58.784  1681  3418 I chatty  : uid=1000(system) Binder:1681_12 expire 1 line
05-17 21:32:58.894  1681  4115 I chatty  : uid=1000(system) Binder:1681_17 expire 1 line
05-17 21:32:59.207  1681  2369 I chatty  : uid=1000(system) Binder:1681_6 expire 2 lines
05-17 21:32:59.365  1681  1785 I chatty  : uid=1000(system) android.ui expire 1 line
05-17 21:32:59.502  1681  4129 I chatty  : uid=1000(system) Binder:1681_19 expire 1 line
05-17 21:32:59.763  1681  4241 I chatty  : uid=1000(system) Binder:1681_1E expire 1 line
05-17 21:32:59.764  1681  3430 I chatty  : uid=1000(system) Binder:1681_16 expire 6 lines
05-17 21:33:00.022  3475  9350 I AlwaysOnHotwordDetector: onRecognitionResumed
05-17 21:33:00.034  1681  2769 I chatty  : uid=1000(system) uteStateMachine expire 8 lines
05-17 21:33:00.041  1681  1681 I chatty  : uid=1000(system) Binder:1681_3 expire 17 lines
05-17 21:33:00.127  1681  2770 I chatty  : uid=1000(system) CallAudioModeSt expire 2 lines
05-17 21:33:00.131  1681  2767 I chatty  : uid=1000(system) BluetoothRouteM expire 2 lines
05-17 21:33:00.345  1681  1818 I chatty  : uid=1000(system) ActivityManager expire 16 lines
05-17 21:33:00.512  1681  2369 I chatty  : uid=1000(system) Binder:1681_6 expire 10 lines
05-17 21:33:00.512  1681  2128 I chatty  : uid=1000(system) ConnectivitySer expire 19 lines
05-17 21:33:00.687  1681  2637 I chatty  : uid=1000(system) Binder:1681_D expire 3 lines
05-17 21:33:00.782  1681  1819 I chatty  : uid=1000(system) ActivityManager expire 10 lines
05-17 21:33:00.784  1681  4241 I chatty  : uid=1000(system) Binder:1681_1E expire 6 lines
05-17 21:33:01.148  1681  4115 I chatty  : uid=1000(system) Binder:1681_17 expire 2 lines
05-17 21:33:01.342  1681  2985 I chatty  : uid=1000(system) Binder:1681_F expire 10 lines
05-17 21:33:01.722  1681  3418 I chatty  : uid=1000(system) Binder:1681_12 expire 3 lines
05-17 21:33:01.826  1681  4129 I chatty  : uid=1000(system) Binder:1681_19 expire 3 lines
05-17 21:33:02.253  1681  4236 I chatty  : uid=1000(system) Binder:1681_1B expire 1 line
05-17 21:33:05.612  1681  2372 I chatty  : uid=1000(system) Binder:1681_7 expire 2 lines
05-17 21:33:06.778  1681  4130 I chatty  : uid=1000(system) Binder:1681_1A expire 1 line
05-17 21:33:08.777 25090 25090 E ActivityThread: Failed to find provider info for com.huawei.android.launcher.settings
05-17 21:33:09.694 25090 25090 E ActivityThread: Failed to find provider info for com.huawei.android.launcher.settings
05-17 21:33:09.709 25090 25090 E ActivityThread: Failed to find provider info for com.huawei.android.launcher.settings
05-17 21:33:13.030  1681  1787 I chatty  : uid=1000(system) android.display expire 2 lines
05-17 21:33:13.317  1681  2411 I chatty  : uid=1000(system) Binder:1681_A expire 5 lines
05-17 21:33:14.012 27071 27071 E ActivityThread: Failed to find provider info for com.tencent.mm.coolassist.debugprovider
05-17 21:33:15.772 27183 27183 E ActivityThread: Failed to find provider info for com.tencent.mm.coolassist.debugprovider
05-17 21:33:19.371  1681  1819 I chatty  : uid=1000(system) ActivityManager expire 12 lines
05-17 21:33:19.717 27183 27482 W FileUtils: Failed to chmod(/data/user/0/com.tencent.mobileqq/app_tbs): android.system.ErrnoException: chmod failed: EACCES (Permission denied)
05-17 21:33:19.720 27183 27482 W FileUtils: Failed to chmod(/data/user/0/com.tencent.mobileqq/app_tbs_common_share): android.system.ErrnoException: chmod failed: EACCES (Permission denied)
05-17 21:33:20.204 27460 27460 E ActivityThread: Failed to find provider info for com.tencent.mm.coolassist.debugprovider
05-17 21:33:21.297  1681  1681 I chatty  : uid=1000(system) Binder:1681_3 expire 10 lines
05-17 21:33:21.435  1681  2128 I chatty  : uid=1000(system) ConnectivitySer expire 9 lines
05-17 21:33:28.804  1681  1938 I chatty  : uid=1000(system) PackageManager expire 5 lines
05-17 21:33:33.603  1681  2989 I chatty  : uid=1000(system) Binder:1681_10 expire 12 lines
05-17 21:33:33.676  1681  1854 I chatty  : uid=1000(system) batterystats-wo expire 2 lines
05-17 21:33:34.564  1681  2984 I chatty  : uid=1000(system) Binder:1681_E expire 2 lines
05-17 21:33:36.809  1681  4247 I chatty  : uid=1000(system) Binder:1681_21 expire 1 line
05-17 21:33:38.637  1681  3428 I chatty  : uid=1000(system) Binder:1681_15 expire 2 lines
05-17 21:33:38.862  1681  2367 I chatty  : uid=1000(system) Binder:1681_5 expire 9 lines
05-17 21:33:44.788  1681  2139 I chatty  : uid=1000(system) Binder:1681_4 expire 6 lines
05-17 21:33:46.753 27940 28018 E ActivityThread: Failed to find provider info for com.vivo.push.sdk.service.SystemPushConfig
05-17 21:33:52.740  1681  2128 I chatty  : uid=1000(system) ConnectivitySer expire 22 lines
05-17 21:33:53.198  1681  4129 I chatty  : uid=1000(system) Binder:1681_19 expire 8 lines
05-17 21:33:53.199  1681  1819 I chatty  : uid=1000(system) ActivityManager expire 10 lines
05-17 21:33:53.527  1681  2367 I chatty  : uid=1000(system) Binder:1681_5 expire 2 lines
05-17 21:33:53.607  1681  2985 I chatty  : uid=1000(system) Binder:1681_F expire 2 lines
05-17 21:33:54.610  1681  1818 I chatty  : uid=1000(system) ActivityManager expire 7 lines
05-17 21:33:54.958  1681  3418 I chatty  : uid=1000(system) Binder:1681_12 expire 7 lines
05-17 21:33:55.671  1681  2989 I chatty  : uid=1000(system) Binder:1681_10 expire 4 lines
05-17 21:33:59.210 28456 28572 W FileUtils: Failed to chmod(/data/user/0/com.tencent.mm/app_tbs): android.system.ErrnoException: chmod failed: EACCES (Permission denied)
05-17 21:33:59.345 28456 28572 W FileUtils: Failed to chmod(/data/user/0/com.tencent.mobileqq/app_tbs): android.system.ErrnoException: chmod failed: EACCES (Permission denied)
05-17 21:34:00.571 28456 28489 E ActivityThread: Failed to find provider info for com.android.badge
05-17 21:34:01.991 28456 28508 W FileUtils: Failed to chmod(/data/user/0/com.tencent.mm/app_tbs): android.system.ErrnoException: chmod failed: EACCES (Permission denied)
05-17 21:34:02.053 28456 28508 W FileUtils: Failed to chmod(/data/user/0/com.tencent.mobileqq/app_tbs): android.system.ErrnoException: chmod failed: EACCES (Permission denied)
05-17 21:34:06.646  1681  2636 I chatty  : uid=1000(system) Binder:1681_C expire 2 lines
05-17 21:34:09.001  1681  1681 I chatty  : uid=1000(system) Binder:1681_3 expire 12 lines
05-17 21:34:10.701  1681  4247 I chatty  : uid=1000(system) Binder:1681_21 expire 1 line
05-17 21:34:10.703  1681  1938 I chatty  : uid=1000(system) PackageManager expire 2 lines
05-17 21:34:10.778  1681  2637 I chatty  : uid=1000(system) Binder:1681_D expire 1 line
05-17 21:34:10.784  1681  4241 I chatty  : uid=1000(system) Binder:1681_1E expire 2 lines
05-17 21:34:10.826  1681  1784 I chatty  : uid=1000(system) android.fg expire 9 lines
05-17 21:34:10.827  1681  1787 I chatty  : uid=1000(system) android.display expire 4 lines
05-17 21:34:10.832  1681  1785 I chatty  : uid=1000(system) android.ui expire 1 line
05-17 21:34:10.848  1681  1854 I chatty  : uid=1000(system) batterystats-wo expire 67 lines
05-17 21:34:22.938  1681  4245 I chatty  : uid=1000(system) Binder:1681_20 expire 4 lines
05-17 21:34:34.849  1681  4115 I chatty  : uid=1000(system) Binder:1681_17 expire 5 lines
05-17 21:34:53.060  1681  2372 I chatty  : uid=1000(system) Binder:1681_7 expire 1 line
05-17 21:34:53.073  1681  1730 I chatty  : uid=1000(system) Binder:1681_1 expire 2 lines
05-17 21:35:07.025  1681  2098 I chatty  : uid=1000(system) InputReader expire 2 lines
05-17 21:35:07.029  1681  1920 I chatty  : uid=1000(system) PowerManagerSer expire 14 lines
05-17 21:35:08.696  1681  2401 I chatty  : uid=1000(system) HwBinder:1681_4 expire 1 line
05-17 21:35:22.980  1681  2402 I chatty  : uid=1000(system) Binder:1681_8 expire 2 lines
05-17 21:35:34.527  1681  1854 I chatty  : uid=1000(system) batterystats-wo expire 156 lines
05-17 21:35:44.667  1681  2139 I chatty  : uid=1000(system) Binder:1681_4 expire 1 line
05-17 21:35:44.669  1681  1819 I chatty  : uid=1000(system) ActivityManager expire 2 lines
05-17 21:35:45.025  1681  4245 I chatty  : uid=1000(system) Binder:1681_20 expire 1 line
05-17 21:35:45.124  1681  2989 I chatty  : uid=1000(system) Binder:1681_10 expire 4 lines
05-17 21:35:45.124  1681  4236 I chatty  : uid=1000(system) Binder:1681_1B expire 5 lines
05-17 21:35:45.125  1681  2128 I chatty  : uid=1000(system) ConnectivitySer expire 5 lines
05-17 21:35:53.112  1681  3418 I chatty  : uid=1000(system) Binder:1681_12 expire 1 line
05-17 21:36:57.670  1681  1681 I chatty  : uid=1000(system) Binder:1681_3 expire 5 lines
05-17 21:36:57.903  1681  1787 I chatty  : uid=1000(system) android.display expire 2 lines
05-17 21:36:58.008  1681  1920 I chatty  : uid=1000(system) PowerManagerSer expire 19 lines
05-17 21:36:58.017  1681  1854 I chatty  : uid=1000(system) batterystats-wo expire 79 lines
05-17 21:36:58.032  1681  2402 I chatty  : uid=1000(system) Binder:1681_8 expire 1 line
05-17 21:36:58.057  1681  1787 I chatty  : uid=1000(system) android.display expire 5 lines
05-17 21:36:58.088  1681  4244 I chatty  : uid=1000(system) Binder:1681_1F expire 1 line
05-17 21:36:58.296  1681  1784 I chatty  : uid=1000(system) android.fg expire 13 lines
05-17 21:36:58.326  1681  1681 I chatty  : uid=1000(system) Binder:1681_3 expire 12 lines
05-17 21:36:58.332  1681  3004 I chatty  : uid=1000(system) Binder:1681_11 expire 2 lines
05-17 21:36:58.419  1681  1818 I chatty  : uid=1000(system) ActivityManager expire 19 lines
05-17 21:36:58.506  1681  4115 I chatty  : uid=1000(system) Binder:1681_17 expire 1 line
05-17 21:36:58.824  1681  2985 I chatty  : uid=1000(system) Binder:1681_F expire 2 lines
05-17 21:36:58.999  1681  2401 I chatty  : uid=1000(system) HwBinder:1681_4 expire 2 lines
05-17 21:36:59.025 28456 28567 E ActivityThread: Failed to find provider info for com.android.badge
05-17 21:37:00.020  1681  4237 I chatty  : uid=1000(system) Binder:1681_1C expire 2 lines
05-17 21:37:00.028  1681  1731 I chatty  : uid=1000(system) Binder:1681_2 expire 6 lines
05-17 21:37:01.758  1681  4240 I chatty  : uid=1000(system) Binder:1681_1D expire 1 line
05-17 21:37:01.765  1681  3418 I chatty  : uid=1000(system) Binder:1681_12 expire 4 lines
05-17 21:37:02.005  1681  1819 I chatty  : uid=1000(system) ActivityManager expire 2 lines
05-17 21:37:04.237  1681  2128 I chatty  : uid=1000(system) ConnectivitySer expire 2 lines
05-17 21:37:04.630  1681  2098 I chatty  : uid=1000(system) InputReader expire 2 lines
05-17 21:37:16.612  1681  1854 I chatty  : uid=1000(system) batterystats-wo expire 68 lines
05-17 21:37:16.644  1681  1920 I chatty  : uid=1000(system) PowerManagerSer expire 8 lines
05-17 21:37:16.645  1681  1787 I chatty  : uid=1000(system) android.display expire 4 lines
05-17 21:37:19.961  1681  3418 I chatty  : uid=1000(system) Binder:1681_12 expire 1 line
05-17 21:37:20.039  1681  3430 I chatty  : uid=1000(system) Binder:1681_16 expire 1 line
05-17 21:37:20.039  1681  2367 I chatty  : uid=1000(system) Binder:1681_5 expire 1 line
05-17 21:37:20.040  1681  2128 I chatty  : uid=1000(system) ConnectivitySer expire 5 lines
05-17 21:37:21.936  1681  1817 I chatty  : uid=1000(system) android.bg expire 2 lines
05-17 21:37:30.362  1681  2406 I chatty  : uid=1000(system) Binder:1681_9 expire 3 lines
05-17 21:37:30.394  1681  1818 I chatty  : uid=1000(system) ActivityManager expire 21 lines
05-17 21:37:30.464  1681  1681 I chatty  : uid=1000(system) Binder:1681_3 expire 8 lines
05-17 21:37:30.515  1681  1784 I chatty  : uid=1000(system) android.fg expire 5 lines
05-17 21:37:30.539  1681  3426 I chatty  : uid=1000(system) Binder:1681_14 expire 7 lines
05-17 21:37:30.688  1681  2411 I chatty  : uid=1000(system) Binder:1681_A expire 8 lines
05-17 21:37:31.484  1681  2636 I chatty  : uid=1000(system) Binder:1681_C expire 1 line
05-17 21:37:31.523  1681  2401 I chatty  : uid=1000(system) HwBinder:1681_4 expire 1 line
05-17 21:37:34.807  1681  1819 I chatty  : uid=1000(system) ActivityManager expire 10 lines
05-17 21:37:34.991  1681  2637 I chatty  : uid=1000(system) Binder:1681_D expire 5 lines
05-17 21:37:35.208 29834 29834 D ActivityThread: Loading provider com.huawei.welink.LoginInfoProvider: com.huawei.it.w3m.core.login.info.LoginInfoProvider
05-17 21:37:36.058  1681  2985 I chatty  : uid=1000(system) Binder:1681_F expire 5 lines
05-17 21:37:43.299  1681  4127 I chatty  : uid=1000(system) Binder:1681_18 expire 10 lines
05-17 21:37:47.210  1681  2985 I chatty  : uid=1000(system) Binder:1681_F expire 2 lines
05-17 21:37:47.233  1681  1818 I chatty  : uid=1000(system) ActivityManager expire 4 lines
05-17 21:37:47.812  1681  2637 I chatty  : uid=1000(system) Binder:1681_D expire 10 lines
05-17 21:37:47.870  1681  2128 I chatty  : uid=1000(system) ConnectivitySer expire 13 lines
05-17 21:37:49.502  1681  1854 I chatty  : uid=1000(system) batterystats-wo expire 46 lines
05-17 21:37:50.270  1681  2411 I chatty  : uid=1000(system) Binder:1681_A expire 3 lines
05-17 21:37:50.483  1681  1784 I chatty  : uid=1000(system) android.fg expire 11 lines
05-17 21:37:52.539  1681  1785 I chatty  : uid=1000(system) android.ui expire 2 lines
05-17 21:37:52.540  1681  1819 I chatty  : uid=1000(system) ActivityManager expire 16 lines
05-17 21:37:53.005  1681  2406 I chatty  : uid=1000(system) Binder:1681_9 expire 4 lines
05-17 21:37:53.062 30460 30488 D ScreenshotSmartActions: Screenshot from user profile: 0
05-17 21:37:53.538 30460 30488 D ScreenshotSmartActions: Got 0 smart actions. Wait time: 125 ms
05-17 21:37:55.800  1681  2636 I chatty  : uid=1000(system) Binder:1681_C expire 4 lines
05-17 21:37:59.051  1681  4127 I chatty  : uid=1000(system) Binder:1681_18 expire 4 lines
05-17 21:38:05.914  1681  2367 I chatty  : uid=1000(system) Binder:1681_5 expire 11 lines
05-17 21:38:05.925  1681  3004 I chatty  : uid=1000(system) Binder:1681_11 expire 9 lines
05-17 21:38:22.117  1681  3430 I chatty  : uid=1000(system) Binder:1681_16 expire 1 line
05-17 21:38:23.169  1681  1730 I chatty  : uid=1000(system) Binder:1681_1 expire 4 lines
05-17 21:38:30.088 31115 31190 E ActivityThread: Failed to find provider info for com.vivo.push.sdk.service.SystemPushConfig
05-17 21:38:44.456  1681  2369 I chatty  : uid=1000(system) Binder:1681_6 expire 1 line
05-17 21:38:54.580  1681  1681 I chatty  : uid=1000(system) Binder:1681_3 expire 1 line
05-17 21:39:29.291  1681  2984 I chatty  : uid=1000(system) Binder:1681_E expire 2 lines
05-17 21:39:29.292  1681  2128 I chatty  : uid=1000(system) ConnectivitySer expire 3 lines
05-17 21:39:34.204  1681  2139 I chatty  : uid=1000(system) Binder:1681_4 expire 1 line
05-17 21:39:36.967  1681  4240 I chatty  : uid=1000(system) Binder:1681_1D expire 1 line
05-17 21:39:37.020  1681  2402 I chatty  : uid=1000(system) Binder:1681_8 expire 1 line
05-17 21:39:37.020  1681  4129 I chatty  : uid=1000(system) Binder:1681_19 expire 1 line
05-17 21:39:51.070  1681  4115 I chatty  : uid=1000(system) Binder:1681_17 expire 3 lines
05-17 21:39:51.240  1681  4127 I chatty  : uid=1000(system) Binder:1681_18 expire 5 lines
05-17 21:40:00.335  1681  4244 I chatty  : uid=1000(system) Binder:1681_1F expire 3 lines
05-17 21:40:04.628  1681  1784 I chatty  : uid=1000(system) android.fg expire 13 lines
05-17 21:40:07.985  1681  4130 I chatty  : uid=1000(system) Binder:1681_1A expire 1 line
05-17 21:40:08.027  1681  1681 I chatty  : uid=1000(system) Binder:1681_3 expire 22 lines
05-17 21:40:08.049  1681  3418 I chatty  : uid=1000(system) Binder:1681_12 expire 1 line
05-17 21:40:14.918  1681  4240 I chatty  : uid=1000(system) Binder:1681_1D expire 3 lines
05-17 21:40:17.501  1681  2406 I chatty  : uid=1000(system) Binder:1681_9 expire 20 lines
05-17 21:40:20.457  1681  2989 I chatty  : uid=1000(system) Binder:1681_10 expire 1 line
05-17 21:40:21.960  1681  2128 I chatty  : uid=1000(system) ConnectivitySer expire 6 lines
05-17 21:41:15.101  1681  1730 I chatty  : uid=1000(system) Binder:1681_1 expire 14 lines
05-17 21:41:54.991  1681  3428 I chatty  : uid=1000(system) Binder:1681_15 expire 3 lines
05-17 21:42:11.065  1681  3004 I chatty  : uid=1000(system) Binder:1681_11 expire 10 lines
05-17 21:42:49.973  1681  2139 I chatty  : uid=1000(system) Binder:1681_4 expire 1 line
05-17 21:42:56.331  1681  1854 I chatty  : uid=1000(system) batterystats-wo expire 29 lines
05-17 21:42:57.329  1681  4129 I chatty  : uid=1000(system) Binder:1681_19 expire 5 lines
05-17 21:42:57.346  1681  2637 I chatty  : uid=1000(system) Binder:1681_D expire 2 lines
05-17 21:43:00.128  1681  1731 I chatty  : uid=1000(system) Binder:1681_2 expire 6 lines
05-17 21:43:27.254  1681  2369 I chatty  : uid=1000(system) Binder:1681_6 expire 6 lines
05-17 21:43:27.273  1681  2367 I chatty  : uid=1000(system) Binder:1681_5 expire 5 lines
05-17 21:43:55.490  1681  1818 I chatty  : uid=1000(system) ActivityManager expire 6 lines
05-17 21:44:12.501  3475  6787 I AlwaysOnHotwordDetector: onDetected
05-17 21:44:42.986  1681  1819 I chatty  : uid=1000(system) ActivityManager expire 2 lines
05-17 21:44:48.284  1681  4241 I chatty  : uid=1000(system) Binder:1681_1E expire 2 lines
05-17 21:45:09.073  1681  1730 I chatty  : uid=1000(system) Binder:1681_1 expire 1 line
05-17 21:45:30.538  1681  1681 I chatty  : uid=1000(system) Binder:1681_3 expire 14 lines
05-17 21:45:52.475  1681  4247 I chatty  : uid=1000(system) Binder:1681_21 expire 5 lines
05-17 21:45:56.747  1681  1784 I chatty  : uid=1000(system) android.fg expire 10 lines
05-17 21:46:02.107  1681  2637 I chatty  : uid=1000(system) Binder:1681_D expire 2 lines
05-17 21:46:02.123  1681  2406 I chatty  : uid=1000(system) Binder:1681_9 expire 6 lines
05-17 21:46:33.422  1681  4240 I chatty  : uid=1000(system) Binder:1681_1D expire 5 lines
05-17 21:47:09.117  1681  2369 I chatty  : uid=1000(system) Binder:1681_6 expire 6 lines
05-17 21:47:09.290  1681  3418 I chatty  : uid=1000(system) Binder:1681_12 expire 5 lines
05-17 21:47:13.566  1681  1819 I chatty  : uid=1000(system) ActivityManager expire 10 lines
05-17 21:47:14.969  1681  3004 I chatty  : uid=1000(system) Binder:1681_11 expire 3 lines
05-17 21:47:15.532  1681  3428 I chatty  : uid=1000(system) Binder:1681_15 expire 16 lines
05-17 21:47:19.275  1681  1854 I chatty  : uid=1000(system) batterystats-wo expire 39 lines
05-17 21:47:19.361  1681  1817 I chatty  : uid=1000(system) android.bg expire 3 lines
05-17 21:47:20.496  1681  2128 I chatty  : uid=1000(system) ConnectivitySer expire 11 lines
05-17 21:47:20.696  1681  1818 I chatty  : uid=1000(system) ActivityManager expire 3 lines
05-17 21:47:27.836  3362  3943 W FileUtils: Failed to chmod(/data/user/0/com.tencent.mm/app_tbs): android.system.ErrnoException: chmod failed: EACCES (Permission denied)
05-17 21:47:27.836  3362  3943 W FileUtils: Failed to chmod(/data/user/0/com.tencent.mm/app_tbs_common_share): android.system.ErrnoException: chmod failed: EACCES (Permission denied)
05-17 21:47:30.243  1681  4115 I chatty  : uid=1000(system) Binder:1681_17 expire 2 lines
05-17 21:47:30.243  1681  4245 I chatty  : uid=1000(system) Binder:1681_20 expire 2 lines
05-17 21:47:33.074  1681  1787 I chatty  : uid=1000(system) android.display expire 2 lines
05-17 21:47:33.293  4243  4243 E LoadedApk: Unable to instantiate appComponentFactory
05-17 21:47:33.293  4243  4243 E LoadedApk: java.lang.ClassNotFoundException: Didn't find class "android.support.v4.app.CoreComponentFactory" on path: DexPathList[[zip file "/data/app/~~b1CrgLsS814eB-5rNGrkzw==/com.bilibili.app.in-ZwePhLHyZH7PpMAioyXKAA==/base.apk", zip file "/data/app/~~b1CrgLsS814eB-5rNGrkzw==/com.bilibili.app.in-ZwePhLHyZH7PpMAioyXKAA==/split_config.arm64_v8a.apk", zip file "/data/app/~~b1CrgLsS814eB-5rNGrkzw==/com.bilibili.app.in-ZwePhLHyZH7PpMAioyXKAA==/split_config.en.apk", zip file "/data/app/~~b1CrgLsS814eB-5rNGrkzw==/com.bilibili.app.in-ZwePhLHyZH7PpMAioyXKAA==/split_config.ja.apk", zip file "/data/app/~~b1CrgLsS814eB-5rNGrkzw==/com.bilibili.app.in-ZwePhLHyZH7PpMAioyXKAA==/split_config.xxhdpi.apk", zip file "/data/app/~~b1CrgLsS814eB-5rNGrkzw==/com.bilibili.app.in-ZwePhLHyZH7PpMAioyXKAA==/split_config.zh.apk"],nativeLibraryDirectories=[/data/app/~~b1CrgLsS814eB-5rNGrkzw==/com.bilibili.app.in-ZwePhLHyZH7PpMAioyXKAA==/lib/arm64, /data/app/~~b1CrgLsS814eB-5rNGrkzw==/com.bilibili.app.in-ZwePhLHyZH7PpMAioyXKAA==/base.apk!/lib/arm64-v8a, /data/app/~~b1CrgLsS814eB-5rNGrkzw==/com.bilibili.app.in-ZwePhLHyZH7PpMAioyXKAA==/split_config.arm64_v8a.apk!/lib/arm64-v8a, /data/app/~~b1CrgLsS814eB-5rNGrkzw==/com.bilibili.app.in-ZwePhLHyZH7PpMAioyXKAA==/split_config.en.apk!/lib/arm64-v8a, /data/app/~~b1CrgLsS814eB-5rNGrkzw==/com.bilibili.app.in-ZwePhLHyZH7PpMAioyXKAA==/split_config.ja.apk!/lib/arm64-v8a, /data/app/~~b1CrgLsS814eB-5rNGrkzw==/com.bilibili.app.in-ZwePhLHyZH7PpMAioyXKAA==/split_config.xxhdpi.apk!/lib/arm64-v8a, /data/app/~~b1CrgLsS814eB-5rNGrkzw==/com.bilibili.app.in-ZwePhLHyZH7PpMAioyXKAA==/split_config.zh.apk!/lib/arm64-v8a, /system/lib64, /system_ext/lib64, /product/lib64]]
05-17 21:47:33.293  4243  4243 E LoadedApk: 	at dalvik.system.BaseDexClassLoader.findClass(BaseDexClassLoader.java:207)
05-17 21:47:33.293  4243  4243 E LoadedApk: 	at java.lang.ClassLoader.loadClass(ClassLoader.java:379)
05-17 21:47:33.293  4243  4243 E LoadedApk: 	at java.lang.ClassLoader.loadClass(ClassLoader.java:312)
05-17 21:47:33.293  4243  4243 E LoadedApk: 	at android.app.LoadedApk.createAppFactory(LoadedApk.java:260)
05-17 21:47:33.293  4243  4243 E LoadedApk: 	at android.app.LoadedApk.createOrUpdateClassLoaderLocked(LoadedApk.java:902)
05-17 21:47:33.293  4243  4243 E LoadedApk: 	at android.app.LoadedApk.getClassLoader(LoadedApk.java:982)
05-17 21:47:33.293  4243  4243 E LoadedApk: 	at android.app.LoadedApk.getResources(LoadedApk.java:1214)
05-17 21:47:33.293  4243  4243 E LoadedApk: 	at android.app.ContextImpl.createAppContext(ContextImpl.java:2663)
05-17 21:47:33.293  4243  4243 E LoadedApk: 	at android.app.ContextImpl.createAppContext(ContextImpl.java:2655)
05-17 21:47:33.293  4243  4243 E LoadedApk: 	at android.app.ActivityThread.handleBindApplication(ActivityThread.java:6598)
05-17 21:47:33.293  4243  4243 E LoadedApk: 	at android.app.ActivityThread.access$1300(ActivityThread.java:237)
05-17 21:47:33.293  4243  4243 E LoadedApk: 	at android.app.ActivityThread$H.handleMessage(ActivityThread.java:1913)
05-17 21:47:33.293  4243  4243 E LoadedApk: 	at android.os.Handler.dispatchMessage(Handler.java:106)
05-17 21:47:33.293  4243  4243 E LoadedApk: 	at android.os.Looper.loop(Looper.java:223)
05-17 21:47:33.293  4243  4243 E LoadedApk: 	at android.app.ActivityThread.main(ActivityThread.java:7660)
05-17 21:47:33.293  4243  4243 E LoadedApk: 	at java.lang.reflect.Method.invoke(Native Method)
05-17 21:47:33.293  4243  4243 E LoadedApk: 	at com.android.internal.os.RuntimeInit$MethodAndArgsCaller.run(RuntimeInit.java:592)
05-17 21:47:33.293  4243  4243 E LoadedApk: 	at com.android.internal.os.ZygoteInit.main(ZygoteInit.java:947)
05-17 21:47:33.293  4243  4243 E LoadedApk: 	Suppressed: java.io.IOException: No original dex files found for dex location (arm64) /data/app/~~b1CrgLsS814eB-5rNGrkzw==/com.bilibili.app.in-ZwePhLHyZH7PpMAioyXKAA==/split_config.arm64_v8a.apk
05-17 21:47:33.293  4243  4243 E LoadedApk: 		at dalvik.system.DexFile.openDexFileNative(Native Method)
05-17 21:47:33.293  4243  4243 E LoadedApk: 		at dalvik.system.DexFile.openDexFile(DexFile.java:367)
05-17 21:47:33.293  4243  4243 E LoadedApk: 		at dalvik.system.DexFile.<init>(DexFile.java:109)
05-17 21:47:33.293  4243  4243 E LoadedApk: 		at dalvik.system.DexFile.<init>(DexFile.java:82)
05-17 21:47:33.293  4243  4243 E LoadedApk: 		at dalvik.system.DexPathList.loadDexFile(DexPathList.java:439)
05-17 21:47:33.293  4243  4243 E LoadedApk: 		at dalvik.system.DexPathList.makeDexElements(DexPathList.java:398)
05-17 21:47:33.293  4243  4243 E LoadedApk: 		at dalvik.system.DexPathList.<init>(DexPathList.java:166)
05-17 21:47:33.293  4243  4243 E LoadedApk: 		at dalvik.system.BaseDexClassLoader.<init>(BaseDexClassLoader.java:129)
05-17 21:47:33.293  4243  4243 E LoadedApk: 		at dalvik.system.BaseDexClassLoader.<init>(BaseDexClassLoader.java:104)
05-17 21:47:33.293  4243  4243 E LoadedApk: 		at dalvik.system.PathClassLoader.<init>(PathClassLoader.java:74)
05-17 21:47:33.293  4243  4243 E LoadedApk: 		at com.android.internal.os.ClassLoaderFactory.createClassLoader(ClassLoaderFactory.java:87)
05-17 21:47:33.293  4243  4243 E LoadedApk: 		at com.android.internal.os.ClassLoaderFactory.createClassLoader(ClassLoaderFactory.java:116)
05-17 21:47:33.293  4243  4243 E LoadedApk: 		at android.app.ApplicationLoaders.getClassLoader(ApplicationLoaders.java:114)
05-17 21:47:33.293  4243  4243 E LoadedApk: 		at android.app.ApplicationLoaders.getClassLoaderWithSharedLibraries(ApplicationLoaders.java:60)
05-17 21:47:33.293  4243  4243 E LoadedApk: 		at android.app.LoadedApk.createOrUpdateClassLoaderLocked(LoadedApk.java:898)
05-17 21:47:33.293  4243  4243 E LoadedApk: 		... 13 more
05-17 21:47:33.293  4243  4243 E LoadedApk: 	Suppressed: java.io.IOException: No original dex files found for dex location (arm64) /data/app/~~b1CrgLsS814eB-5rNGrkzw==/com.bilibili.app.in-ZwePhLHyZH7PpMAioyXKAA==/split_config.en.apk
05-17 21:47:33.293  4243  4243 E LoadedApk: 		at dalvik.system.DexFile.openDexFileNative(Native Method)
05-17 21:47:33.293  4243  4243 E LoadedApk: 		at dalvik.system.DexFile.openDexFile(DexFile.java:367)
05-17 21:47:33.293  4243  4243 E LoadedApk: 		at dalvik.system.DexFile.<init>(DexFile.java:109)
05-17 21:47:33.293  4243  4243 E LoadedApk: 		at dalvik.system.DexFile.<init>(DexFile.java:82)
05-17 21:47:33.293  4243  4243 E LoadedApk: 		at dalvik.system.DexPathList.loadDexFile(DexPathList.java:439)
05-17 21:47:33.293  4243  4243 E LoadedApk: 		at dalvik.system.DexPathList.makeDexElements(DexPathList.java:398)
05-17 21:47:33.293  4243  4243 E LoadedApk: 		at dalvik.system.DexPathList.<init>(DexPathList.java:166)
05-17 21:47:33.293  4243  4243 E LoadedApk: 		at dalvik.system.BaseDexClassLoader.<init>(BaseDexClassLoader.java:129)
05-17 21:47:33.293  4243  4243 E LoadedApk: 		at dalvik.system.BaseDexClassLoader.<init>(BaseDexClassLoader.java:104)
05-17 21:47:33.293  4243  4243 E LoadedApk: 		at dalvik.system.PathClassLoader.<init>(PathClassLoader.java:74)
05-17 21:47:33.293  4243  4243 E LoadedApk: 		at com.android.internal.os.ClassLoaderFactory.createClassLoader(ClassLoaderFactory.java:87)
05-17 21:47:33.293  4243  4243 E LoadedApk: 		at com.android.internal.os.ClassLoaderFactory.createClassLoader(ClassLoaderFactory.java:116)
05-17 21:47:33.293  4243  4243 E LoadedApk: 		at android.app.ApplicationLoaders.getClassLoader(ApplicationLoaders.java:114)
05-17 21:47:33.293  4243  4243 E LoadedApk: 		at android.app.ApplicationLoaders.getClassLoaderWithSharedLibraries(ApplicationLoaders.java:60)
05-17 21:47:33.293  4243  4243 E LoadedApk: 		at android.app.LoadedApk.createOrUpdateClassLoaderLocked(LoadedApk.java:898)
05-17 21:47:33.293  4243  4243 E LoadedApk: 		... 13 more
05-17 21:47:33.293  4243  4243 E LoadedApk: 	Suppressed: java.io.IOException: No original dex files found for dex location (arm64) /data/app/~~b1CrgLsS814eB-5rNGrkzw==/com.bilibili.app.in-ZwePhLHyZH7PpMAioyXKAA==/split_config.ja.apk
05-17 21:47:33.293  4243  4243 E LoadedApk: 		at dalvik.system.DexFile.openDexFileNative(Native Method)
05-17 21:47:33.293  4243  4243 E LoadedApk: 		at dalvik.system.DexFile.openDexFile(DexFile.java:367)
05-17 21:47:33.293  4243  4243 E LoadedApk: 		at dalvik.system.DexFile.<init>(DexFile.java:109)
05-17 21:47:33.293  4243  4243 E LoadedApk: 		at dalvik.system.DexFile.<init>(DexFile.java:82)
05-17 21:47:33.293  4243  4243 E LoadedApk: 		at dalvik.system.DexPathList.loadDexFile(DexPathList.java:439)
05-17 21:47:33.293  4243  4243 E LoadedApk: 		at dalvik.system.DexPathList.makeDexElements(DexPathList.java:398)
05-17 21:47:33.293  4243  4243 E LoadedApk: 		at dalvik.system.DexPathList.<init>(DexPathList.java:166)
05-17 21:47:33.293  4243  4243 E LoadedApk: 		at dalvik.system.BaseDexClassLoader.<init>(BaseDexClassLoader.java:129)
05-17 21:47:33.293  4243  4243 E LoadedApk: 		at dalvik.system.BaseDexClassLoader.<init>(BaseDexClassLoader.java:104)
05-17 21:47:33.293  4243  4243 E LoadedApk: 		at dalvik.system.PathClassLoader.<init>(PathClassLoader.java:74)
05-17 21:47:33.293  4243  4243 E LoadedApk: 		at com.android.internal.os.ClassLoaderFactory.createClassLoader(ClassLoaderFactory.java:87)
05-17 21:47:33.293  4243  4243 E LoadedApk: 		at com.android.internal.os.ClassLoaderFactory.createClassLoader(ClassLoaderFactory.java:116)
05-17 21:47:33.293  4243  4243 E LoadedApk: 		at android.app.ApplicationLoaders.getClassLoader(ApplicationLoaders.java:114)
