05-17 22:46:49.446  1681  1681 D CompatibilityChangeReporter: Compat change id reported: 135634846; UID 10253; state: DISABLED
05-17 22:46:49.447  1681  1819 D CompatibilityChangeReporter: Compat change id reported: 143937733; UID 10253; state: DISABLED
05-17 22:46:49.463  1681  1819 I ActivityManager: Start proc 22482:com.eg.android.AlipayGphone/u0a253 for service {com.eg.android.AlipayGphone/com.alipay.mobile.common.job.JobService}
05-17 22:46:49.689  1681  2128 D ConnectivityService: NetReassign [no changes]
05-17 22:46:50.101  1681  2637 E PackageDexUsage: Unsupported context?
05-17 22:46:50.165  1681  2637 D CompatibilityChangeReporter: Compat change id reported: 149924527; UID 10253; state: ENABLED
05-17 22:46:50.166  1681  2637 D CompatibilityChangeReporter: Compat change id reported: 132649864; UID 10253; state: DISABLED
05-17 22:46:50.226  1681  2637 W ActivityManager: Background start not allowed: service Intent { act=push_power_save cmp=com.eg.android.AlipayGphone/com.alipay.pushsdk.push.NotificationService } to com.eg.android.AlipayGphone/com.alipay.pushsdk.push.NotificationService from pid=22482 uid=10253 pkg=com.eg.android.AlipayGphone startFg?=false
05-17 22:46:50.231  1681  2637 D CompatibilityChangeReporter: Compat change id reported: 135634846; UID 10253; state: DISABLED
05-17 22:46:50.231  1681  1819 D CompatibilityChangeReporter: Compat change id reported: 143937733; UID 10253; state: DISABLED
05-17 22:46:50.241  1681  1819 I ActivityManager: Start proc 22565:com.eg.android.AlipayGphone:push/u0a253 for service {com.eg.android.AlipayGphone/com.alipay.pushsdk.push.NotificationService}
05-17 22:46:50.796  1681  2637 W ActivityManager: Background start not allowed: service Intent { act=com.eg.android.AlipayGphone.monitor.action.UPDATE_LOG_CONTEXT pkg=com.eg.android.AlipayGphone cmp=com.eg.android.AlipayGphone/com.alipay.mobile.common.logging.process.LogServiceInPushProcess (has extras) } to com.eg.android.AlipayGphone/com.alipay.mobile.common.logging.process.LogServiceInPushProcess from pid=22482 uid=10253 pkg=com.eg.android.AlipayGphone startFg?=false
05-17 22:46:50.860  1681  4115 W ActivityManager: Background start not allowed: service Intent { act=com.eg.android.AlipayGphone.monitor.action.UPDATE_LOG_CONTEXT pkg=com.eg.android.AlipayGphone cmp=com.eg.android.AlipayGphone/com.alipay.mobile.common.logging.process.LogServiceInPushProcess (has extras) } to com.eg.android.AlipayGphone/com.alipay.mobile.common.logging.process.LogServiceInPushProcess from pid=22482 uid=10253 pkg=com.eg.android.AlipayGphone startFg?=false
05-17 22:46:50.927  1681  4115 I chatty  : uid=1000(system) Binder:1681_17 identical 1 line
05-17 22:46:50.947  1681  4115 W ActivityManager: Background start not allowed: service Intent { act=com.eg.android.AlipayGphone.monitor.action.UPDATE_LOG_CONTEXT pkg=com.eg.android.AlipayGphone cmp=com.eg.android.AlipayGphone/com.alipay.mobile.common.logging.process.LogServiceInPushProcess (has extras) } to com.eg.android.AlipayGphone/com.alipay.mobile.common.logging.process.LogServiceInPushProcess from pid=22482 uid=10253 pkg=com.eg.android.AlipayGphone startFg?=false
05-17 22:46:51.011  1681  2985 W ActivityManager: Background start not allowed: service Intent { act=com.eg.android.AlipayGphone.monitor.action.UPDATE_LOG_CONTEXT pkg=com.eg.android.AlipayGphone cmp=com.eg.android.AlipayGphone/com.alipay.mobile.common.logging.process.LogServiceInPushProcess (has extras) } to com.eg.android.AlipayGphone/com.alipay.mobile.common.logging.process.LogServiceInPushProcess from pid=22482 uid=10253 pkg=com.eg.android.AlipayGphone startFg?=false
05-17 22:46:51.044  1681  2985 W ActivityManager: Background start not allowed: service Intent { act=com.eg.android.AlipayGphone.monitor.action.UPDATE_LOG_CONTEXT pkg=com.eg.android.AlipayGphone cmp=com.eg.android.AlipayGphone/com.alipay.mobile.common.logging.process.LogServiceInPushProcess (has extras) } to com.eg.android.AlipayGphone/com.alipay.mobile.common.logging.process.LogServiceInPushProcess from pid=22482 uid=10253 pkg=com.eg.android.AlipayGphone startFg?=false
05-17 22:46:51.108  1681  2985 E PackageDexUsage: Unsupported context?
05-17 22:46:52.532  1681  4115 W AppOps  : Noting op not finished: uid 10120 pkg com.google.android.apps.scone code 79 startTime of in progress event=1621258493187
05-17 22:46:52.712  1681  2128 D ConnectivityService: NetReassign [no changes]
05-17 22:47:04.783  1681  2128 I chatty  : uid=1000(system) ConnectivitySer identical 4 lines
05-17 22:47:07.802  1681  2128 D ConnectivityService: NetReassign [no changes]
05-17 22:47:10.664  1681  1681 D TwilightService: onLocationChanged: provider=fused accuracy=164.4 time=1621262739028
05-17 22:47:10.668  1681  2637 W AppOps  : Noting op not finished: uid 10143 pkg com.google.android.gms code 79 startTime of in progress event=1621262190516
05-17 22:47:10.678  1681  1787 D ColorDisplayService: onTwilightStateChanged: isNight=true
05-17 22:47:10.694  1681  2985 W AppOps  : Noting op not finished: uid 10143 pkg com.google.android.gms code 79 startTime of in progress event=1621262830685
05-17 22:47:10.696  1681  4115 W AppOps  : Noting op not finished: uid 10143 pkg com.google.android.gms code 79 startTime of in progress event=1621262830685
05-17 22:47:10.807  1681  2128 D ConnectivityService: NetReassign [no changes]
05-17 22:47:13.699  1681  4115 I ActivityTaskManager: START u0 {dat=bilibili://video/205515874?player_height=1280&from_spmid=tm.recommend.0.0&player_preload=227703508&player_rotate=0&trackid=all_29.shylf-ai-userprofile-02.1621262729084.483&jumpFrom=7&cid=336715714&player_width=720&cover=http://i0.hdslb.com/bfs/archive/0919a74d87cf27b3676543519a1a7104c1273cfd.jpg&bili_only=1 cmp=com.bilibili.app.in/tv.danmaku.bili.ui.video.VideoDetailsActivity (has extras)} from uid 10241
05-17 22:47:13.717  1681  4115 W ActivityTaskManager: Tried to set launchTime (0) < mLastActivityLaunchTime (4634094)
05-17 22:47:13.821  1681  2128 D ConnectivityService: NetReassign [no changes]
05-17 22:47:14.030  1681  2637 W ActivityManager: Unable to start service Intent { act=com.bun.msa.action.start.service cmp=com.mdid.msa/.service.MsaKlService (has extras) } U=0: not found
05-17 22:47:14.033  1681  2637 W ActivityManager: Unable to start service Intent { act=com.bun.msa.action.bindto.service cmp=com.mdid.msa/.service.MsaIdService (has extras) } U=0: not found
05-17 22:47:15.037  1681  4115 W ActivityManager: Unable to start service Intent { act=com.bun.msa.action.start.service cmp=com.mdid.msa/.service.MsaKlService (has extras) } U=0: not found
05-17 22:47:15.038  1681  4115 W ActivityManager: Unable to start service Intent { act=com.bun.msa.action.bindto.service cmp=com.mdid.msa/.service.MsaIdService (has extras) } U=0: not found
05-17 22:47:16.834  1681  2128 D ConnectivityService: NetReassign [no changes]
05-17 22:47:19.847  1681  2128 D ConnectivityService: NetReassign [no changes]
05-17 22:47:22.869  1681  1818 W BroadcastQueue: Background execution not allowed: receiving Intent { act=android.net.wifi.RSSI_CHANGED flg=0x4000010 (has extras) } to com.tencent.androidqqmail/com.tencent.qqmail.utilities.qmbroadcastreceiver.WifiChangeReceiver
05-17 22:47:22.897  1681  2128 D ConnectivityService: NetReassign [no changes]
05-17 22:47:25.890  1681  2128 D ConnectivityService: NetReassign [no changes]
05-17 22:47:28.927  1681  1818 W BroadcastQueue: Background execution not allowed: receiving Intent { act=android.net.wifi.RSSI_CHANGED flg=0x4000010 (has extras) } to com.tencent.androidqqmail/com.tencent.qqmail.utilities.qmbroadcastreceiver.WifiChangeReceiver
05-17 22:47:28.950  1681  2128 D ConnectivityService: NetReassign [no changes]
05-17 22:48:11.247  1681  2128 I chatty  : uid=1000(system) ConnectivitySer identical 14 lines
05-17 22:48:14.272  1681  2128 D ConnectivityService: NetReassign [no changes]
05-17 22:48:15.375  1681  1854 D BatteryStatsImpl: Got freq readings for an isolated uid with no mapping: 99000
05-17 22:48:15.375  1681  1854 D BatteryStatsImpl: Got freq readings for an isolated uid with no mapping: 99001
05-17 22:48:15.376  1681  1854 D BatteryStatsImpl: Got freq readings for an isolated uid with no mapping: 99003
05-17 22:48:15.376  1681  1854 D BatteryStatsImpl: Got freq readings for an isolated uid with no mapping: 99004
05-17 22:48:15.376  1681  1854 D BatteryStatsImpl: Got freq readings for an isolated uid with no mapping: 99005
05-17 22:48:15.376  1681  1854 D BatteryStatsImpl: Got freq readings for an isolated uid with no mapping: 99006
05-17 22:48:15.376  1681  1854 D BatteryStatsImpl: Got freq readings for an isolated uid with no mapping: 99007
05-17 22:48:15.376  1681  1854 D BatteryStatsImpl: Got freq readings for an isolated uid with no mapping: 99008
05-17 22:48:15.376  1681  1854 D BatteryStatsImpl: Got freq readings for an isolated uid with no mapping: 99009
05-17 22:48:15.376  1681  1854 D BatteryStatsImpl: Got freq readings for an isolated uid with no mapping: 99010
05-17 22:48:15.376  1681  1854 D BatteryStatsImpl: Got freq readings for an isolated uid with no mapping: 99011
05-17 22:48:15.376  1681  1854 D BatteryStatsImpl: Got freq readings for an isolated uid with no mapping: 99012
05-17 22:48:15.376  1681  1854 D BatteryStatsImpl: Got freq readings for an isolated uid with no mapping: 99013
05-17 22:48:15.376  1681  1854 D BatteryStatsImpl: Got freq readings for an isolated uid with no mapping: 99014
05-17 22:48:15.376  1681  1854 D BatteryStatsImpl: Got freq readings for an isolated uid with no mapping: 99015
05-17 22:48:15.376  1681  1854 D BatteryStatsImpl: Got freq readings for an isolated uid with no mapping: 99016
05-17 22:48:15.376  1681  1854 D BatteryStatsImpl: Got freq readings for an isolated uid with no mapping: 99017
05-17 22:48:15.376  1681  1854 D BatteryStatsImpl: Got freq readings for an isolated uid with no mapping: 99018
05-17 22:48:15.378  1681  1854 W BatteryStatsImpl: Got active times for an isolated uid with no mapping: 99000
05-17 22:48:15.378  1681  1854 W BatteryStatsImpl: Got active times for an isolated uid with no mapping: 99001
05-17 22:48:15.378  1681  1854 W BatteryStatsImpl: Got active times for an isolated uid with no mapping: 99003
05-17 22:48:15.378  1681  1854 W BatteryStatsImpl: Got active times for an isolated uid with no mapping: 99004
05-17 22:48:15.378  1681  1854 W BatteryStatsImpl: Got active times for an isolated uid with no mapping: 99005
05-17 22:48:15.378  1681  1854 W BatteryStatsImpl: Got active times for an isolated uid with no mapping: 99006
05-17 22:48:15.378  1681  1854 W BatteryStatsImpl: Got active times for an isolated uid with no mapping: 99007
05-17 22:48:15.378  1681  1854 W BatteryStatsImpl: Got active times for an isolated uid with no mapping: 99008
05-17 22:48:15.378  1681  1854 W BatteryStatsImpl: Got active times for an isolated uid with no mapping: 99009
05-17 22:48:15.378  1681  1854 W BatteryStatsImpl: Got active times for an isolated uid with no mapping: 99010
05-17 22:48:15.378  1681  1854 W BatteryStatsImpl: Got active times for an isolated uid with no mapping: 99011
05-17 22:48:15.378  1681  1854 W BatteryStatsImpl: Got active times for an isolated uid with no mapping: 99012
05-17 22:48:15.378  1681  1854 W BatteryStatsImpl: Got active times for an isolated uid with no mapping: 99013
05-17 22:48:15.378  1681  1854 W BatteryStatsImpl: Got active times for an isolated uid with no mapping: 99014
05-17 22:48:15.378  1681  1854 W BatteryStatsImpl: Got active times for an isolated uid with no mapping: 99015
05-17 22:48:15.378  1681  1854 W BatteryStatsImpl: Got active times for an isolated uid with no mapping: 99016
05-17 22:48:15.378  1681  1854 W BatteryStatsImpl: Got active times for an isolated uid with no mapping: 99017
05-17 22:48:15.378  1681  1854 W BatteryStatsImpl: Got active times for an isolated uid with no mapping: 99018
05-17 22:48:15.380  1681  1854 W BatteryStatsImpl: Got cluster times for an isolated uid with no mapping: 99000
05-17 22:48:15.380  1681  1854 W BatteryStatsImpl: Got cluster times for an isolated uid with no mapping: 99001
05-17 22:48:15.380  1681  1854 W BatteryStatsImpl: Got cluster times for an isolated uid with no mapping: 99003
05-17 22:48:15.380  1681  1854 W BatteryStatsImpl: Got cluster times for an isolated uid with no mapping: 99004
05-17 22:48:15.380  1681  1854 W BatteryStatsImpl: Got cluster times for an isolated uid with no mapping: 99005
05-17 22:48:15.380  1681  1854 W BatteryStatsImpl: Got cluster times for an isolated uid with no mapping: 99006
05-17 22:48:15.380  1681  1854 W BatteryStatsImpl: Got cluster times for an isolated uid with no mapping: 99007
05-17 22:48:15.380  1681  1854 W BatteryStatsImpl: Got cluster times for an isolated uid with no mapping: 99008
05-17 22:48:15.380  1681  1854 W BatteryStatsImpl: Got cluster times for an isolated uid with no mapping: 99009
05-17 22:48:15.380  1681  1854 W BatteryStatsImpl: Got cluster times for an isolated uid with no mapping: 99010
05-17 22:48:15.380  1681  1854 W BatteryStatsImpl: Got cluster times for an isolated uid with no mapping: 99011
05-17 22:48:15.380  1681  1854 W BatteryStatsImpl: Got cluster times for an isolated uid with no mapping: 99012
05-17 22:48:15.380  1681  1854 W BatteryStatsImpl: Got cluster times for an isolated uid with no mapping: 99013
05-17 22:48:15.380  1681  1854 W BatteryStatsImpl: Got cluster times for an isolated uid with no mapping: 99014
05-17 22:48:15.380  1681  1854 W BatteryStatsImpl: Got cluster times for an isolated uid with no mapping: 99015
05-17 22:48:15.380  1681  1854 W BatteryStatsImpl: Got cluster times for an isolated uid with no mapping: 99016
05-17 22:48:15.380  1681  1854 W BatteryStatsImpl: Got cluster times for an isolated uid with no mapping: 99017
05-17 22:48:15.380  1681  1854 W BatteryStatsImpl: Got cluster times for an isolated uid with no mapping: 99018
05-17 22:48:17.295  1681  2128 D ConnectivityService: NetReassign [no changes]
05-17 22:48:20.317  1681  2128 I chatty  : uid=1000(system) ConnectivitySer identical 1 line
05-17 22:48:23.354  1681  2128 D ConnectivityService: NetReassign [no changes]
05-17 22:48:25.413  1681  2128 D ConnectivityService: reportNetworkConnectivity(101, false) by 10143
05-17 22:48:25.881  1681  1818 W BroadcastQueue: Background execution not allowed: receiving Intent { act=android.net.conn.NETWORK_CONDITIONS_MEASURED flg=0x10 (has extras) } to com.google.android.gms/.chimera.GmsIntentOperationService$PersistentTrustedReceiver
05-17 22:48:25.884  1681  2128 D ConnectivityService: [101 WIFI] validation passed
05-17 22:48:26.386  1681  2128 D ConnectivityService: NetReassign [no changes]
05-17 22:48:29.416  1681  2128 D ConnectivityService: NetReassign [no changes]
05-17 22:48:30.669  1681  1817 I UsageStatsService: User[0] Flushing usage stats to disk
05-17 22:48:32.436  1681  2128 D ConnectivityService: NetReassign [no changes]
05-17 22:48:35.479  1681  2128 D ConnectivityService: NetReassign [no changes]
05-17 22:48:36.282  1681  1818 I ActivityManager: Killing 19781:com.taobao.idlefish/u0a300 (adj 955): excessive cpu 6040 during 300052 dur=4817188 limit=2
05-17 22:48:36.345  1681  4130 D ConnectivityService: ConnectivityService NetworkRequestInfo binderDied(NetworkRequest [ TRACK_DEFAULT id=260, [ Capabilities: INTERNET&NOT_RESTRICTED&TRUSTED Uid: 10300 AdministratorUids: [] RequestorUid: 10300 RequestorPackageName: com.taobao.idlefish] ], android.os.BinderProxy@313e878)
05-17 22:48:36.345  1681  2128 D ConnectivityService: releasing NetworkRequest [ TRACK_DEFAULT id=260, [ Capabilities: INTERNET&NOT_RESTRICTED&TRUSTED Uid: 10300 AdministratorUids: [] RequestorUid: 10300 RequestorPackageName: com.taobao.idlefish] ] (release request)
05-17 22:48:36.346  1681  3420 W ActivityManager: Scheduling restart of crashed service com.taobao.idlefish/com.taobao.orange.service.OrangeApiService in 1000ms for connection
05-17 22:48:36.346  1681  3420 W ActivityManager: Scheduling restart of crashed service com.taobao.idlefish/mtopsdk.xstate.XStateService in 10999ms for connection
05-17 22:48:36.346  1681  3420 W ActivityManager: Scheduling restart of crashed service com.taobao.idlefish/anetwork.channel.aidl.NetworkService in 20999ms for connection
05-17 22:48:37.348  1681  1818 D CompatibilityChangeReporter: Compat change id reported: 135634846; UID 10300; state: DISABLED
05-17 22:48:37.348  1681  1819 D CompatibilityChangeReporter: Compat change id reported: 143937733; UID 10300; state: DISABLED
05-17 22:48:37.370  1681  1819 I ActivityManager: Start proc 23173:com.taobao.idlefish/u0a300 for service {com.taobao.idlefish/com.taobao.orange.service.OrangeApiService}
05-17 22:48:37.703  1681  3420 D ConnectivityService: requestNetwork for uid/pid:10300/23173 NetworkRequest [ TRACK_DEFAULT id=280, [ Capabilities: INTERNET&NOT_RESTRICTED&TRUSTED Uid: 10300 AdministratorUids: [] RequestorUid: 10300 RequestorPackageName: com.taobao.idlefish] ]
05-17 22:48:37.704  1681  2128 D ConnectivityService: NetReassign [280 : null  101]
05-17 22:48:38.489  1681  2128 D ConnectivityService: NetReassign [no changes]
05-17 22:48:38.833  1681  4130 W ActivityManager: Background start not allowed: service Intent { cmp=com.taobao.idlefish/com.taobao.process.interaction.service.RemoteCallService } to com.taobao.idlefish/com.taobao.process.interaction.service.RemoteCallService from pid=23173 uid=10300 pkg=com.taobao.idlefish startFg?=false
05-17 22:48:39.877 23173 23212 E ActivityThread: Failed to find provider info for com.vivo.push.sdk.service.SystemPushConfig
05-17 22:48:41.502  1681  2128 D ConnectivityService: NetReassign [no changes]
05-17 22:48:44.526  1681  1818 W BroadcastQueue: Background execution not allowed: receiving Intent { act=android.net.wifi.RSSI_CHANGED flg=0x4000010 (has extras) } to com.tencent.androidqqmail/com.tencent.qqmail.utilities.qmbroadcastreceiver.WifiChangeReceiver
05-17 22:48:44.555  1681  2128 D ConnectivityService: NetReassign [no changes]
05-17 22:48:46.772  1681  4130 I ActivityTaskManager: START u0 {dat=activity://link/im-home cmp=com.bilibili.app.in/com.bilibili.bplus.im.communication.HomeCommunicationActivity (has extras)} from uid 10241
05-17 22:48:46.785  1681  2367 W ActivityTaskManager: Tried to set launchTime (0) < mLastActivityLaunchTime (4734624)
05-17 22:48:47.534  1681  1818 W BroadcastQueue: Background execution not allowed: receiving Intent { act=android.net.wifi.RSSI_CHANGED flg=0x4000010 (has extras) } to com.tencent.androidqqmail/com.tencent.qqmail.utilities.qmbroadcastreceiver.WifiChangeReceiver
05-17 22:48:47.549  1681  2128 D ConnectivityService: NetReassign [no changes]
05-17 22:48:49.237  1681  2367 I ActivityTaskManager: START u0 {dat=bilibili://im/notifications?KEY_TOTAL_UNREAD_MESSAGE_COUNT=5&type=3&KEY_NOTICE_COUNT=5 cmp=com.bilibili.app.in/com.bilibili.bplus.privateletter.notification.NotificationsActivity (has extras)} from uid 10241
05-17 22:48:49.249  1681  1730 W ActivityTaskManager: Tried to set launchTime (0) < mLastActivityLaunchTime (4827692)
05-17 22:48:50.552  1681  2128 D ConnectivityService: NetReassign [no changes]
05-17 22:48:56.599  1681  2128 I chatty  : uid=1000(system) ConnectivitySer identical 2 lines
05-17 22:48:59.618  1681  2128 D ConnectivityService: NetReassign [no changes]
05-17 22:49:00.330  1681  4130 I ActivityTaskManager: START u0 {dat=bilibili://comment/detail/1/583674232/4303830774/?enterUri=bilibili://video/583674232&showEnter=1&subType=0&anchor=4576889088&scene=1&extraIntentId=0 cmp=com.bilibili.app.in/com.bilibili.app.comm.comment2.comments.view.CommentDetailActivity (has extras)} from uid 10241
05-17 22:49:00.340  1681  4130 W ActivityTaskManager: Tried to set launchTime (0) < mLastActivityLaunchTime (4830156)
05-17 22:49:02.642  1681  2128 D ConnectivityService: NetReassign [no changes]
05-17 22:49:08.701  1681  2128 I chatty  : uid=1000(system) ConnectivitySer identical 2 lines
05-17 22:49:11.728  1681  2128 D ConnectivityService: NetReassign [no changes]
05-17 22:49:12.233  1681  4130 D ConnectivityService: requestNetwork for uid/pid:10195/20618 NetworkRequest [ TRACK_DEFAULT id=281, [ Capabilities: INTERNET&NOT_RESTRICTED&TRUSTED Uid: 10195 AdministratorUids: [] RequestorUid: 10195 RequestorPackageName: com.google.android.youtube] ]
05-17 22:49:12.234  1681  2128 D ConnectivityService: NetReassign [281 : null  101]
05-17 22:49:12.260  1681  2128 D ConnectivityService: releasing NetworkRequest [ TRACK_DEFAULT id=281, [ Capabilities: INTERNET&NOT_RESTRICTED&TRUSTED Uid: 10195 AdministratorUids: [] RequestorUid: 10195 RequestorPackageName: com.google.android.youtube] ] (release request)
05-17 22:49:14.749  1681  2128 D ConnectivityService: NetReassign [no changes]
05-17 22:49:23.823  1681  2128 I chatty  : uid=1000(system) ConnectivitySer identical 3 lines
05-17 22:49:26.844  1681  2128 D ConnectivityService: NetReassign [no changes]
05-17 22:49:29.045  1681  4130 I ActivityTaskManager: START u0 {dat=bilibili://comment/detail/1/583674232/4303830774/?enterUri=bilibili://video/583674232&showEnter=1&subType=0&anchor=4434933952&scene=1&extraIntentId=0 cmp=com.bilibili.app.in/com.bilibili.app.comm.comment2.comments.view.CommentDetailActivity (has extras)} from uid 10241
05-17 22:49:29.062  1681  1730 W ActivityTaskManager: Tried to set launchTime (0) < mLastActivityLaunchTime (4841248)
05-17 22:49:29.858  1681  2128 D ConnectivityService: NetReassign [no changes]
05-17 22:49:32.881  1681  2128 I chatty  : uid=1000(system) ConnectivitySer identical 1 line
05-17 22:49:35.925  1681  2128 D ConnectivityService: NetReassign [no changes]
05-17 22:49:38.080  1681  4130 I ActivityTaskManager: START u0 {dat=bilibili://im/conversation?reciveid=12076317&conversation_type=1 cmp=com.bilibili.app.in/com.bilibili.bplus.im.conversation.ConversationActivity (has extras)} from uid 10241
05-17 22:49:38.095  1681  4130 W ActivityTaskManager: Tried to set launchTime (0) < mLastActivityLaunchTime (4869969)
05-17 22:49:38.950  1681  2128 D ConnectivityService: NetReassign [no changes]
05-17 22:49:40.383  1681  4130 I ActivityTaskManager: START u0 {dat=bilibili://im/notifications?KEY_TOTAL_UNREAD_MESSAGE_COUNT=5&type=3&KEY_NOTICE_COUNT=0 cmp=com.bilibili.app.in/com.bilibili.bplus.privateletter.notification.NotificationsActivity (has extras)} from uid 10241
05-17 22:49:40.396  1681  2415 W ActivityTaskManager: Tried to set launchTime (0) < mLastActivityLaunchTime (4879003)
05-17 22:49:41.268  1681  4130 I ActivityTaskManager: START u0 {dat=bilibili://comment/detail/1/583674232/4303830774/?enterUri=bilibili://video/583674232&showEnter=1&subType=0&anchor=4565576094&scene=1&extraIntentId=0 cmp=com.bilibili.app.in/com.bilibili.app.comm.comment2.comments.view.CommentDetailActivity (has extras)} from uid 10241
05-17 22:49:41.282  1681  4130 W ActivityTaskManager: Tried to set launchTime (0) < mLastActivityLaunchTime (4881304)
05-17 22:49:41.972  1681  2128 D ConnectivityService: NetReassign [no changes]
05-17 22:49:44.235  1681  4130 D ContentCapturePerUserService: Notified activity assist data for activity: Token{a11374b ActivityRecord{72f9528 u0 com.bilibili.app.in/com.bilibili.app.comm.comment2.comments.view.CommentDetailActivity t5431}} without a session Id
05-17 22:49:44.984  1681  2128 D ConnectivityService: NetReassign [no changes]
05-17 22:49:49.398  1681  1787 I ActivityManager: Killing 25731:com.google.android.dialer/u0a152 (adj 999): empty for 1800s
05-17 22:49:49.461  1681  4129 D ConnectivityService: ConnectivityService NetworkRequestInfo binderDied(NetworkRequest [ TRACK_DEFAULT id=191, [ Capabilities: INTERNET&NOT_RESTRICTED&TRUSTED Uid: 10152 AdministratorUids: [] RequestorUid: 10152 RequestorPackageName: com.google.android.dialer] ], android.os.BinderProxy@e10687b)
05-17 22:49:49.461  1681  3004 D ConnectivityService: ConnectivityService NetworkRequestInfo binderDied(NetworkRequest [ LISTEN id=192, [ Capabilities: INTERNET&NOT_RESTRICTED&TRUSTED Uid: 10152 AdministratorUids: [] RequestorUid: 10152 RequestorPackageName: com.google.android.dialer] ], android.os.BinderProxy@3bcc80a)
05-17 22:49:49.461  1681  2128 D ConnectivityService: releasing NetworkRequest [ TRACK_DEFAULT id=191, [ Capabilities: INTERNET&NOT_RESTRICTED&TRUSTED Uid: 10152 AdministratorUids: [] RequestorUid: 10152 RequestorPackageName: com.google.android.dialer] ] (release request)
05-17 22:49:49.464  1681  1787 W ActivityManager: setHasOverlayUi called on unknown pid: 25731
05-17 22:49:50.715  1681  4115 I ActivityTaskManager: START u0 {dat=bilibili://comment/detail/1/583674232/4303830774/?enterUri=bilibili://video/583674232&showEnter=1&subType=0&anchor=4560685755&scene=1&extraIntentId=0 cmp=com.bilibili.app.in/com.bilibili.app.comm.comment2.comments.view.CommentDetailActivity (has extras)} from uid 10241
05-17 22:49:50.729  1681  4241 W ActivityTaskManager: Tried to set launchTime (0) < mLastActivityLaunchTime (4882189)
05-17 22:49:51.014  1681  1818 W BroadcastQueue: Background execution not allowed: receiving Intent { act=android.net.wifi.RSSI_CHANGED flg=0x4000010 (has extras) } to com.tencent.androidqqmail/com.tencent.qqmail.utilities.qmbroadcastreceiver.WifiChangeReceiver
05-17 22:49:52.948  1681  2637 I ActivityTaskManager: START u0 {dat=bilibili://comment/detail/1/583674232/4303830774/?enterUri=bilibili://video/583674232&showEnter=1&subType=0&anchor=4560685755&scene=1&extraIntentId=0 cmp=com.bilibili.app.in/com.bilibili.app.comm.comment2.comments.view.CommentDetailActivity (has extras)} from uid 10241
05-17 22:49:52.957  1681  1731 W ActivityTaskManager: Tried to set launchTime (0) < mLastActivityLaunchTime (4891638)
05-17 22:49:54.035  1681  2128 D ConnectivityService: NetReassign [21 : 101  100, 280 : 101  100, 10 : 101  100, 125 : 101  100, 177 : 101  100, 173 : 101  100, 44 : 101  100, 12 : 101  100, 223 : 101  100, 219 : 101  100, 9 : 101  100, 210 : 101  100, 264 : 101  100, 43 : 101  100, 47 : 101  100, 254 : 101  100, 206 : 101  100, 259 : 101  100, 179 : 101  100, 28 : 101  100, 265 : 101  100, 261 : 101  100, 221 : 101  100, 226 : 101  100, 15 : 101  100, 174 : 101  100, 253 : 101  100, 266 : 101  100, 262 : 101  100, 1 : 101  100, 16 : 101  100, 37 : 101  100, 58 : 101  100]
05-17 22:49:54.039   929   954 E NetlinkEvent: NetlinkEvent::FindParam(): Parameter 'INTERFACE' not found
05-17 22:49:54.039   929   954 E NetlinkEvent: NetlinkEvent::FindParam(): Parameter 'STATE' not found
05-17 22:49:54.039   929   954 E NetlinkEvent: NetlinkEvent::FindParam(): Parameter 'TIME_NS' not found
05-17 22:49:54.039   929   954 E NetlinkEvent: NetlinkEvent::FindParam(): Parameter 'UID' not found
05-17 22:49:54.043  1681  2128 D ConnectivityService: Switching to new default network: NetworkAgentInfo{ ni{[type: MOBILE[UNKNOWN], state: CONNECTED/CONNECTED, reason: (unspecified), extra: cmnet, failover: false, available: true, roaming: false]}  network{100}  nethandle{432902426637}  lp{{InterfaceName: rmnet_data1 LinkAddresses: [ 10.39.171.139/29 ] DnsAddresses: [ /211.137.130.2,/211.137.130.4 ] Domains: null MTU: 1500 TcpBufferSizes: 524288,1048576,8388608,262144,524288,4194304 Routes: [ 0.0.0.0/0 -> 10.39.171.140 rmnet_data1 mtu 1500,10.39.171.136/29 -> 0.0.0.0 rmnet_data1 mtu 0 ]}}  nc{[ Transports: CELLULAR Capabilities: SUPL&INTERNET&NOT_RESTRICTED&TRUSTED&NOT_VPN&VALIDATED&NOT_ROAMING&FOREGROUND&NOT_CONGESTED&NOT_SUSPENDED LinkUpBandwidth>=15000Kbps LinkDnBandwidth>=30000Kbps Specifier: <TelephonyNetworkSpecifier [mSubId = 2]> AdministratorUids: [] RequestorUid: -1 RequestorPackageName: null]}  Score{50}  everValidated{true}  lastValidated{true}  created{true} lingering{false} explicitlySelected{false} acceptUnvalidated{false} everCaptivePortalDetected{false} lastCaptivePortalDetected{false} partialConnectivity{false} acceptPartialConnectivity{false} clat{mBaseIface: null, mIface: null, mState: IDLE} }
05-17 22:49:54.098  1681  2128 D ConnectivityService: Lingering [101 WIFI] for 30000ms
05-17 22:49:54.115  1681  2128 D ConnectivityService: Sending DISCONNECTED broadcast for type 1 [101 WIFI] isDefaultNetwork=true
05-17 22:49:54.121  1681  2128 D ConnectivityService: Sending CONNECTED broadcast for type 0 [100 CELLULAR] isDefaultNetwork=true
05-17 22:49:54.714  1681  2402 D CompatibilityChangeReporter: Compat change id reported: 124107808; UID 10294; state: DISABLED
05-17 22:49:54.811  1681  2402 E PackageDexUsage: Unsupported context?
05-17 22:49:56.758 15554 18917 E ActivityThread: Failed to find provider info for com.android.badge
05-17 22:50:00.078  1681  1818 W BroadcastQueue: Background execution not allowed: receiving Intent { act=android.net.wifi.RSSI_CHANGED flg=0x4000010 (has extras) } to com.tencent.androidqqmail/com.tencent.qqmail.utilities.qmbroadcastreceiver.WifiChangeReceiver
05-17 22:50:00.308  1681  2406 I ActivityTaskManager: START u0 {dat=https://space.bilibili.com/... cmp=com.bilibili.app.in/tv.danmaku.bili.ui.webview.MWebActivity (has extras)} from uid 10241
05-17 22:50:00.317  1681  1787 D CompatibilityChangeReporter: Compat change id reported: 135634846; UID 10241; state: DISABLED
05-17 22:50:00.319  1681  1819 D CompatibilityChangeReporter: Compat change id reported: 143937733; UID 10241; state: ENABLED
05-17 22:50:00.349  1681  1819 I ActivityManager: Start proc 23914:com.bilibili.app.in:web/u0a241 for pre-top-activity {com.bilibili.app.in/tv.danmaku.bili.ui.webview.MWebActivity}
05-17 22:50:00.460 23914 23914 E LoadedApk: Unable to instantiate appComponentFactory
05-17 22:50:00.460 23914 23914 E LoadedApk: java.lang.ClassNotFoundException: Didn't find class "android.support.v4.app.CoreComponentFactory" on path: DexPathList[[zip file "/data/app/~~b1CrgLsS814eB-5rNGrkzw==/com.bilibili.app.in-ZwePhLHyZH7PpMAioyXKAA==/base.apk", zip file "/data/app/~~b1CrgLsS814eB-5rNGrkzw==/com.bilibili.app.in-ZwePhLHyZH7PpMAioyXKAA==/split_config.arm64_v8a.apk", zip file "/data/app/~~b1CrgLsS814eB-5rNGrkzw==/com.bilibili.app.in-ZwePhLHyZH7PpMAioyXKAA==/split_config.en.apk", zip file "/data/app/~~b1CrgLsS814eB-5rNGrkzw==/com.bilibili.app.in-ZwePhLHyZH7PpMAioyXKAA==/split_config.ja.apk", zip file "/data/app/~~b1CrgLsS814eB-5rNGrkzw==/com.bilibili.app.in-ZwePhLHyZH7PpMAioyXKAA==/split_config.xxhdpi.apk", zip file "/data/app/~~b1CrgLsS814eB-5rNGrkzw==/com.bilibili.app.in-ZwePhLHyZH7PpMAioyXKAA==/split_config.zh.apk"],nativeLibraryDirectories=[/data/app/~~b1CrgLsS814eB-5rNGrkzw==/com.bilibili.app.in-ZwePhLHyZH7PpMAioyXKAA==/lib/arm64, /data/app/~~b1CrgLsS814eB-5rNGrkzw==/com.bilibili.app.in-ZwePhLHyZH7PpMAioyXKAA==/base.apk!/lib/arm64-v8a, /data/app/~~b1CrgLsS814eB-5rNGrkzw==/com.bilibili.app.in-ZwePhLHyZH7PpMAioyXKAA==/split_config.arm64_v8a.apk!/lib/arm64-v8a, /data/app/~~b1CrgLsS814eB-5rNGrkzw==/com.bilibili.app.in-ZwePhLHyZH7PpMAioyXKAA==/split_config.en.apk!/lib/arm64-v8a, /data/app/~~b1CrgLsS814eB-5rNGrkzw==/com.bilibili.app.in-ZwePhLHyZH7PpMAioyXKAA==/split_config.ja.apk!/lib/arm64-v8a, /data/app/~~b1CrgLsS814eB-5rNGrkzw==/com.bilibili.app.in-ZwePhLHyZH7PpMAioyXKAA==/split_config.xxhdpi.apk!/lib/arm64-v8a, /data/app/~~b1CrgLsS814eB-5rNGrkzw==/com.bilibili.app.in-ZwePhLHyZH7PpMAioyXKAA==/split_config.zh.apk!/lib/arm64-v8a, /system/lib64, /system_ext/lib64, /product/lib64]]
05-17 22:50:00.460 23914 23914 E LoadedApk: 	at dalvik.system.BaseDexClassLoader.findClass(BaseDexClassLoader.java:207)
05-17 22:50:00.460 23914 23914 E LoadedApk: 	at java.lang.ClassLoader.loadClass(ClassLoader.java:379)
05-17 22:50:00.460 23914 23914 E LoadedApk: 	at java.lang.ClassLoader.loadClass(ClassLoader.java:312)
05-17 22:50:00.460 23914 23914 E LoadedApk: 	at android.app.LoadedApk.createAppFactory(LoadedApk.java:260)
05-17 22:50:00.460 23914 23914 E LoadedApk: 	at android.app.LoadedApk.createOrUpdateClassLoaderLocked(LoadedApk.java:902)
05-17 22:50:00.460 23914 23914 E LoadedApk: 	at android.app.LoadedApk.getClassLoader(LoadedApk.java:982)
05-17 22:50:00.460 23914 23914 E LoadedApk: 	at android.app.LoadedApk.getResources(LoadedApk.java:1214)
05-17 22:50:00.460 23914 23914 E LoadedApk: 	at android.app.ContextImpl.createAppContext(ContextImpl.java:2663)
05-17 22:50:00.460 23914 23914 E LoadedApk: 	at android.app.ContextImpl.createAppContext(ContextImpl.java:2655)
05-17 22:50:00.460 23914 23914 E LoadedApk: 	at android.app.ActivityThread.handleBindApplication(ActivityThread.java:6598)
05-17 22:50:00.460 23914 23914 E LoadedApk: 	at android.app.ActivityThread.access$1300(ActivityThread.java:237)
05-17 22:50:00.460 23914 23914 E LoadedApk: 	at android.app.ActivityThread$H.handleMessage(ActivityThread.java:1913)
05-17 22:50:00.460 23914 23914 E LoadedApk: 	at android.os.Handler.dispatchMessage(Handler.java:106)
05-17 22:50:00.460 23914 23914 E LoadedApk: 	at android.os.Looper.loop(Looper.java:223)
05-17 22:50:00.460 23914 23914 E LoadedApk: 	at android.app.ActivityThread.main(ActivityThread.java:7660)
05-17 22:50:00.460 23914 23914 E LoadedApk: 	at java.lang.reflect.Method.invoke(Native Method)
05-17 22:50:00.460 23914 23914 E LoadedApk: 	at com.android.internal.os.RuntimeInit$MethodAndArgsCaller.run(RuntimeInit.java:592)
05-17 22:50:00.460 23914 23914 E LoadedApk: 	at com.android.internal.os.ZygoteInit.main(ZygoteInit.java:947)
05-17 22:50:00.460 23914 23914 E LoadedApk: 	Suppressed: java.io.IOException: No original dex files found for dex location (arm64) /data/app/~~b1CrgLsS814eB-5rNGrkzw==/com.bilibili.app.in-ZwePhLHyZH7PpMAioyXKAA==/split_config.arm64_v8a.apk
05-17 22:50:00.460 23914 23914 E LoadedApk: 		at dalvik.system.DexFile.openDexFileNative(Native Method)
05-17 22:50:00.460 23914 23914 E LoadedApk: 		at dalvik.system.DexFile.openDexFile(DexFile.java:367)
05-17 22:50:00.460 23914 23914 E LoadedApk: 		at dalvik.system.DexFile.<init>(DexFile.java:109)
05-17 22:50:00.460 23914 23914 E LoadedApk: 		at dalvik.system.DexFile.<init>(DexFile.java:82)
05-17 22:50:00.460 23914 23914 E LoadedApk: 		at dalvik.system.DexPathList.loadDexFile(DexPathList.java:439)
05-17 22:50:00.460 23914 23914 E LoadedApk: 		at dalvik.system.DexPathList.makeDexElements(DexPathList.java:398)
05-17 22:50:00.460 23914 23914 E LoadedApk: 		at dalvik.system.DexPathList.<init>(DexPathList.java:166)
05-17 22:50:00.460 23914 23914 E LoadedApk: 		at dalvik.system.BaseDexClassLoader.<init>(BaseDexClassLoader.java:129)
05-17 22:50:00.460 23914 23914 E LoadedApk: 		at dalvik.system.BaseDexClassLoader.<init>(BaseDexClassLoader.java:104)
05-17 22:50:00.460 23914 23914 E LoadedApk: 		at dalvik.system.PathClassLoader.<init>(PathClassLoader.java:74)
05-17 22:50:00.460 23914 23914 E LoadedApk: 		at com.android.internal.os.ClassLoaderFactory.createClassLoader(ClassLoaderFactory.java:87)
05-17 22:50:00.460 23914 23914 E LoadedApk: 		at com.android.internal.os.ClassLoaderFactory.createClassLoader(ClassLoaderFactory.java:116)
05-17 22:50:00.460 23914 23914 E LoadedApk: 		at android.app.ApplicationLoaders.getClassLoader(ApplicationLoaders.java:114)
05-17 22:50:00.460 23914 23914 E LoadedApk: 		at android.app.ApplicationLoaders.getClassLoaderWithSharedLibraries(ApplicationLoaders.java:60)
05-17 22:50:00.460 23914 23914 E LoadedApk: 		at android.app.LoadedApk.createOrUpdateClassLoaderLocked(LoadedApk.java:898)
05-17 22:50:00.460 23914 23914 E LoadedApk: 		... 13 more
05-17 22:50:00.460 23914 23914 E LoadedApk: 	Suppressed: java.io.IOException: No original dex files found for dex location (arm64) /data/app/~~b1CrgLsS814eB-5rNGrkzw==/com.bilibili.app.in-ZwePhLHyZH7PpMAioyXKAA==/split_config.en.apk
05-17 22:50:00.460 23914 23914 E LoadedApk: 		at dalvik.system.DexFile.openDexFileNative(Native Method)
05-17 22:50:00.460 23914 23914 E LoadedApk: 		at dalvik.system.DexFile.openDexFile(DexFile.java:367)
05-17 22:50:00.460 23914 23914 E LoadedApk: 		at dalvik.system.DexFile.<init>(DexFile.java:109)
05-17 22:50:00.460 23914 23914 E LoadedApk: 		at dalvik.system.DexFile.<init>(DexFile.java:82)
05-17 22:50:00.460 23914 23914 E LoadedApk: 		at dalvik.system.DexPathList.loadDexFile(DexPathList.java:439)
05-17 22:50:00.460 23914 23914 E LoadedApk: 		at dalvik.system.DexPathList.makeDexElements(DexPathList.java:398)
05-17 22:50:00.460 23914 23914 E LoadedApk: 		at dalvik.system.DexPathList.<init>(DexPathList.java:166)
05-17 22:50:00.460 23914 23914 E LoadedApk: 		at dalvik.system.BaseDexClassLoader.<init>(BaseDexClassLoader.java:129)
05-17 22:50:00.460 23914 23914 E LoadedApk: 		at dalvik.system.BaseDexClassLoader.<init>(BaseDexClassLoader.java:104)
05-17 22:50:00.460 23914 23914 E LoadedApk: 		at dalvik.system.PathClassLoader.<init>(PathClassLoader.java:74)
05-17 22:50:00.460 23914 23914 E LoadedApk: 		at com.android.internal.os.ClassLoaderFactory.createClassLoader(ClassLoaderFactory.java:87)
05-17 22:50:00.460 23914 23914 E LoadedApk: 		at com.android.internal.os.ClassLoaderFactory.createClassLoader(ClassLoaderFactory.java:116)
05-17 22:50:00.460 23914 23914 E LoadedApk: 		at android.app.ApplicationLoaders.getClassLoader(ApplicationLoaders.java:114)
05-17 22:50:00.460 23914 23914 E LoadedApk: 		at android.app.ApplicationLoaders.getClassLoaderWithSharedLibraries(ApplicationLoaders.java:60)
05-17 22:50:00.460 23914 23914 E LoadedApk: 		at android.app.LoadedApk.createOrUpdateClassLoaderLocked(LoadedApk.java:898)
05-17 22:50:00.460 23914 23914 E LoadedApk: 		... 13 more
05-17 22:50:00.460 23914 23914 E LoadedApk: 	Suppressed: java.io.IOException: No original dex files found for dex location (arm64) /data/app/~~b1CrgLsS814eB-5rNGrkzw==/com.bilibili.app.in-ZwePhLHyZH7PpMAioyXKAA==/split_config.ja.apk
05-17 22:50:00.460 23914 23914 E LoadedApk: 		at dalvik.system.DexFile.openDexFileNative(Native Method)
05-17 22:50:00.460 23914 23914 E LoadedApk: 		at dalvik.system.DexFile.openDexFile(DexFile.java:367)
05-17 22:50:00.460 23914 23914 E LoadedApk: 		at dalvik.system.DexFile.<init>(DexFile.java:109)
05-17 22:50:00.460 23914 23914 E LoadedApk: 		at dalvik.system.DexFile.<init>(DexFile.java:82)
05-17 22:50:00.460 23914 23914 E LoadedApk: 		at dalvik.system.DexPathList.loadDexFile(DexPathList.java:439)
05-17 22:50:00.460 23914 23914 E LoadedApk: 		at dalvik.system.DexPathList.makeDexElements(DexPathList.java:398)
05-17 22:50:00.460 23914 23914 E LoadedApk: 		at dalvik.system.DexPathList.<init>(DexPathList.java:166)
05-17 22:50:00.460 23914 23914 E LoadedApk: 		at dalvik.system.BaseDexClassLoader.<init>(BaseDexClassLoader.java:129)
05-17 22:50:00.460 23914 23914 E LoadedApk: 		at dalvik.system.BaseDexClassLoader.<init>(BaseDexClassLoader.java:104)
05-17 22:50:00.460 23914 23914 E LoadedApk: 		at dalvik.system.PathClassLoader.<init>(PathClassLoader.java:74)
05-17 22:50:00.460 23914 23914 E LoadedApk: 		at com.android.internal.os.ClassLoaderFactory.createClassLoader(ClassLoaderFactory.java:87)
05-17 22:50:00.460 23914 23914 E LoadedApk: 		at com.android.internal.os.ClassLoaderFactory.createClassLoader(ClassLoaderFactory.java:116)
05-17 22:50:00.460 23914 23914 E LoadedApk: 		at android.app.ApplicationLoaders.getClassLoader(ApplicationLoaders.java:114)
05-17 22:50:00.460 23914 23914 E LoadedApk: 		at android.app.ApplicationLoaders.getClassLoaderWithSharedLibraries(ApplicationLoaders.java:60)
05-17 22:50:00.460 23914 23914 E LoadedApk: 		at android.app.LoadedApk.createOrUpdateClassLoaderLocked(LoadedApk.java:898)
05-17 22:50:00.460 23914 23914 E LoadedApk: 		... 13 more
05-17 22:50:00.460 23914 23914 E LoadedApk: 	Suppressed: java.io.IOException: No original dex files found for dex location (arm64) /data/app/~~b1CrgLsS814eB-5rNGrkzw==/com.bilibili.app.in-ZwePhLHyZH7PpMAioyXKAA==/split_config.xxhdpi.apk
05-17 22:50:00.460 23914 23914 E LoadedApk: 		at dalvik.system.DexFile.openDexFileNative(Native Method)
05-17 22:50:00.460 23914 23914 E LoadedApk: 		at dalvik.system.DexFile.openDexFile(DexFile.java:367)
05-17 22:50:00.460 23914 23914 E LoadedApk: 		at dalvik.system.DexFile.<init>(DexFile.java:109)
05-17 22:50:00.460 23914 23914 E LoadedApk: 		at dalvik.system.DexFile.<init>(DexFile.java:82)
05-17 22:50:00.460 23914 23914 E LoadedApk: 		at dalvik.system.DexPathList.loadDexFile(DexPathList.java:439)
05-17 22:50:00.460 23914 23914 E LoadedApk: 		at dalvik.system.DexPathList.makeDexElements(DexPathList.java:398)
05-17 22:50:00.460 23914 23914 E LoadedApk: 		at dalvik.system.DexPathList.<init>(DexPathList.java:166)
05-17 22:50:00.460 23914 23914 E LoadedApk: 		at dalvik.system.BaseDexClassLoader.<init>(BaseDexClassLoader.java:129)
05-17 22:50:00.460 23914 23914 E LoadedApk: 		at dalvik.system.BaseDexClassLoader.<init>(BaseDexClassLoader.java:104)
05-17 22:50:00.460 23914 23914 E LoadedApk: 		at dalvik.system.PathClassLoader.<init>(PathClassLoader.java:74)
05-17 22:50:00.460 23914 23914 E LoadedApk: 		at com.android.internal.os.ClassLoaderFactory.createClassLoader(ClassLoaderFactory.java:87)
05-17 22:50:00.460 23914 23914 E LoadedApk: 		at com.android.internal.os.ClassLoaderFactory.createClassLoader(ClassLoaderFactory.java:116)
05-17 22:50:00.460 23914 23914 E LoadedApk: 		at android.app.ApplicationLoaders.getClassLoader(ApplicationLoaders.java:114)
05-17 22:50:00.460 23914 23914 E LoadedApk: 		at android.app.ApplicationLoaders.getClassLoaderWithSharedLibraries(ApplicationLoaders.java:60)
05-17 22:50:00.460 23914 23914 E LoadedApk: 		at android.app.LoadedApk.createOrUpdateClassLoaderLocked(LoadedApk.java:898)
05-17 22:50:00.460 23914 23914 E LoadedApk: 		... 13 more
05-17 22:50:00.460 23914 23914 E LoadedApk: 	Suppressed: java.io.IOException: No original dex files found for dex location (arm64) /data/app/~~b1CrgLsS814eB-5rNGrkzw==/com.bilibili.app.in-ZwePhLHyZH7PpMAioyXKAA==/split_config.zh.apk
05-17 22:50:00.460 23914 23914 E LoadedApk: 		at dalvik.system.DexFile.openDexFileNative(Native Method)
05-17 22:50:00.460 23914 23914 E LoadedApk: 		at dalvik.system.DexFile.openDexFile(DexFile.java:367)
05-17 22:50:00.460 23914 23914 E LoadedApk: 		at dalvik.system.DexFile.<init>(DexFile.java:109)
05-17 22:50:00.460 23914 23914 E LoadedApk: 		at dalvik.system.DexFile.<init>(DexFile.java:82)
05-17 22:50:00.460 23914 23914 E LoadedApk: 		at dalvik.system.DexPathList.loadDexFile(DexPathList.java:439)
05-17 22:50:00.460 23914 23914 E LoadedApk: 		at dalvik.system.DexPathList.makeDexElements(DexPathList.java:398)
05-17 22:50:00.460 23914 23914 E LoadedApk: 		at dalvik.system.DexPathList.<init>(DexPathList.java:166)
05-17 22:50:00.460 23914 23914 E LoadedApk: 		at dalvik.system.BaseDexClassLoader.<init>(BaseDexClassLoader.java:129)
05-17 22:50:00.460 23914 23914 E LoadedApk: 		at dalvik.system.BaseDexClassLoader.<init>(BaseDexClassLoader.java:104)
05-17 22:50:00.460 23914 23914 E LoadedApk: 		at dalvik.system.PathClassLoader.<init>(PathClassLoader.java:74)
05-17 22:50:00.460 23914 23914 E LoadedApk: 		at com.android.internal.os.ClassLoaderFactory.createClassLoader(ClassLoaderFactory.java:87)
05-17 22:50:00.460 23914 23914 E LoadedApk: 		at com.android.internal.os.ClassLoaderFactory.createClassLoader(ClassLoaderFactory.java:116)
05-17 22:50:00.460 23914 23914 E LoadedApk: 		at android.app.ApplicationLoaders.getClassLoader(ApplicationLoaders.java:114)
05-17 22:50:00.460 23914 23914 E LoadedApk: 		at android.app.ApplicationLoaders.getClassLoaderWithSharedLibraries(ApplicationLoaders.java:60)
05-17 22:50:00.460 23914 23914 E LoadedApk: 		at android.app.LoadedApk.createOrUpdateClassLoaderLocked(LoadedApk.java:898)
05-17 22:50:00.460 23914 23914 E LoadedApk: 		... 13 more
05-17 22:50:00.569  1681  3426 D ConnectivityService: requestNetwork for uid/pid:10241/23914 NetworkRequest [ TRACK_DEFAULT id=282, [ Capabilities: INTERNET&NOT_RESTRICTED&TRUSTED Uid: 10241 AdministratorUids: [] RequestorUid: 10241 RequestorPackageName: com.bilibili.app.in] ]
05-17 22:50:00.569  1681  2128 D ConnectivityService: NetReassign [282 : null  100]
05-17 22:50:00.573  1681  2128 D ConnectivityService: NetReassign [no changes]
05-17 22:50:00.806  1681  3426 D CompatibilityChangeReporter: Compat change id reported: 135634846; UID 10184; state: DISABLED
05-17 22:50:00.806  1681  1819 D CompatibilityChangeReporter: Compat change id reported: 143937733; UID 10184; state: ENABLED
05-17 22:50:00.817  1681  1819 I ActivityManager: Start proc 23969:com.google.android.webview:webview_service/u0a184 for service {com.google.android.webview/org.chromium.android_webview.services.VariationsSeedServer}
05-17 22:50:00.843  1681  3426 D CompatibilityChangeReporter: Compat change id reported: 136274596; UID 10241; state: ENABLED
05-17 22:50:00.847  1681  4130 D CompatibilityChangeReporter: Compat change id reported: 135634846; UID 10241; state: DISABLED
05-17 22:50:00.847  1681  1819 D CompatibilityChangeReporter: Compat change id reported: 143937733; UID 10241; state: ENABLED
05-17 22:50:00.867  1681  1819 I ActivityManager: Start proc 23991:com.google.android.webview:sandboxed_process0:org.chromium.content.app.SandboxedProcessService0:0/u0i20 for  {com.bilibili.app.in/org.chromium.content.app.SandboxedProcessService0:0}
05-17 22:50:00.876  1681  4130 D CompatibilityChangeReporter: Compat change id reported: 136274596; UID 10241; state: ENABLED
05-17 22:50:01.024  1681  4247 D ConnectivityService: requestNetwork for uid/pid:10241/23914 NetworkRequest [ TRACK_DEFAULT id=284, [ Capabilities: INTERNET&NOT_RESTRICTED&TRUSTED Uid: 10241 AdministratorUids: [] RequestorUid: 10241 RequestorPackageName: com.bilibili.app.in] ]
05-17 22:50:01.024  1681  2128 D ConnectivityService: NetReassign [284 : null  100]
05-17 22:50:01.027  1681  2128 D ConnectivityService: NetReassign [no changes]
05-17 22:50:01.163  1681  4247 E PackageDexUsage: Unsupported context?
05-17 22:50:03.095  1681  1818 W BroadcastQueue: Background execution not allowed: receiving Intent { act=android.net.wifi.RSSI_CHANGED flg=0x4000010 (has extras) } to com.tencent.androidqqmail/com.tencent.qqmail.utilities.qmbroadcastreceiver.WifiChangeReceiver
05-17 22:50:03.107  1681  2128 D ConnectivityService: NetReassign [no changes]
05-17 22:50:04.421  1681  3426 I ActivityTaskManager: START u0 {dat=https://space.bilibili.com/... cmp=com.bilibili.app.in/com.bilibili.app.authorspace.ui.AuthorSpaceActivity (has extras)} from uid 10241
05-17 22:50:04.432  1681  3430 W ActivityTaskManager: Tried to set launchTime (0) < mLastActivityLaunchTime (4893865)
05-17 22:50:04.568  4243  4370 E ActivityThread: Failed to find provider info for com.huawei.android.launcher.settings
05-17 22:50:06.131  1681  2128 D ConnectivityService: NetReassign [no changes]
05-17 22:50:09.151  1681  1818 W BroadcastQueue: Background execution not allowed: receiving Intent { act=android.net.wifi.RSSI_CHANGED flg=0x4000010 (has extras) } to com.tencent.androidqqmail/com.tencent.qqmail.utilities.qmbroadcastreceiver.WifiChangeReceiver
05-17 22:50:09.163  1681  2128 D ConnectivityService: NetReassign [21 : 100  101, 280 : 100  101, 10 : 100  101, 125 : 100  101, 177 : 100  101, 173 : 100  101, 44 : 100  101, 12 : 100  101, 223 : 100  101, 219 : 100  101, 284 : 100  101, 9 : 100  101, 210 : 100  101, 282 : 100  101, 264 : 100  101, 43 : 100  101, 47 : 100  101, 254 : 100  101, 206 : 100  101, 259 : 100  101, 179 : 100  101, 28 : 100  101, 265 : 100  101, 261 : 100  101, 221 : 100  101, 226 : 100  101, 15 : 100  101, 174 : 100  101, 253 : 100  101, 266 : 100  101, 262 : 100  101, 1 : 100  101, 16 : 100  101, 37 : 100  101, 58 : 100  101]
05-17 22:50:09.167   929   954 E NetlinkEvent: NetlinkEvent::FindParam(): Parameter 'INTERFACE' not found
05-17 22:50:09.167   929   954 E NetlinkEvent: NetlinkEvent::FindParam(): Parameter 'STATE' not found
05-17 22:50:09.167   929   954 E NetlinkEvent: NetlinkEvent::FindParam(): Parameter 'TIME_NS' not found
05-17 22:50:09.167   929   954 E NetlinkEvent: NetlinkEvent::FindParam(): Parameter 'UID' not found
05-17 22:50:09.176  1681  2128 D ConnectivityService: Switching to new default network: NetworkAgentInfo{ ni{[type: WIFI[], state: CONNECTED/CONNECTED, reason: (unspecified), extra: , failover: false, available: true, roaming: false]}  network{101}  nethandle{437197393933}  lp{{InterfaceName: wlan0 LinkAddresses: [ fe80::6e:ddff:fe3e:4454/64,192.168.1.45/24,2409:8a70:54f:7010:6e:ddff:fe3e:4454/64,2409:8a70:54f:7010:1c44:b309:5635:69ed/64 ] DnsAddresses: [ /119.29.29.29,/235.5.5.5 ] Domains: null MTU: 0 TcpBufferSizes: 524288,2097152,8388608,262144,524288,4194304 Routes: [ fe80::/64 -> :: wlan0 mtu 0,::/0 -> fe80::1 wlan0 mtu 0,2409:8a70:54f:7010::/64 -> :: wlan0 mtu 0,192.168.1.0/24 -> 0.0.0.0 wlan0 mtu 0,0.0.0.0/0 -> 192.168.1.1 wlan0 mtu 0 ]}}  nc{[ Transports: WIFI Capabilities: NOT_METERED&INTERNET&NOT_RESTRICTED&TRUSTED&NOT_VPN&VALIDATED&NOT_ROAMING&FOREGROUND&NOT_CONGESTED&NOT_SUSPENDED LinkUpBandwidth>=4915Kbps LinkDnBandwidth>=89375Kbps SignalStrength: -66 OwnerUid: 1000 SSID: "CMCC-youmehe" RequestorUid: -1 RequestorPackageName: null]}  Score{53}  everValidated{true}  lastValidated{true}  created{true} lingering{true} explicitlySelected{false} acceptUnvalidated{false} everCaptivePortalDetected{false} lastCaptivePortalDetected{false} partialConnectivity{false} acceptPartialConnectivity{false} clat{mBaseIface: null, mIface: null, mState: IDLE} }
05-17 22:50:09.253  1681  2128 D ConnectivityService: Unlingering [101 WIFI]
05-17 22:50:09.254  1681  2128 D ConnectivityService: Sending DISCONNECTED broadcast for type 0 [100 CELLULAR] isDefaultNetwork=true
05-17 22:50:09.260  1681  2128 D ConnectivityService: Sending CONNECTED broadcast for type 1 [101 WIFI] isDefaultNetwork=true
05-17 22:50:09.271   995   995 I vendor.google.wifi_ext@1.0-service-vendor: Wifi: Setting SAR Scenario to 3
05-17 22:50:09.408  1681  2128 D ConnectivityService: reportNetworkConnectivity(101, false) by 10143
05-17 22:50:09.979  1681  1818 W BroadcastQueue: Background execution not allowed: receiving Intent { act=android.net.conn.NETWORK_CONDITIONS_MEASURED flg=0x10 (has extras) } to com.google.android.gms/.chimera.GmsIntentOperationService$PersistentTrustedReceiver
05-17 22:50:09.983  1681  2128 D ConnectivityService: [101 WIFI] validation passed
05-17 22:50:12.177  1681  2128 D ConnectivityService: NetReassign [no changes]
